<html>
<body>
<pre>
<h1>礦ision Build Log</h1>
<h2>Tool Versions:</h2>
IDE-Version: μVision V5.14.0.0
Copyright (C) 2015 ARM Ltd and ARM Germany GmbH. All rights reserved.
License Information: wang sdkj, wang, LIC=NQQBS-L6DPC-NALDU-SBEGR-DLA2U-NAC4K
 
Tool Versions:
Toolchain:       MDK-ARM Standard  Version: 5.14.0.0
Toolchain Path:  F:\PROGRAM FILES (X86)\Keil_v5\ARM\ARMCC\Bin
C Compiler:      Armcc.exe V5.05 update 1 (build 106)
Assembler:       Armasm.exe V5.05 update 1 (build 106)
Linker/Locator:  ArmLink.exe V5.05 update 1 (build 106)
Library Manager: ArmAr.exe V5.05 update 1 (build 106)
Hex Converter:   FromElf.exe V5.05 update 1 (build 106)
CPU DLL:         SARMCM3.DLL V5.14.0.0
Dialog DLL:      DARMSTM.DLL V1.65.0.0
Target DLL:      STLink\ST-LINKIII-KEIL_SWO.dll V2.0.14.0_KEIL
Dialog DLL:      TARMSTM.DLL V1.64.0.0
 
<h2>Project:</h2>
F:\我的\嵌入式大作业\课设\USER\alert_system.uvprojx
Project File Date:  06/20/2019

<h2>Output:</h2>
Build target 'alert_system'
compiling main.c...
main.c(485): warning:  #223-D: function "STMFLASH_Write_NoCheck" declared implicitly
                STMFLASH_Write_NoCheck(start_address,last_frame[i],OV7725_WINDOW_WIDTH);
main.c: 1 warning, 0 errors
linking...
Program Size: Code=71418 RO-data=10030 RW-data=640 ZI-data=1249952  
FromELF: creating hex file...
"..\OBJ\OV7725_OV7670.axf" - 0 Error(s), 1 Warning(s).

<h2>Collection of Component include folders:</h2>
  F:\我的\嵌入式大作业\课设\USER\RTE
  F:\PROGRAM FILES (X86)\Keil_v5\ARM\PACK\Keil\STM32F1xx_DFP\1.0.5\Device\Include

<h2>Collection of Component Files used:</h2>
</pre>
</body>
</html>
