Component: ARM Compiler 5.05 update 1 (build 106) Tool: armlink [4d0efa]

==============================================================================

Section Cross References

    main.o(i.OV7670_camera_refresh) refers to lcd.o(i.LCD_Scan_Dir) for LCD_Scan_Dir
    main.o(i.OV7670_camera_refresh) refers to lcd.o(i.LCD_Set_Window) for LCD_Set_Window
    main.o(i.OV7670_camera_refresh) refers to lcd.o(i.LCD_WriteRAM_Prepare) for LCD_WriteRAM_Prepare
    main.o(i.OV7670_camera_refresh) refers to exti.o(.data) for ov_sta
    main.o(i.OV7670_camera_refresh) refers to lcd.o(.bss) for lcddev
    main.o(i.OV7670_camera_refresh) refers to timer.o(.data) for ov_frame
    main.o(i.OV7725_camera_refresh) refers to lcd.o(i.LCD_Scan_Dir) for LCD_Scan_Dir
    main.o(i.OV7725_camera_refresh) refers to lcd.o(i.LCD_Set_Window) for LCD_Set_Window
    main.o(i.OV7725_camera_refresh) refers to lcd.o(i.LCD_WriteRAM_Prepare) for LCD_WriteRAM_Prepare
    main.o(i.OV7725_camera_refresh) refers to main.o(i.is_change_mode) for is_change_mode
    main.o(i.OV7725_camera_refresh) refers to exti.o(.data) for ov_sta
    main.o(i.OV7725_camera_refresh) refers to lcd.o(.bss) for lcddev
    main.o(i.OV7725_camera_refresh) refers to main.o(.data) for .data
    main.o(i.OV7725_camera_refresh) refers to main.o(.ARM.__AT_0x68000000) for .ARM.__AT_0x68000000
    main.o(i.OV7725_camera_refresh) refers to timer.o(.data) for ov_frame
    main.o(i.get_keynum_enter) refers to delay.o(i.delay_ms) for delay_ms
    main.o(i.get_keynum_enter) refers to touch.o(.data) for tp_dev
    main.o(i.get_keynum_enter) refers to main.o(.data) for .data
    main.o(i.get_keynum_main) refers to delay.o(i.delay_ms) for delay_ms
    main.o(i.get_keynum_main) refers to touch.o(.data) for tp_dev
    main.o(i.get_keynum_main) refers to main.o(.data) for .data
    main.o(i.get_keynum_show) refers to delay.o(i.delay_ms) for delay_ms
    main.o(i.get_keynum_show) refers to touch.o(.data) for tp_dev
    main.o(i.get_keynum_show) refers to main.o(.data) for .data
    main.o(i.is_change) refers to main.o(.data) for .data
    main.o(i.is_change_mode) refers to main.o(.data) for .data
    main.o(i.main) refers to _printf_percent.o(.ARM.Collect$$_printf_percent$$00000000) for _printf_percent
    main.o(i.main) refers to _printf_s.o(.ARM.Collect$$_printf_percent$$00000014) for _printf_s
    main.o(i.main) refers to _printf_str.o(.text) for _printf_str
    main.o(i.main) refers to _printf_d.o(.ARM.Collect$$_printf_percent$$00000009) for _printf_d
    main.o(i.main) refers to _printf_dec.o(.text) for _printf_int_dec
    main.o(i.main) refers to delay.o(i.delay_init) for delay_init
    main.o(i.main) refers to misc.o(i.NVIC_PriorityGroupConfig) for NVIC_PriorityGroupConfig
    main.o(i.main) refers to usart.o(i.uart_init) for uart_init
    main.o(i.main) refers to led.o(i.LED_Init) for LED_Init
    main.o(i.main) refers to key.o(i.KEY_Init) for KEY_Init
    main.o(i.main) refers to lcd.o(i.LCD_Init) for LCD_Init
    main.o(i.main) refers to sram.o(i.FSMC_SRAM_Init) for FSMC_SRAM_Init
    main.o(i.main) refers to adc.o(i.T_Adc_Init) for T_Adc_Init
    main.o(i.main) refers to beep.o(i.BEEP_Init) for BEEP_Init
    main.o(i.main) refers to lsens.o(i.Lsens_Init) for Lsens_Init
    main.o(i.main) refers to tpad.o(i.TPAD_Init) for TPAD_Init
    main.o(i.main) refers to main.o(i.touch_gui_login) for touch_gui_login
    main.o(i.main) refers to main.o(i.passwordIndex) for passwordIndex
    main.o(i.main) refers to lcd.o(i.LCD_ShowString) for LCD_ShowString
    main.o(i.main) refers to key.o(i.KEY_Scan) for KEY_Scan
    main.o(i.main) refers to ov7725.o(i.OV7725_Init) for OV7725_Init
    main.o(i.main) refers to delay.o(i.delay_ms) for delay_ms
    main.o(i.main) refers to lcd.o(i.LCD_Fill) for LCD_Fill
    main.o(i.main) refers to main.o(i.touch_gui_enter) for touch_gui_enter
    main.o(i.main) refers to ov7725.o(i.OV7725_Window_Set) for OV7725_Window_Set
    main.o(i.main) refers to ov7725.o(i.OV7725_Light_Mode) for OV7725_Light_Mode
    main.o(i.main) refers to ov7725.o(i.OV7725_Color_Saturation) for OV7725_Color_Saturation
    main.o(i.main) refers to ov7725.o(i.OV7725_Brightness) for OV7725_Brightness
    main.o(i.main) refers to ov7725.o(i.OV7725_Contrast) for OV7725_Contrast
    main.o(i.main) refers to ov7725.o(i.OV7725_Special_Effects) for OV7725_Special_Effects
    main.o(i.main) refers to main.o(i.get_keynum_enter) for get_keynum_enter
    main.o(i.main) refers to timer.o(i.TIM6_Int_Init) for TIM6_Int_Init
    main.o(i.main) refers to exti.o(i.EXTI8_Init) for EXTI8_Init
    main.o(i.main) refers to lcd.o(i.LCD_Clear) for LCD_Clear
    main.o(i.main) refers to ov7670.o(i.OV7670_Light_Mode) for OV7670_Light_Mode
    main.o(i.main) refers to ov7670.o(i.OV7670_Color_Saturation) for OV7670_Color_Saturation
    main.o(i.main) refers to ov7670.o(i.OV7670_Brightness) for OV7670_Brightness
    main.o(i.main) refers to ov7670.o(i.OV7670_Contrast) for OV7670_Contrast
[...]
    __rt_lib_init_return                     0x08000209   Thumb Code     0  libinit2.o(.ARM.Collect$$libinit$$00000033)
    __rt_lib_init_signal_1                   0x08000209   Thumb Code     0  libinit2.o(.ARM.Collect$$libinit$$0000001D)
    __rt_lib_init_stdio_1                    0x08000209   Thumb Code     0  libinit2.o(.ARM.Collect$$libinit$$00000025)
    __rt_lib_init_user_alloc_1               0x08000209   Thumb Code     0  libinit2.o(.ARM.Collect$$libinit$$0000000C)
    __rt_lib_shutdown                        0x0800020b   Thumb Code     0  libshutdown.o(.ARM.Collect$$libshutdown$$00000000)
    __rt_lib_shutdown_fp_trap_1              0x0800020d   Thumb Code     0  libshutdown2.o(.ARM.Collect$$libshutdown$$00000006)
    __rt_lib_shutdown_heap_1                 0x0800020d   Thumb Code     0  libshutdown2.o(.ARM.Collect$$libshutdown$$0000000E)
    __rt_lib_shutdown_return                 0x0800020d   Thumb Code     0  libshutdown2.o(.ARM.Collect$$libshutdown$$0000000F)
    __rt_lib_shutdown_signal_1               0x0800020d   Thumb Code     0  libshutdown2.o(.ARM.Collect$$libshutdown$$00000009)
    __rt_lib_shutdown_stdio_1                0x0800020d   Thumb Code     0  libshutdown2.o(.ARM.Collect$$libshutdown$$00000003)
    __rt_lib_shutdown_user_alloc_1           0x0800020d   Thumb Code     0  libshutdown2.o(.ARM.Collect$$libshutdown$$0000000B)
    __rt_entry                               0x0800020f   Thumb Code     0  __rtentry.o(.ARM.Collect$$rtentry$$00000000)
    __rt_entry_presh_1                       0x0800020f   Thumb Code     0  __rtentry2.o(.ARM.Collect$$rtentry$$00000002)
    __rt_entry_sh                            0x0800020f   Thumb Code     0  __rtentry4.o(.ARM.Collect$$rtentry$$00000004)
    __rt_entry_li                            0x08000215   Thumb Code     0  __rtentry2.o(.ARM.Collect$$rtentry$$0000000A)
    __rt_entry_postsh_1                      0x08000215   Thumb Code     0  __rtentry2.o(.ARM.Collect$$rtentry$$00000009)
    __rt_entry_main                          0x08000219   Thumb Code     0  __rtentry2.o(.ARM.Collect$$rtentry$$0000000D)
    __rt_entry_postli_1                      0x08000219   Thumb Code     0  __rtentry2.o(.ARM.Collect$$rtentry$$0000000C)
    __rt_exit                                0x08000221   Thumb Code     0  rtexit.o(.ARM.Collect$$rtexit$$00000000)
    __rt_exit_ls                             0x08000223   Thumb Code     0  rtexit2.o(.ARM.Collect$$rtexit$$00000003)
    __rt_exit_prels_1                        0x08000223   Thumb Code     0  rtexit2.o(.ARM.Collect$$rtexit$$00000002)
    __rt_exit_exit                           0x08000227   Thumb Code     0  rtexit2.o(.ARM.Collect$$rtexit$$00000004)
    Reset_Handler                            0x0800022d   Thumb Code     8  startup_stm32f10x_hd.o(.text)
    ADC1_2_IRQHandler                        0x08000247   Thumb Code     0  startup_stm32f10x_hd.o(.text)
    ADC3_IRQHandler                          0x08000247   Thumb Code     0  startup_stm32f10x_hd.o(.text)
    CAN1_RX1_IRQHandler                      0x08000247   Thumb Code     0  startup_stm32f10x_hd.o(.text)
    CAN1_SCE_IRQHandler                      0x08000247   Thumb Code     0  startup_stm32f10x_hd.o(.text)
    DMA1_Channel1_IRQHandler                 0x08000247   Thumb Code     0  startup_stm32f10x_hd.o(.text)
    DMA1_Channel2_IRQHandler                 0x08000247   Thumb Code     0  startup_stm32f10x_hd.o(.text)
    DMA1_Channel3_IRQHandler                 0x08000247   Thumb Code     0  startup_stm32f10x_hd.o(.text)
    DMA1_Channel4_IRQHandler                 0x08000247   Thumb Code     0  startup_stm32f10x_hd.o(.text)
    DMA1_Channel5_IRQHandler                 0x08000247   Thumb Code     0  startup_stm32f10x_hd.o(.text)
    DMA1_Channel6_IRQHandler                 0x08000247   Thumb Code     0  startup_stm32f10x_hd.o(.text)
    DMA1_Channel7_IRQHandler                 0x08000247   Thumb Code     0  startup_stm32f10x_hd.o(.text)
    DMA2_Channel1_IRQHandler                 0x08000247   Thumb Code     0  startup_stm32f10x_hd.o(.text)
    DMA2_Channel2_IRQHandler                 0x08000247   Thumb Code     0  startup_stm32f10x_hd.o(.text)
    DMA2_Channel3_IRQHandler                 0x08000247   Thumb Code     0  startup_stm32f10x_hd.o(.text)
    DMA2_Channel4_5_IRQHandler               0x08000247   Thumb Code     0  startup_stm32f10x_hd.o(.text)
    EXTI15_10_IRQHandler                     0x08000247   Thumb Code     0  startup_stm32f10x_hd.o(.text)
    EXTI1_IRQHandler                         0x08000247   Thumb Code     0  startup_stm32f10x_hd.o(.text)
    FLASH_IRQHandler                         0x08000247   Thumb Code     0  startup_stm32f10x_hd.o(.text)
    FSMC_IRQHandler                          0x08000247   Thumb Code     0  startup_stm32f10x_hd.o(.text)
    I2C1_ER_IRQHandler                       0x08000247   Thumb Code     0  startup_stm32f10x_hd.o(.text)
    I2C1_EV_IRQHandler                       0x08000247   Thumb Code     0  startup_stm32f10x_hd.o(.text)
    I2C2_ER_IRQHandler                       0x08000247   Thumb Code     0  startup_stm32f10x_hd.o(.text)
    I2C2_EV_IRQHandler                       0x08000247   Thumb Code     0  startup_stm32f10x_hd.o(.text)
    PVD_IRQHandler                           0x08000247   Thumb Code     0  startup_stm32f10x_hd.o(.text)
    RCC_IRQHandler                           0x08000247   Thumb Code     0  startup_stm32f10x_hd.o(.text)
    RTCAlarm_IRQHandler                      0x08000247   Thumb Code     0  startup_stm32f10x_hd.o(.text)
    RTC_IRQHandler                           0x08000247   Thumb Code     0  startup_stm32f10x_hd.o(.text)
    SDIO_IRQHandler                          0x08000247   Thumb Code     0  startup_stm32f10x_hd.o(.text)
    SPI1_IRQHandler                          0x08000247   Thumb Code     0  startup_stm32f10x_hd.o(.text)
    SPI2_IRQHandler                          0x08000247   Thumb Code     0  startup_stm32f10x_hd.o(.text)
    SPI3_IRQHandler                          0x08000247   Thumb Code     0  startup_stm32f10x_hd.o(.text)
    TAMPER_IRQHandler                        0x08000247   Thumb Code     0  startup_stm32f10x_hd.o(.text)
    TIM1_BRK_IRQHandler                      0x08000247   Thumb Code     0  startup_stm32f10x_hd.o(.text)
    TIM1_CC_IRQHandler                       0x08000247   Thumb Code     0  startup_stm32f10x_hd.o(.text)
    TIM1_TRG_COM_IRQHandler                  0x08000247   Thumb Code     0  startup_stm32f10x_hd.o(.text)
    TIM1_UP_IRQHandler                       0x08000247   Thumb Code     0  startup_stm32f10x_hd.o(.text)
    TIM2_IRQHandler                          0x08000247   Thumb Code     0  startup_stm32f10x_hd.o(.text)
    TIM7_IRQHandler                          0x08000247   Thumb Code     0  startup_stm32f10x_hd.o(.text)
    TIM8_BRK_IRQHandler                      0x08000247   Thumb Code     0  startup_stm32f10x_hd.o(.text)
    TIM8_CC_IRQHandler                       0x08000247   Thumb Code     0  startup_stm32f10x_hd.o(.text)
    TIM8_TRG_COM_IRQHandler                  0x08000247   Thumb Code     0  startup_stm32f10x_hd.o(.text)
    TIM8_UP_IRQHandler                       0x08000247   Thumb Code     0  startup_stm32f10x_hd.o(.text)
    UART4_IRQHandler                         0x08000247   Thumb Code     0  startup_stm32f10x_hd.o(.text)
    UART5_IRQHandler                         0x08000247   Thumb Code     0  startup_stm32f10x_hd.o(.text)
    USART2_IRQHandler                        0x08000247   Thumb Code     0  startup_stm32f10x_hd.o(.text)
    USART3_IRQHandler                        0x08000247   Thumb Code     0  startup_stm32f10x_hd.o(.text)
    USBWakeUp_IRQHandler                     0x08000247   Thumb Code     0  startup_stm32f10x_hd.o(.text)
    USB_HP_CAN1_TX_IRQHandler                0x08000247   Thumb Code     0  startup_stm32f10x_hd.o(.text)
    USB_LP_CAN1_RX0_IRQHandler               0x08000247   Thumb Code     0  startup_stm32f10x_hd.o(.text)
    WWDG_IRQHandler                          0x08000247   Thumb Code     0  startup_stm32f10x_hd.o(.text)
    __user_initial_stackheap                 0x08000249   Thumb Code     0  startup_stm32f10x_hd.o(.text)
    __use_no_semihosting                     0x08000269   Thumb Code     2  use_no_semi_2.o(.text)
    __2printf                                0x0800026d   Thumb Code    20  noretval__2printf.o(.text)
    __2sprintf                               0x08000285   Thumb Code    34  noretval__2sprintf.o(.text)
    _printf_pre_padding                      0x080002ad   Thumb Code    44  _printf_pad.o(.text)
    _printf_post_padding                     0x080002d9   Thumb Code    34  _printf_pad.o(.text)
    _printf_str                              0x080002fb   Thumb Code    82  _printf_str.o(.text)
    _printf_int_dec                          0x0800034d   Thumb Code   104  _printf_dec.o(.text)
    _printf_int_hex                          0x080003c5   Thumb Code    84  _printf_hex_int.o(.text)
    _printf_longlong_hex                     0x080003c5   Thumb Code     0  _printf_hex_int.o(.text)
    __printf                                 0x0800041d   Thumb Code   388  __printf_flags_ss_wp.o(.text)
    strcmp                                   0x080005a5   Thumb Code   128  strcmpv7m.o(.text)
    __use_two_region_memory                  0x08000625   Thumb Code     2  heapauxi.o(.text)
    __rt_heap_escrow$2region                 0x08000627   Thumb Code     2  heapauxi.o(.text)
    __rt_heap_expand$2region                 0x08000629   Thumb Code     2  heapauxi.o(.text)
    __I$use$semihosting                      0x0800062b   Thumb Code     0  use_no_semi.o(.text)
    __use_no_semihosting_swi                 0x0800062b   Thumb Code     2  use_no_semi.o(.text)
    __read_errno                             0x0800062d   Thumb Code    10  _rserrno.o(.text)
    __set_errno                              0x08000637   Thumb Code    12  _rserrno.o(.text)
    _printf_int_common                       0x08000643   Thumb Code   178  _printf_intcommon.o(.text)
    _printf_char_common                      0x080006ff   Thumb Code    32  _printf_char_common.o(.text)
    _sputc                                   0x08000725   Thumb Code    10  _sputc.o(.text)
    _printf_cs_common                        0x0800072f   Thumb Code    20  _printf_char.o(.text)
    _printf_char                             0x08000743   Thumb Code    16  _printf_char.o(.text)
    _printf_string                           0x08000753   Thumb Code     8  _printf_char.o(.text)
    _printf_char_file                        0x0800075d   Thumb Code    32  _printf_char_file.o(.text)
    __aeabi_errno_addr                       0x08000781   Thumb Code     8  rt_errno_addr_intlibspace.o(.text)
    __errno$intlibspace                      0x08000781   Thumb Code     0  rt_errno_addr_intlibspace.o(.text)
    __rt_errno_addr$intlibspace              0x08000781   Thumb Code     0  rt_errno_addr_intlibspace.o(.text)
    ferror                                   0x08000789   Thumb Code     8  ferror.o(.text)
    __user_libspace                          0x08000791   Thumb Code     8  libspace.o(.text)
    __user_perproc_libspace                  0x08000791   Thumb Code     0  libspace.o(.text)
    __user_perthread_libspace                0x08000791   Thumb Code     0  libspace.o(.text)
    __user_setup_stackheap                   0x08000799   Thumb Code    74  sys_stackheap_outer.o(.text)
    exit                                     0x080007e3   Thumb Code    12  exit.o(.text)
    ADC_Cmd                                  0x080007ef   Thumb Code    20  stm32f10x_adc.o(i.ADC_Cmd)
    ADC_DeInit                               0x08000805   Thumb Code    56  stm32f10x_adc.o(i.ADC_DeInit)
    ADC_GetCalibrationStatus                 0x08000849   Thumb Code    14  stm32f10x_adc.o(i.ADC_GetCalibrationStatus)
    ADC_GetConversionValue                   0x08000857   Thumb Code     6  stm32f10x_adc.o(i.ADC_GetConversionValue)
    ADC_GetFlagStatus                        0x0800085d   Thumb Code    14  stm32f10x_adc.o(i.ADC_GetFlagStatus)
    ADC_GetResetCalibrationStatus            0x0800086b   Thumb Code    14  stm32f10x_adc.o(i.ADC_GetResetCalibrationStatus)
    ADC_Init                                 0x08000879   Thumb Code    62  stm32f10x_adc.o(i.ADC_Init)
    ADC_RegularChannelConfig                 0x080008c1   Thumb Code   116  stm32f10x_adc.o(i.ADC_RegularChannelConfig)
    ADC_ResetCalibration                     0x08000935   Thumb Code    10  stm32f10x_adc.o(i.ADC_ResetCalibration)
    ADC_SoftwareStartConvCmd                 0x0800093f   Thumb Code    20  stm32f10x_adc.o(i.ADC_SoftwareStartConvCmd)
    ADC_StartCalibration                     0x08000953   Thumb Code    10  stm32f10x_adc.o(i.ADC_StartCalibration)
    ADC_TempSensorVrefintCmd                 0x0800095d   Thumb Code    22  stm32f10x_adc.o(i.ADC_TempSensorVrefintCmd)
    AT24CXX_Init                             0x08000979   Thumb Code     4  24cxx.o(i.AT24CXX_Init)
    AT24CXX_Read                             0x0800097d   Thumb Code    34  24cxx.o(i.AT24CXX_Read)
    AT24CXX_ReadOneByte                      0x0800099f   Thumb Code    66  24cxx.o(i.AT24CXX_ReadOneByte)
    AT24CXX_Write                            0x080009e1   Thumb Code    32  24cxx.o(i.AT24CXX_Write)
    AT24CXX_WriteOneByte                     0x08000a01   Thumb Code    62  24cxx.o(i.AT24CXX_WriteOneByte)
    Adc3_Init                                0x08000a41   Thumb Code   116  adc.o(i.Adc3_Init)
    BEEP_Init                                0x08000ab9   Thumb Code    38  beep.o(i.BEEP_Init)
    BusFault_Handler                         0x08000aed   Thumb Code     2  stm32f10x_it.o(i.BusFault_Handler)
    CT_IIC_Ack                               0x08000af1   Thumb Code    64  ctiic.o(i.CT_IIC_Ack)
    CT_IIC_Init                              0x08000b3d   Thumb Code    72  ctiic.o(i.CT_IIC_Init)
    CT_IIC_NAck                              0x08000b8d   Thumb Code    64  ctiic.o(i.CT_IIC_NAck)
    CT_IIC_Read_Byte                         0x08000bd9   Thumb Code   104  ctiic.o(i.CT_IIC_Read_Byte)
    CT_IIC_Send_Byte                         0x08000c4d   Thumb Code    90  ctiic.o(i.CT_IIC_Send_Byte)
    CT_IIC_Start                             0x08000cb5   Thumb Code    62  ctiic.o(i.CT_IIC_Start)
    CT_IIC_Stop                              0x08000d01   Thumb Code    56  ctiic.o(i.CT_IIC_Stop)
    CT_IIC_Wait_Ack                          0x08000d45   Thumb Code    74  ctiic.o(i.CT_IIC_Wait_Ack)
    DebugMon_Handler                         0x08000d9d   Thumb Code     2  stm32f10x_it.o(i.DebugMon_Handler)
    EXTI0_IRQHandler                         0x08000da1   Thumb Code    48  exti.o(i.EXTI0_IRQHandler)
    EXTI2_IRQHandler                         0x08000dd9   Thumb Code    46  exti.o(i.EXTI2_IRQHandler)
    EXTI3_IRQHandler                         0x08000e11   Thumb Code    46  exti.o(i.EXTI3_IRQHandler)
    EXTI4_IRQHandler                         0x08000e49   Thumb Code    46  exti.o(i.EXTI4_IRQHandler)
    EXTI8_Init                               0x08000e81   Thumb Code    66  exti.o(i.EXTI8_Init)
    EXTI9_5_IRQHandler                       0x08000ec5   Thumb Code    60  exti.o(i.EXTI9_5_IRQHandler)
    EXTI_ClearITPendingBit                   0x08000f0d   Thumb Code     6  stm32f10x_exti.o(i.EXTI_ClearITPendingBit)
    EXTI_GetITStatus                         0x08000f19   Thumb Code    28  stm32f10x_exti.o(i.EXTI_GetITStatus)
    EXTI_Init                                0x08000f39   Thumb Code   108  stm32f10x_exti.o(i.EXTI_Init)
    FLASH_ErasePage                          0x08000fa9   Thumb Code    56  stm32f10x_flash.o(i.FLASH_ErasePage)
    FLASH_GetBank1Status                     0x08000fe5   Thumb Code    34  stm32f10x_flash.o(i.FLASH_GetBank1Status)
    FLASH_Lock                               0x0800100d   Thumb Code    12  stm32f10x_flash.o(i.FLASH_Lock)
    FLASH_ProgramHalfWord                    0x0800101d   Thumb Code    48  stm32f10x_flash.o(i.FLASH_ProgramHalfWord)
    FLASH_Unlock                             0x08001051   Thumb Code    12  stm32f10x_flash.o(i.FLASH_Unlock)
    FLASH_WaitForLastOperation               0x08001069   Thumb Code    34  stm32f10x_flash.o(i.FLASH_WaitForLastOperation)
    FSMC_NORSRAMCmd                          0x0800108d   Thumb Code    26  stm32f10x_fsmc.o(i.FSMC_NORSRAMCmd)
    FSMC_NORSRAMInit                         0x080010ad   Thumb Code   200  stm32f10x_fsmc.o(i.FSMC_NORSRAMInit)
    FSMC_SRAM_Init                           0x08001175   Thumb Code   170  sram.o(i.FSMC_SRAM_Init)
    FT5206_Init                              0x08001231   Thumb Code   208  ft5206.o(i.FT5206_Init)
    FT5206_RD_Reg                            0x08001315   Thumb Code    86  ft5206.o(i.FT5206_RD_Reg)
    FT5206_Scan                              0x0800136d   Thumb Code   294  ft5206.o(i.FT5206_Scan)
    FT5206_WR_Reg                            0x080014a1   Thumb Code    72  ft5206.o(i.FT5206_WR_Reg)
    GPIO_EXTILineConfig                      0x080014e9   Thumb Code    34  stm32f10x_gpio.o(i.GPIO_EXTILineConfig)
    GPIO_Init                                0x08001511   Thumb Code   156  stm32f10x_gpio.o(i.GPIO_Init)
    GPIO_PinRemapConfig                      0x080015ad   Thumb Code    82  stm32f10x_gpio.o(i.GPIO_PinRemapConfig)
    GPIO_ReadInputDataBit                    0x08001605   Thumb Code    14  stm32f10x_gpio.o(i.GPIO_ReadInputDataBit)
    GPIO_ResetBits                           0x08001613   Thumb Code     4  stm32f10x_gpio.o(i.GPIO_ResetBits)
    GPIO_SetBits                             0x08001617   Thumb Code     4  stm32f10x_gpio.o(i.GPIO_SetBits)
    GT9147_Init                              0x0800161d   Thumb Code   252  gt9147.o(i.GT9147_Init)
    GT9147_RD_Reg                            0x08001749   Thumb Code    96  gt9147.o(i.GT9147_RD_Reg)
    GT9147_Scan                              0x080017a9   Thumb Code   362  gt9147.o(i.GT9147_Scan)
    GT9147_Send_Cfg                          0x08001925   Thumb Code    72  gt9147.o(i.GT9147_Send_Cfg)
    GT9147_WR_Reg                            0x08001971   Thumb Code    82  gt9147.o(i.GT9147_WR_Reg)
    Get_Adc3                                 0x080019c5   Thumb Code    46  adc.o(i.Get_Adc3)
    Get_Temprate                             0x080019f9   Thumb Code    72  adc.o(i.Get_Temprate)
    HardFault_Handler                        0x08001a5d   Thumb Code     2  stm32f10x_it.o(i.HardFault_Handler)
    IIC_Ack                                  0x08001a61   Thumb Code    56  myiic.o(i.IIC_Ack)
    IIC_Init                                 0x08001aa1   Thumb Code    48  myiic.o(i.IIC_Init)
    IIC_NAck                                 0x08001ad5   Thumb Code    56  myiic.o(i.IIC_NAck)
    IIC_Read_Byte                            0x08001b15   Thumb Code   100  myiic.o(i.IIC_Read_Byte)
    IIC_Send_Byte                            0x08001b81   Thumb Code    94  myiic.o(i.IIC_Send_Byte)
    IIC_Start                                0x08001be9   Thumb Code    56  myiic.o(i.IIC_Start)
    IIC_Stop                                 0x08001c29   Thumb Code    58  myiic.o(i.IIC_Stop)
    IIC_Wait_Ack                             0x08001c6d   Thumb Code    78  myiic.o(i.IIC_Wait_Ack)
    KEY_Init                                 0x08001cc5   Thumb Code    52  key.o(i.KEY_Init)
    KEY_Scan                                 0x08001d01   Thumb Code   190  key.o(i.KEY_Scan)
    LCD_Clear                                0x08001dcd   Thumb Code   100  lcd.o(i.LCD_Clear)
    LCD_Display_Dir                          0x08001e39   Thumb Code   304  lcd.o(i.LCD_Display_Dir)
    LCD_DrawLine                             0x08001f6d   Thumb Code   150  lcd.o(i.LCD_DrawLine)
    LCD_DrawPoint                            0x08002005   Thumb Code    20  lcd.o(i.LCD_DrawPoint)
    LCD_Draw_Circle                          0x08002021   Thumb Code   176  lcd.o(i.LCD_Draw_Circle)
    LCD_Fast_DrawPoint                       0x080020d1   Thumb Code   276  lcd.o(i.LCD_Fast_DrawPoint)
    LCD_Fill                                 0x080021ed   Thumb Code   132  lcd.o(i.LCD_Fill)
    LCD_Init                                 0x08002279   Thumb Code 11794  lcd.o(i.LCD_Init)
    LCD_Pow                                  0x08005091   Thumb Code    16  lcd.o(i.LCD_Pow)
    LCD_RD_DATA                              0x080050a1   Thumb Code    16  lcd.o(i.LCD_RD_DATA)
    LCD_ReadReg                              0x080050b5   Thumb Code    20  lcd.o(i.LCD_ReadReg)
    LCD_SSD_BackLightSet                     0x080050cd   Thumb Code    50  lcd.o(i.LCD_SSD_BackLightSet)
    LCD_Scan_Dir                             0x08005109   Thumb Code   414  lcd.o(i.LCD_Scan_Dir)
    LCD_SetCursor                            0x080052b1   Thumb Code   320  lcd.o(i.LCD_SetCursor)
    LCD_Set_Window                           0x080053f9   Thumb Code   370  lcd.o(i.LCD_Set_Window)
    LCD_ShowChar                             0x08005575   Thumb Code   182  lcd.o(i.LCD_ShowChar)
    LCD_ShowNum                              0x08005641   Thumb Code   118  lcd.o(i.LCD_ShowNum)
    LCD_ShowString                           0x080056b7   Thumb Code    84  lcd.o(i.LCD_ShowString)
    LCD_ShowxNum                             0x0800570b   Thumb Code   134  lcd.o(i.LCD_ShowxNum)
    LCD_WriteRAM_Prepare                     0x08005791   Thumb Code    10  lcd.o(i.LCD_WriteRAM_Prepare)
    LCD_WriteReg                             0x080057a5   Thumb Code    10  lcd.o(i.LCD_WriteReg)
    LED_Init                                 0x080057b5   Thumb Code    70  led.o(i.LED_Init)
    Lsens_Get_Val                            0x08005805   Thumb Code    58  lsens.o(i.Lsens_Get_Val)
    Lsens_Init                               0x08005841   Thumb Code    38  lsens.o(i.Lsens_Init)
    MemManage_Handler                        0x0800586d   Thumb Code     2  stm32f10x_it.o(i.MemManage_Handler)
    NMI_Handler                              0x0800586f   Thumb Code     2  stm32f10x_it.o(i.NMI_Handler)
    NVIC_Init                                0x08005871   Thumb Code    94  misc.o(i.NVIC_Init)
    NVIC_PriorityGroupConfig                 0x080058d5   Thumb Code    10  misc.o(i.NVIC_PriorityGroupConfig)
    OTT2001A_Init                            0x080058e9   Thumb Code   156  ott2001a.o(i.OTT2001A_Init)
    OTT2001A_RD_Reg                          0x08005999   Thumb Code    96  ott2001a.o(i.OTT2001A_RD_Reg)
    OTT2001A_Scan                            0x080059f9   Thumb Code   322  ott2001a.o(i.OTT2001A_Scan)
    OTT2001A_SensorControl                   0x08005b5d   Thumb Code    30  ott2001a.o(i.OTT2001A_SensorControl)
    OTT2001A_WR_Reg                          0x08005b7b   Thumb Code    82  ott2001a.o(i.OTT2001A_WR_Reg)
    OV7670_Brightness                        0x08005bcd   Thumb Code    38  ov7670.o(i.OV7670_Brightness)
    OV7670_Color_Saturation                  0x08005bf3   Thumb Code   114  ov7670.o(i.OV7670_Color_Saturation)
    OV7670_Contrast                          0x08005c65   Thumb Code    38  ov7670.o(i.OV7670_Contrast)
    OV7670_Light_Mode                        0x08005c8b   Thumb Code   126  ov7670.o(i.OV7670_Light_Mode)
    OV7670_Window_Set                        0x08005d09   Thumb Code   110  ov7670.o(i.OV7670_Window_Set)
    OV7670_camera_refresh                    0x08005d79   Thumb Code   228  main.o(i.OV7670_camera_refresh)
    OV7725_Brightness                        0x08005e79   Thumb Code    78  ov7725.o(i.OV7725_Brightness)
    OV7725_Color_Saturation                  0x08005ec7   Thumb Code    34  ov7725.o(i.OV7725_Color_Saturation)
    OV7725_Contrast                          0x08005ee9   Thumb Code    22  ov7725.o(i.OV7725_Contrast)
    OV7725_Init                              0x08005f01   Thumb Code   296  ov7725.o(i.OV7725_Init)
    OV7725_Light_Mode                        0x0800605d   Thumb Code   152  ov7725.o(i.OV7725_Light_Mode)
    OV7725_Special_Effects                   0x080060f5   Thumb Code   138  ov7725.o(i.OV7725_Special_Effects)
    OV7725_Window_Set                        0x0800617f   Thumb Code   326  ov7725.o(i.OV7725_Window_Set)
    OV7725_camera_refresh                    0x080062c5   Thumb Code   264  main.o(i.OV7725_camera_refresh)
    PendSV_Handler                           0x080063f1   Thumb Code     2  stm32f10x_it.o(i.PendSV_Handler)
    RCC_ADCCLKConfig                         0x080063f5   Thumb Code    14  stm32f10x_rcc.o(i.RCC_ADCCLKConfig)
    RCC_AHBPeriphClockCmd                    0x08006409   Thumb Code    18  stm32f10x_rcc.o(i.RCC_AHBPeriphClockCmd)
    RCC_APB1PeriphClockCmd                   0x08006421   Thumb Code    18  stm32f10x_rcc.o(i.RCC_APB1PeriphClockCmd)
    RCC_APB2PeriphClockCmd                   0x08006439   Thumb Code    18  stm32f10x_rcc.o(i.RCC_APB2PeriphClockCmd)
    RCC_APB2PeriphResetCmd                   0x08006451   Thumb Code    18  stm32f10x_rcc.o(i.RCC_APB2PeriphResetCmd)
    RCC_GetClocksFreq                        0x08006469   Thumb Code   132  stm32f10x_rcc.o(i.RCC_GetClocksFreq)
    SCCB_Init                                0x080064fd   Thumb Code    98  sccb.o(i.SCCB_Init)
    SCCB_No_Ack                              0x08006569   Thumb Code    58  sccb.o(i.SCCB_No_Ack)
    SCCB_RD_Byte                             0x080065ad   Thumb Code   102  sccb.o(i.SCCB_RD_Byte)
    SCCB_RD_Reg                              0x08006621   Thumb Code    76  sccb.o(i.SCCB_RD_Reg)
    SCCB_Start                               0x0800666d   Thumb Code    44  sccb.o(i.SCCB_Start)
    SCCB_Stop                                0x080066a1   Thumb Code    46  sccb.o(i.SCCB_Stop)
    SCCB_WR_Byte                             0x080066d9   Thumb Code   130  sccb.o(i.SCCB_WR_Byte)
    SCCB_WR_Reg                              0x08006769   Thumb Code    62  sccb.o(i.SCCB_WR_Reg)
    STMFLASH_Read                            0x080067a7   Thumb Code    24  stmflash.o(i.STMFLASH_Read)
    STMFLASH_Write                           0x080067c1   Thumb Code   186  stmflash.o(i.STMFLASH_Write)
    STMFLASH_Write_NoCheck                   0x08006881   Thumb Code    38  stmflash.o(i.STMFLASH_Write_NoCheck)
    SVC_Handler                              0x080068a7   Thumb Code     2  stm32f10x_it.o(i.SVC_Handler)
    SysTick_CLKSourceConfig                  0x08006951   Thumb Code    24  misc.o(i.SysTick_CLKSourceConfig)
    SysTick_Handler                          0x08006969   Thumb Code     2  stm32f10x_it.o(i.SysTick_Handler)
    SystemInit                               0x0800696d   Thumb Code    64  system_stm32f10x.o(i.SystemInit)
    TIM3_IRQHandler                          0x08006aa5   Thumb Code    44  timer.o(i.TIM3_IRQHandler)
    TIM4_IRQHandler                          0x08006ad9   Thumb Code    50  usmart.o(i.TIM4_IRQHandler)
    TIM5_CH2_Cap_Init                        0x08006b15   Thumb Code   120  tpad.o(i.TIM5_CH2_Cap_Init)
    TIM5_IRQHandler                          0x08006b95   Thumb Code   128  timer.o(i.TIM5_IRQHandler)
    TIM6_IRQHandler                          0x08006c1d   Thumb Code    40  timer.o(i.TIM6_IRQHandler)
    TIM6_Int_Init                            0x08006c5d   Thumb Code    90  timer.o(i.TIM6_Int_Init)
    TIM_ClearFlag                            0x08006cbd   Thumb Code     6  stm32f10x_tim.o(i.TIM_ClearFlag)
    TIM_ClearITPendingBit                    0x08006cc3   Thumb Code     6  stm32f10x_tim.o(i.TIM_ClearITPendingBit)
    TIM_Cmd                                  0x08006cc9   Thumb Code    20  stm32f10x_tim.o(i.TIM_Cmd)
    TIM_GetCapture1                          0x08006cdd   Thumb Code     4  stm32f10x_tim.o(i.TIM_GetCapture1)
    TIM_GetCapture2                          0x08006ce1   Thumb Code     4  stm32f10x_tim.o(i.TIM_GetCapture2)
    TIM_GetCounter                           0x08006ce5   Thumb Code     4  stm32f10x_tim.o(i.TIM_GetCounter)
    TIM_GetFlagStatus                        0x08006ce9   Thumb Code    14  stm32f10x_tim.o(i.TIM_GetFlagStatus)
    TIM_GetITStatus                          0x08006cf7   Thumb Code    24  stm32f10x_tim.o(i.TIM_GetITStatus)
    TIM_ICInit                               0x08006d11   Thumb Code   278  stm32f10x_tim.o(i.TIM_ICInit)
    TIM_ITConfig                             0x08006e3d   Thumb Code    16  stm32f10x_tim.o(i.TIM_ITConfig)
    TIM_OC1PolarityConfig                    0x08006e4d   Thumb Code    12  stm32f10x_tim.o(i.TIM_OC1PolarityConfig)
    TIM_SetAutoreload                        0x08006e59   Thumb Code     4  stm32f10x_tim.o(i.TIM_SetAutoreload)
    TIM_SetCounter                           0x08006e5d   Thumb Code     4  stm32f10x_tim.o(i.TIM_SetCounter)
    TIM_SetIC1Prescaler                      0x08006e61   Thumb Code    16  stm32f10x_tim.o(i.TIM_SetIC1Prescaler)
    TIM_SetIC2Prescaler                      0x08006e71   Thumb Code    24  stm32f10x_tim.o(i.TIM_SetIC2Prescaler)
    TIM_SetIC3Prescaler                      0x08006e89   Thumb Code    16  stm32f10x_tim.o(i.TIM_SetIC3Prescaler)
    TIM_SetIC4Prescaler                      0x08006e99   Thumb Code    24  stm32f10x_tim.o(i.TIM_SetIC4Prescaler)
    TIM_TimeBaseInit                         0x08006eb1   Thumb Code   114  stm32f10x_tim.o(i.TIM_TimeBaseInit)
    TPAD_Get_MaxVal                          0x08006f4d   Thumb Code    28  tpad.o(i.TPAD_Get_MaxVal)
    TPAD_Get_Val                             0x08006f69   Thumb Code    54  tpad.o(i.TPAD_Get_Val)
    TPAD_Init                                0x08006fa5   Thumb Code   140  tpad.o(i.TPAD_Init)
    TPAD_Reset                               0x0800704d   Thumb Code    86  tpad.o(i.TPAD_Reset)
    TPAD_Scan                                0x080070ad   Thumb Code    58  tpad.o(i.TPAD_Scan)
    TP_Adj_Info_Show                         0x080070ed   Thumb Code   326  touch.o(i.TP_Adj_Info_Show)
    TP_Adjust                                0x08007265   Thumb Code  1338  touch.o(i.TP_Adjust)
    TP_Drow_Touch_Point                      0x080077d5   Thumb Code   106  touch.o(i.TP_Drow_Touch_Point)
    TP_Get_Adjdata                           0x08007845   Thumb Code    56  touch.o(i.TP_Get_Adjdata)
    TP_Init                                  0x08007881   Thumb Code   270  touch.o(i.TP_Init)
    TP_Read_AD                               0x080079ad   Thumb Code   124  touch.o(i.TP_Read_AD)
    TP_Read_XOY                              0x08007a31   Thumb Code    96  touch.o(i.TP_Read_XOY)
    TP_Read_XY                               0x08007a91   Thumb Code    34  touch.o(i.TP_Read_XY)
    TP_Read_XY2                              0x08007ab9   Thumb Code   124  touch.o(i.TP_Read_XY2)
    TP_Save_Adjdata                          0x08007b35   Thumb Code    24  touch.o(i.TP_Save_Adjdata)
    TP_Scan                                  0x08007b51   Thumb Code   172  touch.o(i.TP_Scan)
    TP_Write_Byte                            0x08007c05   Thumb Code    62  touch.o(i.TP_Write_Byte)
    T_Adc_Init                               0x08007c4d   Thumb Code   114  adc.o(i.T_Adc_Init)
    T_Get_Adc                                0x08007cc5   Thumb Code    46  adc.o(i.T_Get_Adc)
    T_Get_Adc_Average                        0x08007cf9   Thumb Code    46  adc.o(i.T_Get_Adc_Average)
    Timer4_Init                              0x08007d29   Thumb Code    90  usmart.o(i.Timer4_Init)
    USART1_IRQHandler                        0x08007d89   Thumb Code    88  usart.o(i.USART1_IRQHandler)
    USART_Cmd                                0x08007ded   Thumb Code    20  stm32f10x_usart.o(i.USART_Cmd)
    USART_GetITStatus                        0x08007e01   Thumb Code    62  stm32f10x_usart.o(i.USART_GetITStatus)
    USART_ITConfig                           0x08007e3f   Thumb Code    48  stm32f10x_usart.o(i.USART_ITConfig)
    USART_Init                               0x08007e71   Thumb Code   166  stm32f10x_usart.o(i.USART_Init)
    USART_ReceiveData                        0x08007f1d   Thumb Code     8  stm32f10x_usart.o(i.USART_ReceiveData)
    UsageFault_Handler                       0x08007f25   Thumb Code     2  stm32f10x_it.o(i.UsageFault_Handler)
    _is_digit                                0x08007f27   Thumb Code    14  __printf_wp.o(i._is_digit)
    _sys_exit                                0x08007f35   Thumb Code     2  usart.o(i._sys_exit)
    delay_init                               0x08007f39   Thumb Code    46  delay.o(i.delay_init)
    delay_ms                                 0x08007f75   Thumb Code    46  delay.o(i.delay_ms)
    delay_us                                 0x08007fa9   Thumb Code    46  delay.o(i.delay_us)
    fputc                                    0x08007fdd   Thumb Code    18  usart.o(i.fputc)
    get_keynum_enter                         0x08007ff5   Thumb Code   130  main.o(i.get_keynum_enter)
    get_keynum_main                          0x08008081   Thumb Code   130  main.o(i.get_keynum_main)
    get_keynum_show                          0x0800810d   Thumb Code   130  main.o(i.get_keynum_show)
    is_change_mode                           0x08008199   Thumb Code   286  main.o(i.is_change_mode)
    main                                     0x080082bd   Thumb Code  1938  main.o(i.main)
    passwordIndex                            0x08008ae1   Thumb Code   252  main.o(i.passwordIndex)
    person_check_mode                        0x08008c05   Thumb Code    78  main.o(i.person_check_mode)
    py_get_keynum                            0x08008c59   Thumb Code   330  main.o(i.py_get_keynum)
    read_addr                                0x08008dad   Thumb Code     4  usmart.o(i.read_addr)
    show_alert_photo                         0x08008db1   Thumb Code   492  main.o(i.show_alert_photo)
    sqrt                                     0x08008fe9   Thumb Code    76  sqrt.o(i.sqrt)
    touch_gui_enter                          0x08009035   Thumb Code   242  main.o(i.touch_gui_enter)
    touch_gui_login                          0x08009141   Thumb Code   968  main.o(i.touch_gui_login)
    touch_gui_main                           0x08009561   Thumb Code   242  main.o(i.touch_gui_main)
    touch_gui_show                           0x08009675   Thumb Code   242  main.o(i.touch_gui_show)
    uart_init                                0x0800977d   Thumb Code   152  usart.o(i.uart_init)
    usmart_cmd_rec                           0x0800981d   Thumb Code   144  usmart.o(i.usmart_cmd_rec)
    usmart_exe                               0x080098b1   Thumb Code   510  usmart.o(i.usmart_exe)
    usmart_get_aparm                         0x08009b11   Thumb Code   156  usmart_str.o(i.usmart_get_aparm)
    usmart_get_cmdname                       0x08009bad   Thumb Code    46  usmart_str.o(i.usmart_get_cmdname)
    usmart_get_fname                         0x08009bdd   Thumb Code   352  usmart_str.o(i.usmart_get_fname)
    usmart_get_fparam                        0x08009d45   Thumb Code   202  usmart_str.o(i.usmart_get_fparam)
    usmart_get_parmpos                       0x08009e15   Thumb Code    30  usmart_str.o(i.usmart_get_parmpos)
    usmart_get_runtime                       0x08009e39   Thumb Code    48  usmart.o(i.usmart_get_runtime)
    usmart_init                              0x08009e71   Thumb Code    36  usmart.o(i.usmart_init)
    usmart_pow                               0x08009e99   Thumb Code    16  usmart_str.o(i.usmart_pow)
    usmart_reset_runtime                     0x08009ea9   Thumb Code    40  usmart.o(i.usmart_reset_runtime)
    usmart_scan                              0x08009ed9   Thumb Code    94  usmart.o(i.usmart_scan)
    usmart_search_nextc                      0x08009f7d   Thumb Code    16  usmart_str.o(i.usmart_search_nextc)
    usmart_str2num                           0x08009f8d   Thumb Code   160  usmart_str.o(i.usmart_str2num)
    usmart_strcmp                            0x0800a02d   Thumb Code    24  usmart_str.o(i.usmart_strcmp)
    usmart_strcopy                           0x0800a045   Thumb Code    18  usmart_str.o(i.usmart_strcopy)
    usmart_strlen                            0x0800a057   Thumb Code    18  usmart_str.o(i.usmart_strlen)
    usmart_sys_cmd_exe                       0x0800a069   Thumb Code  1442  usmart.o(i.usmart_sys_cmd_exe)
    write_addr                               0x0800a6d9   Thumb Code     4  usmart.o(i.write_addr)
    write_alert_photo                        0x0800a6dd   Thumb Code   184  main.o(i.write_alert_photo)
    __aeabi_dadd                             0x0800a7a1   Thumb Code     0  daddsub_clz.o(x$fpl$dadd)
    _dadd                                    0x0800a7a1   Thumb Code   332  daddsub_clz.o(x$fpl$dadd)
    __fpl_dcmp_Inf                           0x0800a8f1   Thumb Code    24  dcmpi.o(x$fpl$dcmpinf)
    __aeabi_ddiv                             0x0800a909   Thumb Code     0  ddiv.o(x$fpl$ddiv)
    _ddiv                                    0x0800a909   Thumb Code   552  ddiv.o(x$fpl$ddiv)
    __aeabi_d2iz                             0x0800abb9   Thumb Code     0  dfix.o(x$fpl$dfix)
    _dfix                                    0x0800abb9   Thumb Code    94  dfix.o(x$fpl$dfix)
    __aeabi_d2uiz                            0x0800ac19   Thumb Code     0  dfixu.o(x$fpl$dfixu)
    _dfixu                                   0x0800ac19   Thumb Code    90  dfixu.o(x$fpl$dfixu)
    __aeabi_ui2d                             0x0800ac73   Thumb Code     0  dflt_clz.o(x$fpl$dfltu)
    _dfltu                                   0x0800ac73   Thumb Code    38  dflt_clz.o(x$fpl$dfltu)
    __aeabi_cdcmple                          0x0800ac99   Thumb Code     0  dleqf.o(x$fpl$dleqf)
    _dcmple                                  0x0800ac99   Thumb Code   120  dleqf.o(x$fpl$dleqf)
    __fpl_dcmple_InfNaN                      0x0800acfb   Thumb Code     0  dleqf.o(x$fpl$dleqf)
    __aeabi_dmul                             0x0800ad11   Thumb Code     0  dmul.o(x$fpl$dmul)
    _dmul                                    0x0800ad11   Thumb Code   332  dmul.o(x$fpl$dmul)
    __fpl_dnaninf                            0x0800ae65   Thumb Code   156  dnaninf.o(x$fpl$dnaninf)
    __fpl_dretinf                            0x0800af01   Thumb Code    12  dretinf.o(x$fpl$dretinf)
    __aeabi_cdrcmple                         0x0800af0d   Thumb Code     0  drleqf.o(x$fpl$drleqf)
    _drcmple                                 0x0800af0d   Thumb Code   108  drleqf.o(x$fpl$drleqf)
    __aeabi_drsub                            0x0800af79   Thumb Code     0  daddsub_clz.o(x$fpl$drsb)
    _drsb                                    0x0800af79   Thumb Code    22  daddsub_clz.o(x$fpl$drsb)
    _dsqrt                                   0x0800af91   Thumb Code   456  dsqrt_noumaal.o(x$fpl$dsqrt)
    __aeabi_dsub                             0x0800b15d   Thumb Code     0  daddsub_clz.o(x$fpl$dsub)
    _dsub                                    0x0800b15d   Thumb Code   464  daddsub_clz.o(x$fpl$dsub)
    __aeabi_f2d                              0x0800b331   Thumb Code     0  f2d.o(x$fpl$f2d)
    _f2d                                     0x0800b331   Thumb Code    86  f2d.o(x$fpl$f2d)
    __aeabi_fadd                             0x0800b389   Thumb Code     0  faddsub_clz.o(x$fpl$fadd)
    _fadd                                    0x0800b389   Thumb Code   196  faddsub_clz.o(x$fpl$fadd)
    __fpl_fcheck_NaN1                        0x0800b44d   Thumb Code     6  fcheck1.o(x$fpl$fcheck1)
    __aeabi_fdiv                             0x0800b459   Thumb Code     0  fdiv.o(x$fpl$fdiv)
    _fdiv                                    0x0800b459   Thumb Code   384  fdiv.o(x$fpl$fdiv)
    __aeabi_f2iz                             0x0800b5dd   Thumb Code     0  ffix.o(x$fpl$ffix)
    _ffix                                    0x0800b5dd   Thumb Code    54  ffix.o(x$fpl$ffix)
    __aeabi_f2uiz                            0x0800b615   Thumb Code     0  ffixu.o(x$fpl$ffixu)
    _ffixu                                   0x0800b615   Thumb Code    62  ffixu.o(x$fpl$ffixu)
    __aeabi_i2f                              0x0800b655   Thumb Code     0  fflt_clz.o(x$fpl$fflt)
    _fflt                                    0x0800b655   Thumb Code    48  fflt_clz.o(x$fpl$fflt)
    __aeabi_ui2f                             0x0800b685   Thumb Code     0  fflt_clz.o(x$fpl$ffltu)
    _ffltu                                   0x0800b685   Thumb Code    38  fflt_clz.o(x$fpl$ffltu)
    __aeabi_fmul                             0x0800b6ad   Thumb Code     0  fmul.o(x$fpl$fmul)
    _fmul                                    0x0800b6ad   Thumb Code   258  fmul.o(x$fpl$fmul)
    __fpl_fnaninf                            0x0800b7af   Thumb Code   140  fnaninf.o(x$fpl$fnaninf)
    __fpl_fretinf                            0x0800b83b   Thumb Code    10  fretinf.o(x$fpl$fretinf)
    __aeabi_fsub                             0x0800b845   Thumb Code     0  faddsub_clz.o(x$fpl$fsub)
    _fsub                                    0x0800b845   Thumb Code   234  faddsub_clz.o(x$fpl$fsub)
    __fpl_return_NaN                         0x0800b92f   Thumb Code   100  retnan.o(x$fpl$retnan)
    __ARM_scalbnf                            0x0800b993   Thumb Code    76  scalbnf.o(x$fpl$scalbnf)
    __fpl_cmpreturn                          0x0800b9df   Thumb Code    48  trapv.o(x$fpl$trapveneer)
    __I$use$fp                               0x0800ba0e   Number         0  usenofp.o(x$fpl$usenofp)
    asc2_1206                                0x0800ba0e   Data        1140  lcd.o(.constdata)
    asc2_1608                                0x0800be82   Data        1520  lcd.o(.constdata)
    asc2_2412                                0x0800c472   Data        3420  lcd.o(.constdata)
    ov7725_init_reg_tb1                      0x0800d1ce   Data         130  ov7725.o(.constdata)
    FT5206_TPX_TBL                           0x0800d250   Data          10  ft5206.o(.constdata)
    GT9147_CFG_TBL                           0x0800d25a   Data         184  gt9147.o(.constdata)
    GT9147_TPX_TBL                           0x0800d312   Data          10  gt9147.o(.constdata)
    OTT_TPX_TBL                              0x0800d31c   Data          10  ott2001a.o(.constdata)
    TP_REMIND_MSG_TBL                        0x0800d328   Data           4  touch.o(.constdata)
    Region$$Table$$Base                      0x0800d554   Number         0  anon$$obj.o(Region$$Table)
    Region$$Table$$Limit                     0x0800d574   Number         0  anon$$obj.o(Region$$Table)
    check_flag                               0x20000000   Data           1  main.o(.data)
    check_mode                               0x20000001   Data           1  main.o(.data)
    light_flag                               0x20000002   Data           1  main.o(.data)
    temp_flag                                0x20000003   Data           1  main.o(.data)
    password_length                          0x20000004   Data           1  main.o(.data)
    pixel_R                                  0x20000009   Data           1  main.o(.data)
    pixel_G                                  0x2000000a   Data           1  main.o(.data)
    pixel_B                                  0x2000000b   Data           1  main.o(.data)
    last_frame_pixel                         0x2000000c   Data           1  main.o(.data)
    now_frame_pixel                          0x2000000d   Data           1  main.o(.data)
    light_strong                             0x2000000e   Data           1  main.o(.data)
    key_index                                0x2000000f   Data           1  main.o(.data)
    past_photo_num                           0x20000010   Data           2  main.o(.data)
    mycolor                                  0x20000012   Data           2  main.o(.data)
    last_one                                 0x20000014   Data           2  main.o(.data)
    pixel_change_num                         0x20000018   Data           4  main.o(.data)
    password                                 0x2000001c   Data           4  main.o(.data)
    inputstr                                 0x20000020   Data           7  main.o(.data)
    LMODE_TBL                                0x20000028   Data          24  main.o(.data)
    SystemCoreClock                          0x20000040   Data           4  system_stm32f10x.o(.data)
    AHBPrescTable                            0x20000044   Data          16  system_stm32f10x.o(.data)
    POINT_COLOR                              0x20000056   Data           2  lcd.o(.data)
    BACK_COLOR                               0x20000058   Data           2  lcd.o(.data)
    tpad_default_val                         0x2000005c   Data           2  tpad.o(.data)
    ov_sta                                   0x2000005e   Data           1  exti.o(.data)
    TIM5CH1_CAPTURE_STA                      0x20000060   Data           1  timer.o(.data)
    ov_frame                                 0x20000061   Data           1  timer.o(.data)
    TIM5CH1_CAPTURE_VAL                      0x20000062   Data           2  timer.o(.data)
    CMD_RDX                                  0x20000068   Data           1  touch.o(.data)
    CMD_RDY                                  0x20000069   Data           1  touch.o(.data)
    tp_dev                                   0x2000006c   Data          52  touch.o(.data)
    USART_RX_STA                             0x200000a4   Data           2  usart.o(.data)
    __stdout                                 0x200000a8   Data           4  usart.o(.data)
    sys_cmd_tab                              0x200000c0   Data          28  usmart.o(.data)
    usmart_nametab                           0x200000dc   Data          64  usmart_config.o(.data)
    usmart_dev                               0x2000011c   Data         244  usmart_config.o(.data)
    lcddev                                   0x20000210   Data          14  lcd.o(.bss)
    STMFLASH_BUF                             0x2000021e   Data        2048  stmflash.o(.bss)
    USART_RX_BUF                             0x20000a1e   Data         200  usart.o(.bss)
    __libspace_start                         0x20000ae8   Data          96  libspace.o(.bss)
    __temporary_stack_top$libspace           0x20000b48   Data           0  libspace.o(.bss)
    last_frame                               0x68000000   Data       153600  main.o(.ARM.__AT_0x68000000)



==============================================================================

Memory Map of the image

  Image Entry point : 0x08000131

  Load Region LR_IROM1 (Base: 0x08000000, Size: 0x0000d784, Max: 0x00080000, ABSOLUTE, COMPRESSED[0x0000d624])

    Execution Region ER_IROM1 (Base: 0x08000000, Size: 0x0000d574, Max: 0x00080000, ABSOLUTE)

    Base Addr    Size         Type   Attr      Idx    E Section Name        Object

    0x08000000   0x00000130   Data   RO         1704    RESET               startup_stm32f10x_hd.o
    0x08000130   0x00000008   Code   RO         3712  * !!!main             c_w.l(__main.o)
    0x08000138   0x00000034   Code   RO         3979    !!!scatter          c_w.l(__scatter.o)
    0x0800016c   0x0000005a   Code   RO         3977    !!dczerorl2         c_w.l(__dczerorl2.o)
    0x080001c6   0x00000002   PAD
    0x080001c8   0x0000001c   Code   RO         3981    !!handler_zi        c_w.l(__scatter_zi.o)
    0x080001e4   0x00000000   Code   RO         3707    .ARM.Collect$$_printf_percent$$00000000  c_w.l(_printf_percent.o)
    0x080001e4   0x00000006   Code   RO         3705    .ARM.Collect$$_printf_percent$$00000009  c_w.l(_printf_d.o)
    0x080001ea   0x00000006   Code   RO         3706    .ARM.Collect$$_printf_percent$$0000000A  c_w.l(_printf_u.o)
    0x080001f0   0x00000006   Code   RO         3704    .ARM.Collect$$_printf_percent$$0000000C  c_w.l(_printf_x.o)
    0x080001f6   0x00000006   Code   RO         3702    .ARM.Collect$$_printf_percent$$00000013  c_w.l(_printf_c.o)
    0x080001fc   0x00000006   Code   RO         3703    .ARM.Collect$$_printf_percent$$00000014  c_w.l(_printf_s.o)
    0x08000202   0x00000004   Code   RO         3797    .ARM.Collect$$_printf_percent$$00000017  c_w.l(_printf_percent_end.o)
    0x08000206   0x00000002   Code   RO         3853    .ARM.Collect$$libinit$$00000000  c_w.l(libinit.o)
    0x08000208   0x00000000   Code   RO         3859    .ARM.Collect$$libinit$$00000002  c_w.l(libinit2.o)
    0x08000208   0x00000000   Code   RO         3861    .ARM.Collect$$libinit$$00000004  c_w.l(libinit2.o)
    0x08000208   0x00000000   Code   RO         3864    .ARM.Collect$$libinit$$0000000A  c_w.l(libinit2.o)
    0x08000208   0x00000000   Code   RO         3866    .ARM.Collect$$libinit$$0000000C  c_w.l(libinit2.o)
    0x08000208   0x00000000   Code   RO         3868    .ARM.Collect$$libinit$$0000000E  c_w.l(libinit2.o)
    0x08000208   0x00000000   Code   RO         3871    .ARM.Collect$$libinit$$00000011  c_w.l(libinit2.o)
    0x08000208   0x00000000   Code   RO         3873    .ARM.Collect$$libinit$$00000013  c_w.l(libinit2.o)
    0x08000208   0x00000000   Code   RO         3875    .ARM.Collect$$libinit$$00000015  c_w.l(libinit2.o)
    0x08000208   0x00000000   Code   RO         3877    .ARM.Collect$$libinit$$00000017  c_w.l(libinit2.o)
    0x08000208   0x00000000   Code   RO         3879    .ARM.Collect$$libinit$$00000019  c_w.l(libinit2.o)
    0x08000208   0x00000000   Code   RO         3881    .ARM.Collect$$libinit$$0000001B  c_w.l(libinit2.o)
    0x08000208   0x00000000   Code   RO         3883    .ARM.Collect$$libinit$$0000001D  c_w.l(libinit2.o)
    0x08000208   0x00000000   Code   RO         3885    .ARM.Collect$$libinit$$0000001F  c_w.l(libinit2.o)
    0x08000208   0x00000000   Code   RO         3887    .ARM.Collect$$libinit$$00000021  c_w.l(libinit2.o)
    0x08000208   0x00000000   Code   RO         3889    .ARM.Collect$$libinit$$00000023  c_w.l(libinit2.o)
    0x08000208   0x00000000   Code   RO         3891    .ARM.Collect$$libinit$$00000025  c_w.l(libinit2.o)
    0x08000208   0x00000000   Code   RO         3895    .ARM.Collect$$libinit$$0000002C  c_w.l(libinit2.o)
    0x08000208   0x00000000   Code   RO         3897    .ARM.Collect$$libinit$$0000002E  c_w.l(libinit2.o)
    0x08000208   0x00000000   Code   RO         3899    .ARM.Collect$$libinit$$00000030  c_w.l(libinit2.o)
    0x08000208   0x00000000   Code   RO         3901    .ARM.Collect$$libinit$$00000032  c_w.l(libinit2.o)
    0x08000208   0x00000002   Code   RO         3902    .ARM.Collect$$libinit$$00000033  c_w.l(libinit2.o)
    0x0800020a   0x00000002   Code   RO         3920    .ARM.Collect$$libshutdown$$00000000  c_w.l(libshutdown.o)
    0x0800020c   0x00000000   Code   RO         3931    .ARM.Collect$$libshutdown$$00000003  c_w.l(libshutdown2.o)
    0x0800020c   0x00000000   Code   RO         3934    .ARM.Collect$$libshutdown$$00000006  c_w.l(libshutdown2.o)
    0x0800020c   0x00000000   Code   RO         3937    .ARM.Collect$$libshutdown$$00000009  c_w.l(libshutdown2.o)
    0x0800020c   0x00000000   Code   RO         3939    .ARM.Collect$$libshutdown$$0000000B  c_w.l(libshutdown2.o)
    0x0800020c   0x00000000   Code   RO         3942    .ARM.Collect$$libshutdown$$0000000E  c_w.l(libshutdown2.o)
    0x0800020c   0x00000002   Code   RO         3943    .ARM.Collect$$libshutdown$$0000000F  c_w.l(libshutdown2.o)
    0x0800020e   0x00000000   Code   RO         3784    .ARM.Collect$$rtentry$$00000000  c_w.l(__rtentry.o)
    0x0800020e   0x00000000   Code   RO         3814    .ARM.Collect$$rtentry$$00000002  c_w.l(__rtentry2.o)
    0x0800020e   0x00000006   Code   RO         3826    .ARM.Collect$$rtentry$$00000004  c_w.l(__rtentry4.o)
    0x08000214   0x00000000   Code   RO         3816    .ARM.Collect$$rtentry$$00000009  c_w.l(__rtentry2.o)
    0x08000214   0x00000004   Code   RO         3817    .ARM.Collect$$rtentry$$0000000A  c_w.l(__rtentry2.o)
    0x08000218   0x00000000   Code   RO         3819    .ARM.Collect$$rtentry$$0000000C  c_w.l(__rtentry2.o)
    0x08000218   0x00000008   Code   RO         3820    .ARM.Collect$$rtentry$$0000000D  c_w.l(__rtentry2.o)
    0x08000220   0x00000002   Code   RO         3856    .ARM.Collect$$rtexit$$00000000  c_w.l(rtexit.o)
    0x08000222   0x00000000   Code   RO         3904    .ARM.Collect$$rtexit$$00000002  c_w.l(rtexit2.o)
    0x08000222   0x00000004   Code   RO         3905    .ARM.Collect$$rtexit$$00000003  c_w.l(rtexit2.o)
    0x08000226   0x00000006   Code   RO         3906    .ARM.Collect$$rtexit$$00000004  c_w.l(rtexit2.o)
    0x0800022c   0x0000003c   Code   RO         1705    .text               startup_stm32f10x_hd.o
    0x08000268   0x00000002   Code   RO         3643    .text               c_w.l(use_no_semi_2.o)
    0x0800026a   0x00000002   PAD
    0x0800026c   0x00000018   Code   RO         3649    .text               c_w.l(noretval__2printf.o)
    0x08000284   0x00000028   Code   RO         3651    .text               c_w.l(noretval__2sprintf.o)
    0x080002ac   0x0000004e   Code   RO         3655    .text               c_w.l(_printf_pad.o)
    0x080002fa   0x00000052   Code   RO         3657    .text               c_w.l(_printf_str.o)
    0x0800034c   0x00000078   Code   RO         3659    .text               c_w.l(_printf_dec.o)
    0x080003c4   0x00000058   Code   RO         3664    .text               c_w.l(_printf_hex_int.o)
    0x0800041c   0x00000188   Code   RO         3699    .text               c_w.l(__printf_flags_ss_wp.o)
    0x080005a4   0x00000080   Code   RO         3708    .text               c_w.l(strcmpv7m.o)
    0x08000624   0x00000006   Code   RO         3710    .text               c_w.l(heapauxi.o)
    0x0800062a   0x00000002   Code   RO         3782    .text               c_w.l(use_no_semi.o)
    0x0800062c   0x00000016   Code   RO         3785    .text               c_w.l(_rserrno.o)
    0x08000642   0x000000b2   Code   RO         3787    .text               c_w.l(_printf_intcommon.o)
    0x080006f4   0x00000030   Code   RO         3789    .text               c_w.l(_printf_char_common.o)
    0x08000724   0x0000000a   Code   RO         3791    .text               c_w.l(_sputc.o)
    0x0800072e   0x0000002c   Code   RO         3793    .text               c_w.l(_printf_char.o)
    0x0800075a   0x00000002   PAD
    0x0800075c   0x00000024   Code   RO         3795    .text               c_w.l(_printf_char_file.o)
    0x08000780   0x00000008   Code   RO         3831    .text               c_w.l(rt_errno_addr_intlibspace.o)
    0x08000788   0x00000008   Code   RO         3835    .text               c_w.l(ferror.o)
    0x08000790   0x00000008   Code   RO         3841    .text               c_w.l(libspace.o)
    0x08000798   0x0000004a   Code   RO         3844    .text               c_w.l(sys_stackheap_outer.o)
    0x080007e2   0x0000000c   Code   RO         3846    .text               c_w.l(exit.o)
    0x080007ee   0x00000014   Code   RO         2952    i.ADC_Cmd           stm32f10x_adc.o
    0x08000802   0x00000002   PAD
    0x08000804   0x00000044   Code   RO         2954    i.ADC_DeInit        stm32f10x_adc.o
    0x08000848   0x0000000e   Code   RO         2960    i.ADC_GetCalibrationStatus  stm32f10x_adc.o
    0x08000856   0x00000006   Code   RO         2961    i.ADC_GetConversionValue  stm32f10x_adc.o
    0x0800085c   0x0000000e   Code   RO         2963    i.ADC_GetFlagStatus  stm32f10x_adc.o
    0x0800086a   0x0000000e   Code   RO         2966    i.ADC_GetResetCalibrationStatus  stm32f10x_adc.o
    0x08000878   0x00000048   Code   RO         2970    i.ADC_Init          stm32f10x_adc.o
    0x080008c0   0x00000074   Code   RO         2974    i.ADC_RegularChannelConfig  stm32f10x_adc.o
    0x08000934   0x0000000a   Code   RO         2975    i.ADC_ResetCalibration  stm32f10x_adc.o
    0x0800093e   0x00000014   Code   RO         2977    i.ADC_SoftwareStartConvCmd  stm32f10x_adc.o
    0x08000952   0x0000000a   Code   RO         2979    i.ADC_StartCalibration  stm32f10x_adc.o
    0x0800095c   0x0000001c   Code   RO         2981    i.ADC_TempSensorVrefintCmd  stm32f10x_adc.o
    0x08000978   0x00000004   Code   RO         1361    i.AT24CXX_Init      24cxx.o
    0x0800097c   0x00000022   Code   RO         1362    i.AT24CXX_Read      24cxx.o
    0x0800099e   0x00000042   Code   RO         1364    i.AT24CXX_ReadOneByte  24cxx.o
    0x080009e0   0x00000020   Code   RO         1365    i.AT24CXX_Write     24cxx.o
    0x08000a00   0x0000003e   Code   RO         1367    i.AT24CXX_WriteOneByte  24cxx.o
    0x08000a3e   0x00000002   PAD
    0x08000a40   0x00000078   Code   RO          979    i.Adc3_Init         adc.o
    0x08000ab8   0x00000034   Code   RO          967    i.BEEP_Init         beep.o
    0x08000aec   0x00000002   Code   RO          267    i.BusFault_Handler  stm32f10x_it.o
    0x08000aee   0x00000002   PAD
    0x08000af0   0x0000004c   Code   RO         1083    i.CT_IIC_Ack        ctiic.o
    0x08000b3c   0x00000050   Code   RO         1084    i.CT_IIC_Init       ctiic.o
    0x08000b8c   0x0000004c   Code   RO         1085    i.CT_IIC_NAck       ctiic.o
    0x08000bd8   0x00000074   Code   RO         1086    i.CT_IIC_Read_Byte  ctiic.o
    0x08000c4c   0x00000068   Code   RO         1087    i.CT_IIC_Send_Byte  ctiic.o
    0x08000cb4   0x0000004c   Code   RO         1088    i.CT_IIC_Start      ctiic.o
    0x08000d00   0x00000044   Code   RO         1089    i.CT_IIC_Stop       ctiic.o
    0x08000d44   0x00000058   Code   RO         1090    i.CT_IIC_Wait_Ack   ctiic.o
    0x08000d9c   0x00000002   Code   RO          268    i.DebugMon_Handler  stm32f10x_it.o
    0x08000d9e   0x00000002   PAD
    0x08000da0   0x00000038   Code   RO          659    i.EXTI0_IRQHandler  exti.o
    0x08000dd8   0x00000038   Code   RO          660    i.EXTI2_IRQHandler  exti.o
    0x08000e10   0x00000038   Code   RO          661    i.EXTI3_IRQHandler  exti.o
    0x08000e48   0x00000038   Code   RO          662    i.EXTI4_IRQHandler  exti.o
    0x08000e80   0x00000042   Code   RO          663    i.EXTI8_Init        exti.o
    0x08000ec2   0x00000002   PAD
    0x08000ec4   0x00000048   Code   RO          664    i.EXTI9_5_IRQHandler  exti.o
    0x08000f0c   0x0000000c   Code   RO         2360    i.EXTI_ClearITPendingBit  stm32f10x_exti.o
    0x08000f18   0x00000020   Code   RO         2364    i.EXTI_GetITStatus  stm32f10x_exti.o
    0x08000f38   0x00000070   Code   RO         2365    i.EXTI_Init         stm32f10x_exti.o
    0x08000fa8   0x0000003c   Code   RO         3173    i.FLASH_ErasePage   stm32f10x_flash.o
    0x08000fe4   0x00000028   Code   RO         3174    i.FLASH_GetBank1Status  stm32f10x_flash.o
    0x0800100c   0x00000010   Code   RO         3183    i.FLASH_Lock        stm32f10x_flash.o
    0x0800101c   0x00000034   Code   RO         3186    i.FLASH_ProgramHalfWord  stm32f10x_flash.o
    0x08001050   0x00000018   Code   RO         3191    i.FLASH_Unlock      stm32f10x_flash.o
    0x08001068   0x00000022   Code   RO         3195    i.FLASH_WaitForLastOperation  stm32f10x_flash.o
    0x0800108a   0x00000002   PAD
    0x0800108c   0x00000020   Code   RO         1756    i.FSMC_NORSRAMCmd   stm32f10x_fsmc.o
    0x080010ac   0x000000c8   Code   RO         1758    i.FSMC_NORSRAMInit  stm32f10x_fsmc.o
    0x08001174   0x000000bc   Code   RO          932    i.FSMC_SRAM_Init    sram.o
    0x08001230   0x000000e4   Code   RO         1145    i.FT5206_Init       ft5206.o
    0x08001314   0x00000056   Code   RO         1146    i.FT5206_RD_Reg     ft5206.o
    0x0800136a   0x00000002   PAD
    0x0800136c   0x00000134   Code   RO         1147    i.FT5206_Scan       ft5206.o
    0x080014a0   0x00000048   Code   RO         1148    i.FT5206_WR_Reg     ft5206.o
    0x080014e8   0x00000028   Code   RO         1868    i.GPIO_EXTILineConfig  stm32f10x_gpio.o
    0x08001510   0x0000009c   Code   RO         1871    i.GPIO_Init         stm32f10x_gpio.o
    0x080015ac   0x00000058   Code   RO         1873    i.GPIO_PinRemapConfig  stm32f10x_gpio.o
    0x08001604   0x0000000e   Code   RO         1875    i.GPIO_ReadInputDataBit  stm32f10x_gpio.o
    0x08001612   0x00000004   Code   RO         1878    i.GPIO_ResetBits    stm32f10x_gpio.o
    0x08001616   0x00000004   Code   RO         1879    i.GPIO_SetBits      stm32f10x_gpio.o
    0x0800161a   0x00000002   PAD
    0x0800161c   0x0000012c   Code   RO         1182    i.GT9147_Init       gt9147.o
    0x08001748   0x00000060   Code   RO         1183    i.GT9147_RD_Reg     gt9147.o
    0x080017a8   0x0000017c   Code   RO         1184    i.GT9147_Scan       gt9147.o
    0x08001924   0x0000004c   Code   RO         1185    i.GT9147_Send_Cfg   gt9147.o
    0x08001970   0x00000052   Code   RO         1186    i.GT9147_WR_Reg     gt9147.o
    0x080019c2   0x00000002   PAD
    0x080019c4   0x00000034   Code   RO          980    i.Get_Adc3          adc.o
    0x080019f8   0x00000064   Code   RO          981    i.Get_Temprate      adc.o
    0x08001a5c   0x00000002   Code   RO          269    i.HardFault_Handler  stm32f10x_it.o
    0x08001a5e   0x00000002   PAD
    0x08001a60   0x00000040   Code   RO         1414    i.IIC_Ack           myiic.o
    0x08001aa0   0x00000034   Code   RO         1415    i.IIC_Init          myiic.o
    0x08001ad4   0x00000040   Code   RO         1416    i.IIC_NAck          myiic.o
    0x08001b14   0x0000006c   Code   RO         1417    i.IIC_Read_Byte     myiic.o
    0x08001b80   0x00000068   Code   RO         1418    i.IIC_Send_Byte     myiic.o
    0x08001be8   0x00000040   Code   RO         1419    i.IIC_Start         myiic.o
    0x08001c28   0x00000044   Code   RO         1420    i.IIC_Stop          myiic.o
    0x08001c6c   0x00000058   Code   RO         1421    i.IIC_Wait_Ack      myiic.o
    0x08001cc4   0x0000003c   Code   RO          394    i.KEY_Init          key.o
    0x08001d00   0x000000cc   Code   RO          395    i.KEY_Scan          key.o
    0x08001dcc   0x0000006c   Code   RO          414    i.LCD_Clear         lcd.o
    0x08001e38   0x00000134   Code   RO          418    i.LCD_Display_Dir   lcd.o
    0x08001f6c   0x00000096   Code   RO          419    i.LCD_DrawLine      lcd.o
    0x08002002   0x00000002   PAD
    0x08002004   0x0000001c   Code   RO          420    i.LCD_DrawPoint     lcd.o
    0x08002020   0x000000b0   Code   RO          422    i.LCD_Draw_Circle   lcd.o
    0x080020d0   0x0000011c   Code   RO          423    i.LCD_Fast_DrawPoint  lcd.o
    0x080021ec   0x0000008c   Code   RO          424    i.LCD_Fill          lcd.o
    0x08002278   0x00002e18   Code   RO          425    i.LCD_Init          lcd.o
    0x08005090   0x00000010   Code   RO          426    i.LCD_Pow           lcd.o
    0x080050a0   0x00000014   Code   RO          427    i.LCD_RD_DATA       lcd.o
    0x080050b4   0x00000018   Code   RO          429    i.LCD_ReadReg       lcd.o
    0x080050cc   0x0000003c   Code   RO          430    i.LCD_SSD_BackLightSet  lcd.o
    0x08005108   0x000001a8   Code   RO          431    i.LCD_Scan_Dir      lcd.o
    0x080052b0   0x00000148   Code   RO          432    i.LCD_SetCursor     lcd.o
    0x080053f8   0x0000017c   Code   RO          433    i.LCD_Set_Window    lcd.o
    0x08005574   0x000000cc   Code   RO          434    i.LCD_ShowChar      lcd.o
    0x08005640   0x00000076   Code   RO          435    i.LCD_ShowNum       lcd.o
    0x080056b6   0x00000054   Code   RO          436    i.LCD_ShowString    lcd.o
    0x0800570a   0x00000086   Code   RO          437    i.LCD_ShowxNum      lcd.o
    0x08005790   0x00000014   Code   RO          441    i.LCD_WriteRAM_Prepare  lcd.o
    0x080057a4   0x00000010   Code   RO          442    i.LCD_WriteReg      lcd.o
    0x080057b4   0x00000050   Code   RO          382    i.LED_Init          led.o
    0x08005804   0x0000003a   Code   RO         1027    i.Lsens_Get_Val     lsens.o
    0x0800583e   0x00000002   PAD
    0x08005840   0x0000002c   Code   RO         1028    i.Lsens_Init        lsens.o
    0x0800586c   0x00000002   Code   RO          270    i.MemManage_Handler  stm32f10x_it.o
    0x0800586e   0x00000002   Code   RO          271    i.NMI_Handler       stm32f10x_it.o
    0x08005870   0x00000064   Code   RO         1709    i.NVIC_Init         misc.o
    0x080058d4   0x00000014   Code   RO         1710    i.NVIC_PriorityGroupConfig  misc.o
    0x080058e8   0x000000b0   Code   RO         1225    i.OTT2001A_Init     ott2001a.o
    0x08005998   0x00000060   Code   RO         1226    i.OTT2001A_RD_Reg   ott2001a.o
    0x080059f8   0x00000164   Code   RO         1227    i.OTT2001A_Scan     ott2001a.o
    0x08005b5c   0x0000001e   Code   RO         1228    i.OTT2001A_SensorControl  ott2001a.o
    0x08005b7a   0x00000052   Code   RO         1229    i.OTT2001A_WR_Reg   ott2001a.o
    0x08005bcc   0x00000026   Code   RO          824    i.OV7670_Brightness  ov7670.o
    0x08005bf2   0x00000072   Code   RO          825    i.OV7670_Color_Saturation  ov7670.o
    0x08005c64   0x00000026   Code   RO          826    i.OV7670_Contrast   ov7670.o
    0x08005c8a   0x0000007e   Code   RO          828    i.OV7670_Light_Mode  ov7670.o
    0x08005d08   0x0000006e   Code   RO          830    i.OV7670_Window_Set  ov7670.o
    0x08005d76   0x00000002   PAD
    0x08005d78   0x00000100   Code   RO            1    i.OV7670_camera_refresh  main.o
    0x08005e78   0x0000004e   Code   RO          878    i.OV7725_Brightness  ov7725.o
    0x08005ec6   0x00000022   Code   RO          879    i.OV7725_Color_Saturation  ov7725.o
    0x08005ee8   0x00000016   Code   RO          880    i.OV7725_Contrast   ov7725.o
    0x08005efe   0x00000002   PAD
    0x08005f00   0x0000015c   Code   RO          881    i.OV7725_Init       ov7725.o
    0x0800605c   0x00000098   Code   RO          882    i.OV7725_Light_Mode  ov7725.o
    0x080060f4   0x0000008a   Code   RO          883    i.OV7725_Special_Effects  ov7725.o
    0x0800617e   0x00000146   Code   RO          884    i.OV7725_Window_Set  ov7725.o
    0x080062c4   0x0000012c   Code   RO            2    i.OV7725_camera_refresh  main.o
    0x080063f0   0x00000002   Code   RO          272    i.PendSV_Handler    stm32f10x_it.o
    0x080063f2   0x00000002   PAD
    0x080063f4   0x00000014   Code   RO         1979    i.RCC_ADCCLKConfig  stm32f10x_rcc.o
    0x08006408   0x00000018   Code   RO         1980    i.RCC_AHBPeriphClockCmd  stm32f10x_rcc.o
    0x08006420   0x00000018   Code   RO         1981    i.RCC_APB1PeriphClockCmd  stm32f10x_rcc.o
    0x08006438   0x00000018   Code   RO         1983    i.RCC_APB2PeriphClockCmd  stm32f10x_rcc.o
    0x08006450   0x00000018   Code   RO         1984    i.RCC_APB2PeriphResetCmd  stm32f10x_rcc.o
    0x08006468   0x00000094   Code   RO         1991    i.RCC_GetClocksFreq  stm32f10x_rcc.o
    0x080064fc   0x0000006c   Code   RO          768    i.SCCB_Init         sccb.o
    0x08006568   0x00000044   Code   RO          769    i.SCCB_No_Ack       sccb.o
    0x080065ac   0x00000074   Code   RO          770    i.SCCB_RD_Byte      sccb.o
    0x08006620   0x0000004c   Code   RO          771    i.SCCB_RD_Reg       sccb.o
    0x0800666c   0x00000034   Code   RO          772    i.SCCB_Start        sccb.o
    0x080066a0   0x00000038   Code   RO          773    i.SCCB_Stop         sccb.o
    0x080066d8   0x00000090   Code   RO          774    i.SCCB_WR_Byte      sccb.o
    0x08006768   0x0000003e   Code   RO          775    i.SCCB_WR_Reg       sccb.o
    0x080067a6   0x00000018   Code   RO         1045    i.STMFLASH_Read     stmflash.o
    0x080067be   0x00000002   PAD
    0x080067c0   0x000000c0   Code   RO         1047    i.STMFLASH_Write    stmflash.o
    0x08006880   0x00000026   Code   RO         1048    i.STMFLASH_Write_NoCheck  stmflash.o
    0x080068a6   0x00000002   Code   RO          273    i.SVC_Handler       stm32f10x_it.o
    0x080068a8   0x000000a8   Code   RO          353    i.SetSysClockTo72   system_stm32f10x.o
    0x08006950   0x00000018   Code   RO         1713    i.SysTick_CLKSourceConfig  misc.o
    0x08006968   0x00000002   Code   RO          274    i.SysTick_Handler   stm32f10x_it.o
    0x0800696a   0x00000002   PAD
    0x0800696c   0x00000050   Code   RO          355    i.SystemInit        system_stm32f10x.o
    0x080069bc   0x0000006c   Code   RO         2413    i.TI1_Config        stm32f10x_tim.o
    0x08006a28   0x0000007c   Code   RO         2414    i.TI2_Config        stm32f10x_tim.o
    0x08006aa4   0x00000034   Code   RO          711    i.TIM3_IRQHandler   timer.o
    0x08006ad8   0x0000003c   Code   RO         3484    i.TIM4_IRQHandler   usmart.o
    0x08006b14   0x00000080   Code   RO          607    i.TIM5_CH2_Cap_Init  tpad.o
    0x08006b94   0x00000088   Code   RO          715    i.TIM5_IRQHandler   timer.o
    0x08006c1c   0x00000040   Code   RO          716    i.TIM6_IRQHandler   timer.o
    0x08006c5c   0x00000060   Code   RO          717    i.TIM6_Int_Init     timer.o
    0x08006cbc   0x00000006   Code   RO         2421    i.TIM_ClearFlag     stm32f10x_tim.o
    0x08006cc2   0x00000006   Code   RO         2422    i.TIM_ClearITPendingBit  stm32f10x_tim.o
    0x08006cc8   0x00000014   Code   RO         2427    i.TIM_Cmd           stm32f10x_tim.o
    0x08006cdc   0x00000004   Code   RO         2442    i.TIM_GetCapture1   stm32f10x_tim.o
    0x08006ce0   0x00000004   Code   RO         2443    i.TIM_GetCapture2   stm32f10x_tim.o
    0x08006ce4   0x00000004   Code   RO         2446    i.TIM_GetCounter    stm32f10x_tim.o
    0x08006ce8   0x0000000e   Code   RO         2447    i.TIM_GetFlagStatus  stm32f10x_tim.o
    0x08006cf6   0x00000018   Code   RO         2448    i.TIM_GetITStatus   stm32f10x_tim.o
    0x08006d0e   0x00000002   PAD
    0x08006d10   0x0000012c   Code   RO         2450    i.TIM_ICInit        stm32f10x_tim.o
    0x08006e3c   0x00000010   Code   RO         2452    i.TIM_ITConfig      stm32f10x_tim.o
    0x08006e4c   0x0000000c   Code   RO         2458    i.TIM_OC1PolarityConfig  stm32f10x_tim.o
    0x08006e58   0x00000004   Code   RO         2486    i.TIM_SetAutoreload  stm32f10x_tim.o
    0x08006e5c   0x00000004   Code   RO         2492    i.TIM_SetCounter    stm32f10x_tim.o
    0x08006e60   0x00000010   Code   RO         2493    i.TIM_SetIC1Prescaler  stm32f10x_tim.o
    0x08006e70   0x00000018   Code   RO         2494    i.TIM_SetIC2Prescaler  stm32f10x_tim.o
    0x08006e88   0x00000010   Code   RO         2495    i.TIM_SetIC3Prescaler  stm32f10x_tim.o
    0x08006e98   0x00000018   Code   RO         2496    i.TIM_SetIC4Prescaler  stm32f10x_tim.o
    0x08006eb0   0x0000009c   Code   RO         2498    i.TIM_TimeBaseInit  stm32f10x_tim.o
    0x08006f4c   0x0000001c   Code   RO          608    i.TPAD_Get_MaxVal   tpad.o
    0x08006f68   0x0000003c   Code   RO          609    i.TPAD_Get_Val      tpad.o
    0x08006fa4   0x000000a8   Code   RO          610    i.TPAD_Init         tpad.o
    0x0800704c   0x00000060   Code   RO          611    i.TPAD_Reset        tpad.o
    0x080070ac   0x00000040   Code   RO          612    i.TPAD_Scan         tpad.o
    0x080070ec   0x00000178   Code   RO         1265    i.TP_Adj_Info_Show  touch.o
    0x08007264   0x00000570   Code   RO         1266    i.TP_Adjust         touch.o
    0x080077d4   0x00000070   Code   RO         1268    i.TP_Drow_Touch_Point  touch.o
    0x08007844   0x0000003c   Code   RO         1269    i.TP_Get_Adjdata    touch.o
    0x08007880   0x0000012c   Code   RO         1270    i.TP_Init           touch.o
    0x080079ac   0x00000084   Code   RO         1271    i.TP_Read_AD        touch.o
    0x08007a30   0x00000060   Code   RO         1272    i.TP_Read_XOY       touch.o
    0x08007a90   0x00000028   Code   RO         1273    i.TP_Read_XY        touch.o
    0x08007ab8   0x0000007c   Code   RO         1274    i.TP_Read_XY2       touch.o
    0x08007b34   0x0000001c   Code   RO         1275    i.TP_Save_Adjdata   touch.o
    0x08007b50   0x000000b4   Code   RO         1276    i.TP_Scan           touch.o
    0x08007c04   0x00000048   Code   RO         1277    i.TP_Write_Byte     touch.o
    0x08007c4c   0x00000078   Code   RO          982    i.T_Adc_Init        adc.o
    0x08007cc4   0x00000034   Code   RO          983    i.T_Get_Adc         adc.o
    0x08007cf8   0x0000002e   Code   RO          984    i.T_Get_Adc_Average  adc.o
    0x08007d26   0x00000002   PAD
    0x08007d28   0x00000060   Code   RO         3485    i.Timer4_Init       usmart.o
    0x08007d88   0x00000064   Code   RO         1650    i.USART1_IRQHandler  usart.o
    0x08007dec   0x00000014   Code   RO         2183    i.USART_Cmd         stm32f10x_usart.o
    0x08007e00   0x0000003e   Code   RO         2187    i.USART_GetITStatus  stm32f10x_usart.o
    0x08007e3e   0x00000030   Code   RO         2189    i.USART_ITConfig    stm32f10x_usart.o
    0x08007e6e   0x00000002   PAD
    0x08007e70   0x000000ac   Code   RO         2190    i.USART_Init        stm32f10x_usart.o
    0x08007f1c   0x00000008   Code   RO         2197    i.USART_ReceiveData  stm32f10x_usart.o
    0x08007f24   0x00000002   Code   RO          275    i.UsageFault_Handler  stm32f10x_it.o
    0x08007f26   0x0000000e   Code   RO         3692    i._is_digit         c_w.l(__printf_wp.o)
    0x08007f34   0x00000002   Code   RO         1651    i._sys_exit         usart.o
    0x08007f36   0x00000002   PAD
    0x08007f38   0x0000003c   Code   RO         1595    i.delay_init        delay.o
    0x08007f74   0x00000034   Code   RO         1596    i.delay_ms          delay.o
    0x08007fa8   0x00000034   Code   RO         1597    i.delay_us          delay.o
    0x08007fdc   0x00000018   Code   RO         1652    i.fputc             usart.o
    0x08007ff4   0x0000008c   Code   RO            3    i.get_keynum_enter  main.o
    0x08008080   0x0000008c   Code   RO            4    i.get_keynum_main   main.o
    0x0800810c   0x0000008c   Code   RO            5    i.get_keynum_show   main.o
    0x08008198   0x00000124   Code   RO            7    i.is_change_mode    main.o
    0x080082bc   0x00000824   Code   RO            8    i.main              main.o
    0x08008ae0   0x00000124   Code   RO            9    i.passwordIndex     main.o
    0x08008c04   0x00000054   Code   RO           11    i.person_check_mode  main.o
    0x08008c58   0x00000154   Code   RO           12    i.py_get_keynum     main.o
    0x08008dac   0x00000004   Code   RO         3486    i.read_addr         usmart.o
    0x08008db0   0x00000238   Code   RO           13    i.show_alert_photo  main.o
    0x08008fe8   0x0000004c   Code   RO         3775    i.sqrt              m_ws.l(sqrt.o)
    0x08009034   0x0000010c   Code   RO           14    i.touch_gui_enter   main.o
    0x08009140   0x00000420   Code   RO           15    i.touch_gui_login   main.o
    0x08009560   0x00000114   Code   RO           16    i.touch_gui_main    main.o
    0x08009674   0x00000108   Code   RO           17    i.touch_gui_show    main.o
    0x0800977c   0x000000a0   Code   RO         1653    i.uart_init         usart.o
    0x0800981c   0x00000094   Code   RO         3487    i.usmart_cmd_rec    usmart.o
    0x080098b0   0x00000260   Code   RO         3488    i.usmart_exe        usmart.o
    0x08009b10   0x0000009c   Code   RO         3574    i.usmart_get_aparm  usmart_str.o
    0x08009bac   0x0000002e   Code   RO         3575    i.usmart_get_cmdname  usmart_str.o
    0x08009bda   0x00000002   PAD
    0x08009bdc   0x00000168   Code   RO         3576    i.usmart_get_fname  usmart_str.o
    0x08009d44   0x000000d0   Code   RO         3577    i.usmart_get_fparam  usmart_str.o
    0x08009e14   0x00000024   Code   RO         3578    i.usmart_get_parmpos  usmart_str.o
    0x08009e38   0x00000038   Code   RO         3489    i.usmart_get_runtime  usmart.o
    0x08009e70   0x00000028   Code   RO         3490    i.usmart_init       usmart.o
    0x08009e98   0x00000010   Code   RO         3579    i.usmart_pow        usmart_str.o
    0x08009ea8   0x00000030   Code   RO         3491    i.usmart_reset_runtime  usmart.o
    0x08009ed8   0x000000a4   Code   RO         3492    i.usmart_scan       usmart.o
    0x08009f7c   0x00000010   Code   RO         3580    i.usmart_search_nextc  usmart_str.o
    0x08009f8c   0x000000a0   Code   RO         3581    i.usmart_str2num    usmart_str.o
    0x0800a02c   0x00000018   Code   RO         3582    i.usmart_strcmp     usmart_str.o
    0x0800a044   0x00000012   Code   RO         3583    i.usmart_strcopy    usmart_str.o
    0x0800a056   0x00000012   Code   RO         3584    i.usmart_strlen     usmart_str.o
    0x0800a068   0x00000670   Code   RO         3493    i.usmart_sys_cmd_exe  usmart.o
    0x0800a6d8   0x00000004   Code   RO         3494    i.write_addr        usmart.o
    0x0800a6dc   0x000000c4   Code   RO           18    i.write_alert_photo  main.o
    0x0800a7a0   0x00000150   Code   RO         3714    x$fpl$dadd          fz_ws.l(daddsub_clz.o)
    0x0800a8f0   0x00000018   Code   RO         3798    x$fpl$dcmpinf       fz_ws.l(dcmpi.o)
    0x0800a908   0x000002b0   Code   RO         3721    x$fpl$ddiv          fz_ws.l(ddiv.o)
    0x0800abb8   0x0000005e   Code   RO         3724    x$fpl$dfix          fz_ws.l(dfix.o)
    0x0800ac16   0x00000002   PAD
    0x0800ac18   0x0000005a   Code   RO         3728    x$fpl$dfixu         fz_ws.l(dfixu.o)
    0x0800ac72   0x00000026   Code   RO         3732    x$fpl$dfltu         fz_ws.l(dflt_clz.o)
    0x0800ac98   0x00000078   Code   RO         3738    x$fpl$dleqf         fz_ws.l(dleqf.o)
    0x0800ad10   0x00000154   Code   RO         3740    x$fpl$dmul          fz_ws.l(dmul.o)
    0x0800ae64   0x0000009c   Code   RO         3800    x$fpl$dnaninf       fz_ws.l(dnaninf.o)
    0x0800af00   0x0000000c   Code   RO         3802    x$fpl$dretinf       fz_ws.l(dretinf.o)
    0x0800af0c   0x0000006c   Code   RO         3742    x$fpl$drleqf        fz_ws.l(drleqf.o)
    0x0800af78   0x00000016   Code   RO         3715    x$fpl$drsb          fz_ws.l(daddsub_clz.o)
    0x0800af8e   0x00000002   PAD
    0x0800af90   0x000001cc   Code   RO         3804    x$fpl$dsqrt         fz_ws.l(dsqrt_noumaal.o)
    0x0800b15c   0x000001d4   Code   RO         3716    x$fpl$dsub          fz_ws.l(daddsub_clz.o)
    0x0800b330   0x00000056   Code   RO         3744    x$fpl$f2d           fz_ws.l(f2d.o)
    0x0800b386   0x00000002   PAD
    0x0800b388   0x000000c4   Code   RO         3746    x$fpl$fadd          fz_ws.l(faddsub_clz.o)
    0x0800b44c   0x0000000c   Code   RO         3806    x$fpl$fcheck1       fz_ws.l(fcheck1.o)
    0x0800b458   0x00000184   Code   RO         3753    x$fpl$fdiv          fz_ws.l(fdiv.o)
    0x0800b5dc   0x00000036   Code   RO         3756    x$fpl$ffix          fz_ws.l(ffix.o)
    0x0800b612   0x00000002   PAD
    0x0800b614   0x0000003e   Code   RO         3760    x$fpl$ffixu         fz_ws.l(ffixu.o)
    0x0800b652   0x00000002   PAD
    0x0800b654   0x00000030   Code   RO         3765    x$fpl$fflt          fz_ws.l(fflt_clz.o)
    0x0800b684   0x00000026   Code   RO         3764    x$fpl$ffltu         fz_ws.l(fflt_clz.o)
    0x0800b6aa   0x00000002   PAD
    0x0800b6ac   0x00000102   Code   RO         3770    x$fpl$fmul          fz_ws.l(fmul.o)
    0x0800b7ae   0x0000008c   Code   RO         3808    x$fpl$fnaninf       fz_ws.l(fnaninf.o)
    0x0800b83a   0x0000000a   Code   RO         3810    x$fpl$fretinf       fz_ws.l(fretinf.o)
    0x0800b844   0x000000ea   Code   RO         3748    x$fpl$fsub          fz_ws.l(faddsub_clz.o)
    0x0800b92e   0x00000064   Code   RO         3839    x$fpl$retnan        fz_ws.l(retnan.o)
    0x0800b992   0x0000004c   Code   RO         3772    x$fpl$scalbnf       fz_ws.l(scalbnf.o)
    0x0800b9de   0x00000030   Code   RO         3854    x$fpl$trapveneer    fz_ws.l(trapv.o)
    0x0800ba0e   0x00000000   Code   RO         3812    x$fpl$usenofp       fz_ws.l(usenofp.o)
    0x0800ba0e   0x000017c0   Data   RO          445    .constdata          lcd.o
    0x0800d1ce   0x00000082   Data   RO          885    .constdata          ov7725.o
    0x0800d250   0x0000000a   Data   RO         1149    .constdata          ft5206.o
    0x0800d25a   0x000000c2   Data   RO         1187    .constdata          gt9147.o
    0x0800d31c   0x0000000a   Data   RO         1230    .constdata          ott2001a.o
    0x0800d326   0x00000002   PAD
    0x0800d328   0x00000004   Data   RO         1278    .constdata          touch.o
    0x0800d32c   0x00000028   Data   RO         3665    .constdata          c_w.l(_printf_hex_int.o)
    0x0800d354   0x00000011   Data   RO         3700    .constdata          c_w.l(__printf_flags_ss_wp.o)
    0x0800d365   0x00000003   PAD
    0x0800d368   0x0000002e   Data   RO           20    .conststring        main.o
    0x0800d396   0x00000002   PAD
    0x0800d398   0x00000079   Data   RO         1279    .conststring        touch.o
    0x0800d411   0x00000003   PAD
    0x0800d414   0x00000028   Data   RO         3495    .conststring        usmart.o
    0x0800d43c   0x00000117   Data   RO         3560    .conststring        usmart_config.o
    0x0800d553   0x00000001   PAD
    0x0800d554   0x00000020   Data   RO         3975    Region$$Table       anon$$obj.o


    Execution Region RW_IRAM1 (Base: 0x20000000, Size: 0x00000f48, Max: 0x00010000, ABSOLUTE, COMPRESSED[0x000000b0])

    Base Addr    Size         Type   Attr      Idx    E Section Name        Object

    0x20000000   0x00000040   Data   RW           22    .data               main.o
    0x20000040   0x00000014   Data   RW          356    .data               system_stm32f10x.o
    0x20000054   0x00000001   Data   RW          396    .data               key.o
    0x20000055   0x00000001   PAD
    0x20000056   0x00000004   Data   RW          446    .data               lcd.o
    0x2000005a   0x00000004   Data   RW          613    .data               tpad.o
    0x2000005e   0x00000001   Data   RW          666    .data               exti.o
    0x2000005f   0x00000001   PAD
    0x20000060   0x00000004   Data   RW          719    .data               timer.o
    0x20000064   0x00000001   Data   RW         1150    .data               ft5206.o
    0x20000065   0x00000001   Data   RW         1188    .data               gt9147.o
    0x20000066   0x00000001   Data   RW         1231    .data               ott2001a.o
    0x20000067   0x00000001   PAD
    0x20000068   0x00000038   Data   RW         1280    .data               touch.o
    0x200000a0   0x00000004   Data   RW         1598    .data               delay.o
    0x200000a4   0x00000002   Data   RW         1655    .data               usart.o
    0x200000a6   0x00000002   PAD
    0x200000a8   0x00000004   Data   RW         1656    .data               usart.o
    0x200000ac   0x00000014   Data   RW         2011    .data               stm32f10x_rcc.o
    0x200000c0   0x0000001c   Data   RW         3496    .data               usmart.o
    0x200000dc   0x00000040   Data   RW         3561    .data               usmart_config.o
    0x2000011c   0x000000f4   Data   RW         3562    .data               usmart_config.o
    0x20000210   0x0000000e   Zero   RW          444    .bss                lcd.o
    0x2000021e   0x00000800   Zero   RW         1050    .bss                stmflash.o
    0x20000a1e   0x000000c8   Zero   RW         1654    .bss                usart.o
    0x20000ae6   0x00000002   PAD
    0x20000ae8   0x00000060   Zero   RW         3842    .bss                c_w.l(libspace.o)
    0x20000b48   0x00000000   Zero   RW         1703    HEAP                startup_stm32f10x_hd.o
    0x20000b48   0x00000400   Zero   RW         1702    STACK               startup_stm32f10x_hd.o



  Load Region LR$$.ARM.__AT_0x68000000 (Base: 0x68000000, Size: 0x00000000, Max: 0x00025800, ABSOLUTE)

    Execution Region ER$$.ARM.__AT_0x68000000 (Base: 0x68000000, Size: 0x00025800, Max: 0x00025800, ABSOLUTE, UNINIT)

    Base Addr    Size         Type   Attr      Idx    E Section Name        Object

    0x68000000   0x00025800   Zero   RW           19    .ARM.__AT_0x68000000  main.o


==============================================================================

Image component sizes


      Code (inc. data)   RO Data    RW Data    ZI Data      Debug   Object Name

       198          0          0          0          0       2815   24cxx.o
       490         50          0          0          0       3475   adc.o
        52         14          0          0          0        412   beep.o
       684         98          0          0          0       4825   ctiic.o
       164         26          0          4          0       1535   delay.o
       362         50          0          1          0       3195   exti.o
       694         34         10          1          0       3345   ft5206.o
       934         70        194          1          0       4158   gt9147.o
       264         22          0          1          0       1170   key.o
     14822        190       6080          4         14      55731   lcd.o
        80         10          0          0          0        483   led.o
       102          6          0          0          0        997   lsens.o
      6696        852         46         64     153600     291813   main.o
       144         16          0          0          0       1857   misc.o
       612         66          0          0          0       4038   myiic.o
       740         54         10          1          0       3803   ott2001a.o
       426         24          0          0          0       2780   ov7670.o
      1098         76        130          0          0       6817   ov7725.o
       682         66          0          0          0       4515   sccb.o
       188         18          0          0          0        673   sram.o
        60         22        304          0       1024        772   startup_stm32f10x_hd.o
       392         28          0          0          0       8313   stm32f10x_adc.o
       156         14          0          0          0       1960   stm32f10x_exti.o
       226         30          0          0          0       4871   stm32f10x_flash.o
       232          6          0          0          0       1737   stm32f10x_fsmc.o
       306         12          0          0          0       4436   stm32f10x_gpio.o
        18          0          0          0          0       3478   stm32f10x_it.o
       264         46          0         20          0       5754   stm32f10x_rcc.o
       886        106          0          0          0      11792   stm32f10x_tim.o
       310          6          0          0          0       4466   stm32f10x_usart.o
       254          6          0          0       2048       2697   stmflash.o
         0          0          0          0          0         32   sys.o
       248         24          0         20          0       1633   system_stm32f10x.o
       348         46          0          4          0       2470   timer.o
      2912        216        125         56          0       9339   touch.o
       544         58          0          4          0       4201   tpad.o
       286         26          0          6        200       3936   usart.o
      2876       1332         40         28          0       7030   usmart.o
         0          0        279        308          0       1612   usmart_config.o
      1058         20          0          0          0       7299   usmart_str.o

    ----------------------------------------------------------------------
     40852       3740       7258        528     156888     486265   Object Totals
         0          0         32          0          0          0   (incl. Generated)
        44          0          8          5          2          0   (incl. Padding)

    ----------------------------------------------------------------------

      Code (inc. data)   RO Data    RW Data    ZI Data      Debug   Library Member Name

        90          0          0          0          0          0   __dczerorl2.o
         8          0          0          0          0         68   __main.o
       392          4         17          0          0         92   __printf_flags_ss_wp.o
        14          0          0          0          0         68   __printf_wp.o
         0          0          0          0          0          0   __rtentry.o
        12          0          0          0          0          0   __rtentry2.o
         6          0          0          0          0          0   __rtentry4.o
        52          8          0          0          0          0   __scatter.o
        28          0          0          0          0          0   __scatter_zi.o
         6          0          0          0          0          0   _printf_c.o
        44          0          0          0          0        108   _printf_char.o
        48          6          0          0          0         96   _printf_char_common.o
        36          4          0          0          0         80   _printf_char_file.o
         6          0          0          0          0          0   _printf_d.o
       120         16          0          0          0         92   _printf_dec.o
        88          4         40          0          0         88   _printf_hex_int.o
       178          0          0          0          0         88   _printf_intcommon.o
        78          0          0          0          0        108   _printf_pad.o
         0          0          0          0          0          0   _printf_percent.o
         4          0          0          0          0          0   _printf_percent_end.o
         6          0          0          0          0          0   _printf_s.o
        82          0          0          0          0         80   _printf_str.o
         6          0          0          0          0          0   _printf_u.o
         6          0          0          0          0          0   _printf_x.o
        22          0          0          0          0        100   _rserrno.o
        10          0          0          0          0         68   _sputc.o
        12          0          0          0          0         72   exit.o
         8          0          0          0          0         68   ferror.o
         6          0          0          0          0        152   heapauxi.o
         2          0          0          0          0          0   libinit.o
         2          0          0          0          0          0   libinit2.o
         2          0          0          0          0          0   libshutdown.o
         2          0          0          0          0          0   libshutdown2.o
         8          4          0          0         96         68   libspace.o
        24          4          0          0          0         84   noretval__2printf.o
        40          6          0          0          0         84   noretval__2sprintf.o
         8          4          0          0          0         68   rt_errno_addr_intlibspace.o
         2          0          0          0          0          0   rtexit.o
        10          0          0          0          0          0   rtexit2.o
       128          0          0          0          0         68   strcmpv7m.o
        74          0          0          0          0         80   sys_stackheap_outer.o
         2          0          0          0          0         68   use_no_semi.o
         2          0          0          0          0         68   use_no_semi_2.o
       826         16          0          0          0        348   daddsub_clz.o
        24          0          0          0          0         68   dcmpi.o
       688        140          0          0          0        208   ddiv.o
        94          4          0          0          0         92   dfix.o
        90          4          0          0          0         92   dfixu.o
        38          0          0          0          0         68   dflt_clz.o
       120          4          0          0          0         92   dleqf.o
       340         12          0          0          0        104   dmul.o
       156          4          0          0          0         92   dnaninf.o
        12          0          0          0          0         68   dretinf.o
       108          0          0          0          0         80   drleqf.o
       460         56          0          0          0        120   dsqrt_noumaal.o
        86          4          0          0          0         84   f2d.o
       430          8          0          0          0        168   faddsub_clz.o
        12          4          0          0          0         68   fcheck1.o
       388         76          0          0          0         96   fdiv.o
        54          4          0          0          0         84   ffix.o
        62          4          0          0          0         84   ffixu.o
        86          0          0          0          0        136   fflt_clz.o
       258          4          0          0          0         84   fmul.o
       140          4          0          0          0         84   fnaninf.o
        10          0          0          0          0         68   fretinf.o
       100          0          0          0          0         68   retnan.o
        76          0          0          0          0         68   scalbnf.o
        48          0          0          0          0         68   trapv.o
         0          0          0          0          0          0   usenofp.o
        76          0          0          0          0         84   sqrt.o

    ----------------------------------------------------------------------
      6474        408         60          0         96       4692   Library Totals
        18          0          3          0          0          0   (incl. Padding)

    ----------------------------------------------------------------------

      Code (inc. data)   RO Data    RW Data    ZI Data      Debug   Library Name

      1674         60         57          0         96       2016   c_w.l
      4706        348          0          0          0       2592   fz_ws.l
        76          0          0          0          0         84   m_ws.l

    ----------------------------------------------------------------------
      6474        408         60          0         96       4692   Library Totals

    ----------------------------------------------------------------------

==============================================================================


      Code (inc. data)   RO Data    RW Data    ZI Data      Debug   

     47326       4148       7318        528     156984     476237   Grand Totals
     47326       4148       7318        176     156984     476237   ELF Image Totals (compressed)
     47326       4148       7318        176          0          0   ROM Totals

==============================================================================

    Total RO  Size (Code + RO Data)                54644 (  53.36kB)
    Total RW  Size (RW Data + ZI Data)            157512 ( 153.82kB)
    Total ROM Size (Code + RO Data + RW Data)      54820 (  53.54kB)

==============================================================================

