Component: ARM Compiler 5.05 update 1 (build 106) Tool: armlink [4d0efa]

==============================================================================

Section Cross References

    main.o(i.OV7670_camera_refresh) refers to lcd.o(i.LCD_Scan_Dir) for LCD_Scan_Dir
    main.o(i.OV7670_camera_refresh) refers to lcd.o(i.LCD_Set_Window) for LCD_Set_Window
    main.o(i.OV7670_camera_refresh) refers to lcd.o(i.LCD_WriteRAM_Prepare) for LCD_WriteRAM_Prepare
    main.o(i.OV7670_camera_refresh) refers to exti.o(.data) for ov_sta
    main.o(i.OV7670_camera_refresh) refers to lcd.o(.bss) for lcddev
    main.o(i.OV7670_camera_refresh) refers to timer.o(.data) for ov_frame
    main.o(i.OV7725_camera_refresh) refers to lcd.o(i.LCD_Scan_Dir) for LCD_Scan_Dir
    main.o(i.OV7725_camera_refresh) refers to lcd.o(i.LCD_Set_Window) for LCD_Set_Window
    main.o(i.OV7725_camera_refresh) refers to lcd.o(i.LCD_WriteRAM_Prepare) for LCD_WriteRAM_Prepare
    main.o(i.OV7725_camera_refresh) refers to main.o(i.is_change_mode) for is_change_mode
    main.o(i.OV7725_camera_refresh) refers to exti.o(.data) for ov_sta
    main.o(i.OV7725_camera_refresh) refers to lcd.o(.bss) for lcddev
    main.o(i.OV7725_camera_refresh) refers to main.o(.data) for .data
    main.o(i.OV7725_camera_refresh) refers to main.o(.ARM.__AT_0x68000000) for .ARM.__AT_0x68000000
    main.o(i.OV7725_camera_refresh) refers to timer.o(.data) for ov_frame
    main.o(i.get_keynum_enter) refers to delay.o(i.delay_ms) for delay_ms
    main.o(i.get_keynum_enter) refers to touch.o(.data) for tp_dev
    main.o(i.get_keynum_enter) refers to main.o(.data) for .data
    main.o(i.get_keynum_main) refers to delay.o(i.delay_ms) for delay_ms
    main.o(i.get_keynum_main) refers to touch.o(.data) for tp_dev
    main.o(i.get_keynum_main) refers to main.o(.data) for .data
    main.o(i.get_keynum_show) refers to delay.o(i.delay_ms) for delay_ms
    main.o(i.get_keynum_show) refers to touch.o(.data) for tp_dev
    main.o(i.get_keynum_show) refers to main.o(.data) for .data
    main.o(i.is_change) refers to main.o(.data) for .data
    main.o(i.is_change_mode) refers to main.o(.data) for .data
    main.o(i.main) refers to _printf_percent.o(.ARM.Collect$$_printf_percent$$00000000) for _printf_percent
    main.o(i.main) refers to _printf_s.o(.ARM.Collect$$_printf_percent$$00000014) for _printf_s
    main.o(i.main) refers to _printf_str.o(.text) for _printf_str
    main.o(i.main) refers to _printf_d.o(.ARM.Collect$$_printf_percent$$00000009) for _printf_d
    main.o(i.main) refers to _printf_dec.o(.text) for _printf_int_dec
    main.o(i.main) refers to delay.o(i.delay_init) for delay_init
    main.o(i.main) refers to misc.o(i.NVIC_PriorityGroupConfig) for NVIC_PriorityGroupConfig
    main.o(i.main) refers to usart.o(i.uart_init) for uart_init
    main.o(i.main) refers to led.o(i.LED_Init) for LED_Init
    main.o(i.main) refers to key.o(i.KEY_Init) for KEY_Init
    main.o(i.main) refers to lcd.o(i.LCD_Init) for LCD_Init
    main.o(i.main) refers to sram.o(i.FSMC_SRAM_Init) for FSMC_SRAM_Init
    main.o(i.main) refers to adc.o(i.T_Adc_Init) for T_Adc_Init
    main.o(i.main) refers to beep.o(i.BEEP_Init) for BEEP_Init
    main.o(i.main) refers to lsens.o(i.Lsens_Init) for Lsens_Init
    main.o(i.main) refers to tpad.o(i.TPAD_Init) for TPAD_Init
    main.o(i.main) refers to malloc.o(i.my_mem_init) for my_mem_init
    main.o(i.main) refers to exfuns.o(i.exfuns_init) for exfuns_init
    main.o(i.main) refers to ff.o(i.f_mount) for f_mount
    main.o(i.main) refers to main.o(i.show_picture) for show_picture
    main.o(i.main) refers to delay.o(i.delay_ms) for delay_ms
    main.o(i.main) refers to lcd.o(i.LCD_Clear) for LCD_Clear
    main.o(i.main) refers to main.o(i.touch_gui_login) for touch_gui_login
    main.o(i.main) refers to main.o(i.passwordIndex) for passwordIndex
    main.o(i.main) refers to lcd.o(i.LCD_ShowString) for LCD_ShowString
    main.o(i.main) refers to key.o(i.KEY_Scan) for KEY_Scan
    main.o(i.main) refers to ov7725.o(i.OV7725_Init) for OV7725_Init
    main.o(i.main) refers to main.o(i.touch_gui_enter) for touch_gui_enter
    main.o(i.main) refers to ov7725.o(i.OV7725_Window_Set) for OV7725_Window_Set
    main.o(i.main) refers to ov7725.o(i.OV7725_Light_Mode) for OV7725_Light_Mode
    main.o(i.main) refers to ov7725.o(i.OV7725_Color_Saturation) for OV7725_Color_Saturation
    main.o(i.main) refers to ov7725.o(i.OV7725_Brightness) for OV7725_Brightness
    main.o(i.main) refers to ov7725.o(i.OV7725_Contrast) for OV7725_Contrast
    main.o(i.main) refers to ov7725.o(i.OV7725_Special_Effects) for OV7725_Special_Effects
    main.o(i.main) refers to lcd.o(i.LCD_Fill) for LCD_Fill
    main.o(i.main) refers to main.o(i.get_keynum_enter) for get_keynum_enter
    main.o(i.main) refers to timer.o(i.TIM6_Int_Init) for TIM6_Int_Init
    main.o(i.main) refers to exti.o(i.EXTI8_Init) for EXTI8_Init
    main.o(i.main) refers to ov7670.o(i.OV7670_Light_Mode) for OV7670_Light_Mode
[...]
    UsageFault_Handler                       0x08009f35   Thumb Code     2  stm32f10x_it.o(i.UsageFault_Handler)
    W25QXX_Erase_Sector                      0x08009f39   Thumb Code    74  w25qxx.o(i.W25QXX_Erase_Sector)
    W25QXX_Init                              0x08009f91   Thumb Code    76  w25qxx.o(i.W25QXX_Init)
    W25QXX_Read                              0x08009fe9   Thumb Code    76  w25qxx.o(i.W25QXX_Read)
    W25QXX_ReadID                            0x0800a039   Thumb Code    62  w25qxx.o(i.W25QXX_ReadID)
    W25QXX_ReadSR                            0x0800a07d   Thumb Code    32  w25qxx.o(i.W25QXX_ReadSR)
    W25QXX_Wait_Busy                         0x0800a0a1   Thumb Code    12  w25qxx.o(i.W25QXX_Wait_Busy)
    W25QXX_Write                             0x0800a0ad   Thumb Code   150  w25qxx.o(i.W25QXX_Write)
    W25QXX_Write_Enable                      0x0800a149   Thumb Code    26  w25qxx.o(i.W25QXX_Write_Enable)
    W25QXX_Write_NoCheck                     0x0800a169   Thumb Code    62  w25qxx.o(i.W25QXX_Write_NoCheck)
    W25QXX_Write_Page                        0x0800a1a9   Thumb Code    82  w25qxx.o(i.W25QXX_Write_Page)
    _is_digit                                0x0800a201   Thumb Code    14  __printf_wp.o(i._is_digit)
    _sys_exit                                0x0800a20f   Thumb Code     2  usart.o(i._sys_exit)
    ai_draw_init                             0x0800a211   Thumb Code   204  piclib.o(i.ai_draw_init)
    ai_load_picfile                          0x0800a2e1   Thumb Code   130  piclib.o(i.ai_load_picfile)
    char_upper                               0x0800a5e5   Thumb Code    14  exfuns.o(i.char_upper)
    clust2sect                               0x0800a685   Thumb Code    24  ff.o(i.clust2sect)
    convert_from_bytes_to_power_of_two       0x0800a69d   Thumb Code    18  sdio_sdcard.o(i.convert_from_bytes_to_power_of_two)
    delay_init                               0x0800aa31   Thumb Code    46  delay.o(i.delay_init)
    delay_ms                                 0x0800aa6d   Thumb Code    46  delay.o(i.delay_ms)
    delay_us                                 0x0800aaa1   Thumb Code    46  delay.o(i.delay_us)
    dir_sdi                                  0x0800af91   Thumb Code   124  ff.o(i.dir_sdi)
    disk_initialize                          0x0800b00d   Thumb Code    36  diskio.o(i.disk_initialize)
    disk_ioctl                               0x0800b035   Thumb Code   106  diskio.o(i.disk_ioctl)
    disk_read                                0x0800b0a9   Thumb Code    76  diskio.o(i.disk_read)
    disk_status                              0x0800b0f5   Thumb Code     4  diskio.o(i.disk_status)
    disk_write                               0x0800b0f9   Thumb Code    76  diskio.o(i.disk_write)
    exfuns_init                              0x0800b145   Thumb Code    94  exfuns.o(i.exfuns_init)
    f_close                                  0x0800b1a9   Thumb Code    28  ff.o(i.f_close)
    f_lseek                                  0x0800b1c5   Thumb Code   512  ff.o(i.f_lseek)
    f_mount                                  0x0800b3c5   Thumb Code    72  ff.o(i.f_mount)
    f_open                                   0x0800b411   Thumb Code   344  ff.o(i.f_open)
    f_opendir                                0x0800b569   Thumb Code   128  ff.o(i.f_opendir)
    f_read                                   0x0800b5e9   Thumb Code   328  ff.o(i.f_read)
    f_readdir                                0x0800b731   Thumb Code   116  ff.o(i.f_readdir)
    f_sync                                   0x0800b7a5   Thumb Code   152  ff.o(i.f_sync)
    f_typetell                               0x0800b83d   Thumb Code   138  exfuns.o(i.f_typetell)
    ff_convert                               0x0800b8cd   Thumb Code   106  mycc936.o(i.ff_convert)
    ff_memalloc                              0x0800b93d   Thumb Code     8  diskio.o(i.ff_memalloc)
    ff_memfree                               0x0800b945   Thumb Code     8  diskio.o(i.ff_memfree)
    ff_wtoupper                              0x0800b94d   Thumb Code    28  mycc936.o(i.ff_wtoupper)
    fputc                                    0x0800bc11   Thumb Code    18  usart.o(i.fputc)
    get_fat                                  0x0800bcb5   Thumb Code   190  ff.o(i.get_fat)
    get_fattime                              0x0800bd73   Thumb Code     4  diskio.o(i.get_fattime)
    get_keynum_enter                         0x0800be39   Thumb Code   130  main.o(i.get_keynum_enter)
    get_keynum_main                          0x0800bec5   Thumb Code   130  main.o(i.get_keynum_main)
    get_keynum_show                          0x0800bf51   Thumb Code   130  main.o(i.get_keynum_show)
    gif_check_head                           0x0800c019   Thumb Code    78  gif.o(i.gif_check_head)
    gif_clear2bkcolor                        0x0800c069   Thumb Code   326  gif.o(i.gif_clear2bkcolor)
    gif_decode                               0x0800c1b5   Thumb Code   258  gif.o(i.gif_decode)
    gif_dispimage                            0x0800c2bd   Thumb Code   410  gif.o(i.gif_dispimage)
    gif_drawimage                            0x0800c461   Thumb Code   284  gif.o(i.gif_drawimage)
    gif_getdatablock                         0x0800c57d   Thumb Code    58  gif.o(i.gif_getdatablock)
    gif_getinfo                              0x0800c5b7   Thumb Code    54  gif.o(i.gif_getinfo)
    gif_getnextbyte                          0x0800c5ed   Thumb Code   572  gif.o(i.gif_getnextbyte)
    gif_getnextcode                          0x0800c829   Thumb Code   288  gif.o(i.gif_getnextcode)
    gif_getrgb565                            0x0800c94d   Thumb Code    24  gif.o(i.gif_getrgb565)
    gif_initlzw                              0x0800c965   Thumb Code   138  gif.o(i.gif_initlzw)
    gif_readcolortbl                         0x0800c9ef   Thumb Code    58  gif.o(i.gif_readcolortbl)
    gif_readextension                        0x0800ca29   Thumb Code   130  gif.o(i.gif_readextension)
    gif_recovergctbl                         0x0800caab   Thumb Code    22  gif.o(i.gif_recovergctbl)
    gif_savegctbl                            0x0800cac1   Thumb Code    22  gif.o(i.gif_savegctbl)
    is_change_mode                           0x0800cb79   Thumb Code   286  main.o(i.is_change_mode)
    is_element_ok                            0x0800cc9d   Thumb Code    32  piclib.o(i.is_element_ok)
    jd_decomp                                0x0800ccc1   Thumb Code   230  tjpgd.o(i.jd_decomp)
    jd_prepare                               0x0800cda9   Thumb Code   706  tjpgd.o(i.jd_prepare)
    jpeg_freeall                             0x0800d071   Thumb Code    26  tjpgd.o(i.jpeg_freeall)
    jpeg_in_func                             0x0800d091   Thumb Code    36  tjpgd.o(i.jpeg_in_func)
    jpeg_mallocall                           0x0800d0b5   Thumb Code    46  tjpgd.o(i.jpeg_mallocall)
    jpeg_out_func_fill                       0x0800d0e9   Thumb Code    50  tjpgd.o(i.jpeg_out_func_fill)
    jpeg_out_func_point                      0x0800d125   Thumb Code   160  tjpgd.o(i.jpeg_out_func_point)
    jpg_decode                               0x0800d1cd   Thumb Code   174  tjpgd.o(i.jpg_decode)
    main                                     0x0800d2a5   Thumb Code  1968  main.o(i.main)
    my_mem_free                              0x0800df99   Thumb Code    78  malloc.o(i.my_mem_free)
    my_mem_init                              0x0800dff1   Thumb Code    50  malloc.o(i.my_mem_init)
    my_mem_malloc                            0x0800e02d   Thumb Code   130  malloc.o(i.my_mem_malloc)
    my_mem_perused                           0x0800e0b9   Thumb Code    48  malloc.o(i.my_mem_perused)
    myfree                                   0x0800e0f1   Thumb Code    20  malloc.o(i.myfree)
    mymalloc                                 0x0800e109   Thumb Code    28  malloc.o(i.mymalloc)
    mymemset                                 0x0800e129   Thumb Code    12  malloc.o(i.mymemset)
    passwordIndex                            0x0800e135   Thumb Code   308  main.o(i.passwordIndex)
    person_check_mode                        0x0800e2a5   Thumb Code    78  main.o(i.person_check_mode)
    pic_memalloc                             0x0800e2f9   Thumb Code     8  piclib.o(i.pic_memalloc)
    pic_memfree                              0x0800e301   Thumb Code     8  piclib.o(i.pic_memfree)
    piclib_draw_hline                        0x0800e309   Thumb Code    38  piclib.o(i.piclib_draw_hline)
    piclib_fill_color                        0x0800e335   Thumb Code    24  piclib.o(i.piclib_fill_color)
    piclib_init                              0x0800e34d   Thumb Code    56  piclib.o(i.piclib_init)
    put_fat                                  0x0800e3a1   Thumb Code   244  ff.o(i.put_fat)
    py_get_keynum                            0x0800e495   Thumb Code   330  main.o(i.py_get_keynum)
    read_addr                                0x0800e5e9   Thumb Code     4  usmart.o(i.read_addr)
    show_alert_photo                         0x0800e651   Thumb Code   492  main.o(i.show_alert_photo)
    show_picture                             0x0800e889   Thumb Code   338  main.o(i.show_picture)
    sqrt                                     0x0800ea2d   Thumb Code    76  sqrt.o(i.sqrt)
    stdbmp_decode                            0x0800ea89   Thumb Code   506  bmp.o(i.stdbmp_decode)
    touch_gui_enter                          0x0800eda9   Thumb Code   242  main.o(i.touch_gui_enter)
    touch_gui_login                          0x0800eeb5   Thumb Code   968  main.o(i.touch_gui_login)
    touch_gui_main                           0x0800f2d5   Thumb Code   242  main.o(i.touch_gui_main)
    touch_gui_show                           0x0800f3e9   Thumb Code   242  main.o(i.touch_gui_show)
    uart_init                                0x0800f4f1   Thumb Code   152  usart.o(i.uart_init)
    usmart_cmd_rec                           0x0800f591   Thumb Code   144  usmart.o(i.usmart_cmd_rec)
    usmart_exe                               0x0800f625   Thumb Code   510  usmart.o(i.usmart_exe)
    usmart_get_aparm                         0x0800f885   Thumb Code   156  usmart_str.o(i.usmart_get_aparm)
    usmart_get_cmdname                       0x0800f921   Thumb Code    46  usmart_str.o(i.usmart_get_cmdname)
    usmart_get_fname                         0x0800f951   Thumb Code   352  usmart_str.o(i.usmart_get_fname)
    usmart_get_fparam                        0x0800fab9   Thumb Code   202  usmart_str.o(i.usmart_get_fparam)
    usmart_get_parmpos                       0x0800fb89   Thumb Code    30  usmart_str.o(i.usmart_get_parmpos)
    usmart_get_runtime                       0x0800fbad   Thumb Code    48  usmart.o(i.usmart_get_runtime)
    usmart_init                              0x0800fbe5   Thumb Code    36  usmart.o(i.usmart_init)
    usmart_pow                               0x0800fc0d   Thumb Code    16  usmart_str.o(i.usmart_pow)
    usmart_reset_runtime                     0x0800fc1d   Thumb Code    40  usmart.o(i.usmart_reset_runtime)
    usmart_scan                              0x0800fc4d   Thumb Code    94  usmart.o(i.usmart_scan)
    usmart_search_nextc                      0x0800fcf1   Thumb Code    16  usmart_str.o(i.usmart_search_nextc)
    usmart_str2num                           0x0800fd01   Thumb Code   160  usmart_str.o(i.usmart_str2num)
    usmart_strcmp                            0x0800fda1   Thumb Code    24  usmart_str.o(i.usmart_strcmp)
    usmart_strcopy                           0x0800fdb9   Thumb Code    18  usmart_str.o(i.usmart_strcopy)
    usmart_strlen                            0x0800fdcb   Thumb Code    18  usmart_str.o(i.usmart_strlen)
    usmart_sys_cmd_exe                       0x0800fddd   Thumb Code  1442  usmart.o(i.usmart_sys_cmd_exe)
    write_addr                               0x08010473   Thumb Code     4  usmart.o(i.write_addr)
    write_alert_photo                        0x08010479   Thumb Code   184  main.o(i.write_alert_photo)
    __aeabi_dadd                             0x0801053d   Thumb Code     0  daddsub_clz.o(x$fpl$dadd)
    _dadd                                    0x0801053d   Thumb Code   332  daddsub_clz.o(x$fpl$dadd)
    __fpl_dcmp_Inf                           0x0801068d   Thumb Code    24  dcmpi.o(x$fpl$dcmpinf)
    __aeabi_ddiv                             0x080106a5   Thumb Code     0  ddiv.o(x$fpl$ddiv)
    _ddiv                                    0x080106a5   Thumb Code   552  ddiv.o(x$fpl$ddiv)
    __aeabi_d2iz                             0x08010955   Thumb Code     0  dfix.o(x$fpl$dfix)
    _dfix                                    0x08010955   Thumb Code    94  dfix.o(x$fpl$dfix)
    __aeabi_d2uiz                            0x080109b5   Thumb Code     0  dfixu.o(x$fpl$dfixu)
    _dfixu                                   0x080109b5   Thumb Code    90  dfixu.o(x$fpl$dfixu)
    __aeabi_ui2d                             0x08010a0f   Thumb Code     0  dflt_clz.o(x$fpl$dfltu)
    _dfltu                                   0x08010a0f   Thumb Code    38  dflt_clz.o(x$fpl$dfltu)
    __aeabi_cdcmple                          0x08010a35   Thumb Code     0  dleqf.o(x$fpl$dleqf)
    _dcmple                                  0x08010a35   Thumb Code   120  dleqf.o(x$fpl$dleqf)
    __fpl_dcmple_InfNaN                      0x08010a97   Thumb Code     0  dleqf.o(x$fpl$dleqf)
    __aeabi_dmul                             0x08010aad   Thumb Code     0  dmul.o(x$fpl$dmul)
    _dmul                                    0x08010aad   Thumb Code   332  dmul.o(x$fpl$dmul)
    __fpl_dnaninf                            0x08010c01   Thumb Code   156  dnaninf.o(x$fpl$dnaninf)
    __fpl_dretinf                            0x08010c9d   Thumb Code    12  dretinf.o(x$fpl$dretinf)
    __aeabi_cdrcmple                         0x08010ca9   Thumb Code     0  drleqf.o(x$fpl$drleqf)
    _drcmple                                 0x08010ca9   Thumb Code   108  drleqf.o(x$fpl$drleqf)
    __aeabi_drsub                            0x08010d15   Thumb Code     0  daddsub_clz.o(x$fpl$drsb)
    _drsb                                    0x08010d15   Thumb Code    22  daddsub_clz.o(x$fpl$drsb)
    _dsqrt                                   0x08010d2d   Thumb Code   456  dsqrt_noumaal.o(x$fpl$dsqrt)
    __aeabi_dsub                             0x08010ef9   Thumb Code     0  daddsub_clz.o(x$fpl$dsub)
    _dsub                                    0x08010ef9   Thumb Code   464  daddsub_clz.o(x$fpl$dsub)
    __aeabi_f2d                              0x080110cd   Thumb Code     0  f2d.o(x$fpl$f2d)
    _f2d                                     0x080110cd   Thumb Code    86  f2d.o(x$fpl$f2d)
    __aeabi_fadd                             0x08011125   Thumb Code     0  faddsub_clz.o(x$fpl$fadd)
    _fadd                                    0x08011125   Thumb Code   196  faddsub_clz.o(x$fpl$fadd)
    __fpl_fcheck_NaN1                        0x080111e9   Thumb Code     6  fcheck1.o(x$fpl$fcheck1)
    __fpl_fcmp_Inf                           0x080111f5   Thumb Code    24  fcmpi.o(x$fpl$fcmpinf)
    __aeabi_fdiv                             0x0801120d   Thumb Code     0  fdiv.o(x$fpl$fdiv)
    _fdiv                                    0x0801120d   Thumb Code   384  fdiv.o(x$fpl$fdiv)
    __aeabi_f2iz                             0x08011391   Thumb Code     0  ffix.o(x$fpl$ffix)
    _ffix                                    0x08011391   Thumb Code    54  ffix.o(x$fpl$ffix)
    __aeabi_f2uiz                            0x080113c9   Thumb Code     0  ffixu.o(x$fpl$ffixu)
    _ffixu                                   0x080113c9   Thumb Code    62  ffixu.o(x$fpl$ffixu)
    __aeabi_i2f                              0x08011409   Thumb Code     0  fflt_clz.o(x$fpl$fflt)
    _fflt                                    0x08011409   Thumb Code    48  fflt_clz.o(x$fpl$fflt)
    __aeabi_ui2f                             0x08011439   Thumb Code     0  fflt_clz.o(x$fpl$ffltu)
    _ffltu                                   0x08011439   Thumb Code    38  fflt_clz.o(x$fpl$ffltu)
    __aeabi_cfcmple                          0x08011461   Thumb Code     0  fleqf.o(x$fpl$fleqf)
    _fcmple                                  0x08011461   Thumb Code   104  fleqf.o(x$fpl$fleqf)
    __fpl_fcmple_InfNaN                      0x080114b3   Thumb Code     0  fleqf.o(x$fpl$fleqf)
    __aeabi_fmul                             0x080114c9   Thumb Code     0  fmul.o(x$fpl$fmul)
    _fmul                                    0x080114c9   Thumb Code   258  fmul.o(x$fpl$fmul)
    __fpl_fnaninf                            0x080115cb   Thumb Code   140  fnaninf.o(x$fpl$fnaninf)
    __fpl_fretinf                            0x08011657   Thumb Code    10  fretinf.o(x$fpl$fretinf)
    __aeabi_fsub                             0x08011661   Thumb Code     0  faddsub_clz.o(x$fpl$fsub)
    _fsub                                    0x08011661   Thumb Code   234  faddsub_clz.o(x$fpl$fsub)
    __fpl_return_NaN                         0x0801174b   Thumb Code   100  retnan.o(x$fpl$retnan)
    __ARM_scalbnf                            0x080117af   Thumb Code    76  scalbnf.o(x$fpl$scalbnf)
    __fpl_cmpreturn                          0x080117fb   Thumb Code    48  trapv.o(x$fpl$trapveneer)
    __I$use$fp                               0x0801182a   Number         0  usenofp.o(x$fpl$usenofp)
    asc2_1206                                0x0801182a   Data        1140  lcd.o(.constdata)
    asc2_1608                                0x08011c9e   Data        1520  lcd.o(.constdata)
    asc2_2412                                0x0801228e   Data        3420  lcd.o(.constdata)
    ov7725_init_reg_tb1                      0x08012fea   Data         130  ov7725.o(.constdata)
    FT5206_TPX_TBL                           0x0801306c   Data          10  ft5206.o(.constdata)
    GT9147_CFG_TBL                           0x08013076   Data         184  gt9147.o(.constdata)
    GT9147_TPX_TBL                           0x0801312e   Data          10  gt9147.o(.constdata)
    OTT_TPX_TBL                              0x08013138   Data          10  ott2001a.o(.constdata)
    TP_REMIND_MSG_TBL                        0x08013144   Data           4  touch.o(.constdata)
    FILE_TYPE_TBL                            0x08013184   Data         312  exfuns.o(.constdata)
    memtblsize                               0x0801367c   Data           8  malloc.o(.constdata)
    memblksize                               0x08013684   Data           8  malloc.o(.constdata)
    memsize                                  0x0801368c   Data           8  malloc.o(.constdata)
    _aInterlaceOffset                        0x08013694   Data           4  gif.o(.constdata)
    _aInterlaceYPos                          0x08013698   Data           4  gif.o(.constdata)
    _aMaskTbl                                0x0801369c   Data          32  gif.o(.constdata)
    Region$$Table$$Base                      0x08013e08   Number         0  anon$$obj.o(Region$$Table)
    Region$$Table$$Limit                     0x08013e28   Number         0  anon$$obj.o(Region$$Table)
    check_flag                               0x20000000   Data           1  main.o(.data)
    check_mode                               0x20000001   Data           1  main.o(.data)
    light_flag                               0x20000002   Data           1  main.o(.data)
    temp_flag                                0x20000003   Data           1  main.o(.data)
    password_length                          0x20000004   Data           1  main.o(.data)
    pixel_R                                  0x20000009   Data           1  main.o(.data)
    pixel_G                                  0x2000000a   Data           1  main.o(.data)
    pixel_B                                  0x2000000b   Data           1  main.o(.data)
    last_frame_pixel                         0x2000000c   Data           1  main.o(.data)
    now_frame_pixel                          0x2000000d   Data           1  main.o(.data)
    light_strong                             0x2000000e   Data           1  main.o(.data)
    key_index                                0x2000000f   Data           1  main.o(.data)
    res                                      0x20000010   Data           1  main.o(.data)
    past_photo_num                           0x20000012   Data           2  main.o(.data)
    mycolor                                  0x20000014   Data           2  main.o(.data)
    last_one                                 0x20000016   Data           2  main.o(.data)
    curindey                                 0x20000018   Data           2  main.o(.data)
    temp                                     0x2000001a   Data           2  main.o(.data)
    pixel_change_num                         0x2000001c   Data           4  main.o(.data)
    password                                 0x20000020   Data           4  main.o(.data)
    fn                                       0x20000024   Data           4  main.o(.data)
    pname                                    0x20000028   Data           4  main.o(.data)
    inputstr                                 0x2000002c   Data           7  main.o(.data)
    LMODE_TBL                                0x20000034   Data          24  main.o(.data)
    SystemCoreClock                          0x2000004c   Data           4  system_stm32f10x.o(.data)
    AHBPrescTable                            0x20000050   Data          16  system_stm32f10x.o(.data)
    POINT_COLOR                              0x20000062   Data           2  lcd.o(.data)
    BACK_COLOR                               0x20000064   Data           2  lcd.o(.data)
    tpad_default_val                         0x20000068   Data           2  tpad.o(.data)
    ov_sta                                   0x2000006a   Data           1  exti.o(.data)
    TIM5CH1_CAPTURE_STA                      0x2000006c   Data           1  timer.o(.data)
    ov_frame                                 0x2000006d   Data           1  timer.o(.data)
    TIM5CH1_CAPTURE_VAL                      0x2000006e   Data           2  timer.o(.data)
    CMD_RDX                                  0x20000074   Data           1  touch.o(.data)
    CMD_RDY                                  0x20000075   Data           1  touch.o(.data)
    tp_dev                                   0x20000078   Data          52  touch.o(.data)
    W25QXX_TYPE                              0x200000ac   Data           2  w25qxx.o(.data)
    TransferError                            0x200000b3   Data           1  sdio_sdcard.o(.data)
    TransferEnd                              0x200000b4   Data           1  sdio_sdcard.o(.data)
    tempbuff                                 0x200000bc   Data           4  sdio_sdcard.o(.data)
    USART_RX_STA                             0x200000c4   Data           2  usart.o(.data)
    __stdout                                 0x200000c8   Data           4  usart.o(.data)
    sys_cmd_tab                              0x200000e0   Data          28  usmart.o(.data)
    usmart_nametab                           0x200000fc   Data          64  usmart_config.o(.data)
    usmart_dev                               0x2000013c   Data         244  usmart_config.o(.data)
    FLASH_SECTOR_COUNT                       0x20000230   Data           2  diskio.o(.data)
    file                                     0x20000240   Data           4  exfuns.o(.data)
    ftemp                                    0x20000244   Data           4  exfuns.o(.data)
    fatbuf                                   0x20000248   Data           4  exfuns.o(.data)
    fs                                       0x2000024c   Data           8  exfuns.o(.data)
    mallco_dev                               0x20000254   Data          28  malloc.o(.data)
    gifdecoding                              0x20000270   Data           1  gif.o(.data)
    f_jpeg                                   0x20000274   Data           4  tjpgd.o(.data)
    jpeg_dev                                 0x20000278   Data           4  tjpgd.o(.data)
    jpg_buffer                               0x2000027c   Data           4  tjpgd.o(.data)
    picdir                                   0x20000280   Data          36  main.o(.bss)
    picfileinfo                              0x200002a4   Data          32  main.o(.bss)
    lcddev                                   0x200002c4   Data          14  lcd.o(.bss)
    STMFLASH_BUF                             0x200002d2   Data        2048  stmflash.o(.bss)
    W25QXX_BUFFER                            0x20000ad2   Data        4096  w25qxx.o(.bss)
    SDIO_InitStructure                       0x20001ad8   Data          24  sdio_sdcard.o(.bss)
    SDIO_CmdInitStructure                    0x20001af0   Data          20  sdio_sdcard.o(.bss)
    SDIO_DataInitStructure                   0x20001b04   Data          24  sdio_sdcard.o(.bss)
    SDCardInfo                               0x20001b40   Data          88  sdio_sdcard.o(.bss)
    SDIO_DATA_BUFFER                         0x20001b98   Data         512  sdio_sdcard.o(.bss)
    USART_RX_BUF                             0x20001d98   Data         200  usart.o(.bss)
    mem1base                                 0x20001e60   Data       40960  malloc.o(.bss)
    mem1mapbase                              0x2000be60   Data        2560  malloc.o(.bss)
    picinfo                                  0x2000c860   Data          40  piclib.o(.bss)
    pic_phy                                  0x2000c888   Data          20  piclib.o(.bss)
    ftinfo                                   0x2000c89c   Data          33  fontupd.o(.bss)
    __libspace_start                         0x2000c8c0   Data          96  libspace.o(.bss)
    __temporary_stack_top$libspace           0x2000c920   Data           0  libspace.o(.bss)
    last_frame                               0x68000000   Data       153600  main.o(.ARM.__AT_0x68000000)
    mem2mapbase                              0x680f0000   Data       61440  malloc.o(.ARM.__AT_0x680F0000)
    mem2base                                 0x68700000   Data       983040  malloc.o(.ARM.__AT_0x68700000)



==============================================================================

Memory Map of the image

  Image Entry point : 0x08000131

  Load Region LR_IROM1 (Base: 0x08000000, Size: 0x000140a8, Max: 0x00080000, ABSOLUTE, COMPRESSED[0x00013efc])

    Execution Region ER_IROM1 (Base: 0x08000000, Size: 0x00013e28, Max: 0x00080000, ABSOLUTE)

    Base Addr    Size         Type   Attr      Idx    E Section Name        Object

    0x08000000   0x00000130   Data   RO         1961    RESET               startup_stm32f10x_hd.o
    0x08000130   0x00000008   Code   RO         5271  * !!!main             c_w.l(__main.o)
    0x08000138   0x00000034   Code   RO         5558    !!!scatter          c_w.l(__scatter.o)
    0x0800016c   0x0000005a   Code   RO         5556    !!dczerorl2         c_w.l(__dczerorl2.o)
    0x080001c6   0x00000002   PAD
    0x080001c8   0x0000001c   Code   RO         5560    !!handler_zi        c_w.l(__scatter_zi.o)
    0x080001e4   0x00000000   Code   RO         5258    .ARM.Collect$$_printf_percent$$00000000  c_w.l(_printf_percent.o)
    0x080001e4   0x00000006   Code   RO         5256    .ARM.Collect$$_printf_percent$$00000009  c_w.l(_printf_d.o)
    0x080001ea   0x00000006   Code   RO         5257    .ARM.Collect$$_printf_percent$$0000000A  c_w.l(_printf_u.o)
    0x080001f0   0x00000006   Code   RO         5255    .ARM.Collect$$_printf_percent$$0000000C  c_w.l(_printf_x.o)
    0x080001f6   0x00000006   Code   RO         5253    .ARM.Collect$$_printf_percent$$00000013  c_w.l(_printf_c.o)
    0x080001fc   0x00000006   Code   RO         5254    .ARM.Collect$$_printf_percent$$00000014  c_w.l(_printf_s.o)
    0x08000202   0x00000004   Code   RO         5362    .ARM.Collect$$_printf_percent$$00000017  c_w.l(_printf_percent_end.o)
    0x08000206   0x00000002   Code   RO         5428    .ARM.Collect$$libinit$$00000000  c_w.l(libinit.o)
    0x08000208   0x00000000   Code   RO         5438    .ARM.Collect$$libinit$$00000002  c_w.l(libinit2.o)
    0x08000208   0x00000000   Code   RO         5440    .ARM.Collect$$libinit$$00000004  c_w.l(libinit2.o)
    0x08000208   0x00000000   Code   RO         5443    .ARM.Collect$$libinit$$0000000A  c_w.l(libinit2.o)
    0x08000208   0x00000000   Code   RO         5445    .ARM.Collect$$libinit$$0000000C  c_w.l(libinit2.o)
    0x08000208   0x00000000   Code   RO         5447    .ARM.Collect$$libinit$$0000000E  c_w.l(libinit2.o)
    0x08000208   0x00000000   Code   RO         5450    .ARM.Collect$$libinit$$00000011  c_w.l(libinit2.o)
    0x08000208   0x00000000   Code   RO         5452    .ARM.Collect$$libinit$$00000013  c_w.l(libinit2.o)
    0x08000208   0x00000000   Code   RO         5454    .ARM.Collect$$libinit$$00000015  c_w.l(libinit2.o)
    0x08000208   0x00000000   Code   RO         5456    .ARM.Collect$$libinit$$00000017  c_w.l(libinit2.o)
    0x08000208   0x00000000   Code   RO         5458    .ARM.Collect$$libinit$$00000019  c_w.l(libinit2.o)
    0x08000208   0x00000000   Code   RO         5460    .ARM.Collect$$libinit$$0000001B  c_w.l(libinit2.o)
    0x08000208   0x00000000   Code   RO         5462    .ARM.Collect$$libinit$$0000001D  c_w.l(libinit2.o)
    0x08000208   0x00000000   Code   RO         5464    .ARM.Collect$$libinit$$0000001F  c_w.l(libinit2.o)
    0x08000208   0x00000000   Code   RO         5466    .ARM.Collect$$libinit$$00000021  c_w.l(libinit2.o)
    0x08000208   0x00000000   Code   RO         5468    .ARM.Collect$$libinit$$00000023  c_w.l(libinit2.o)
    0x08000208   0x00000000   Code   RO         5470    .ARM.Collect$$libinit$$00000025  c_w.l(libinit2.o)
    0x08000208   0x00000000   Code   RO         5474    .ARM.Collect$$libinit$$0000002C  c_w.l(libinit2.o)
    0x08000208   0x00000000   Code   RO         5476    .ARM.Collect$$libinit$$0000002E  c_w.l(libinit2.o)
    0x08000208   0x00000000   Code   RO         5478    .ARM.Collect$$libinit$$00000030  c_w.l(libinit2.o)
    0x08000208   0x00000000   Code   RO         5480    .ARM.Collect$$libinit$$00000032  c_w.l(libinit2.o)
    0x08000208   0x00000002   Code   RO         5481    .ARM.Collect$$libinit$$00000033  c_w.l(libinit2.o)
    0x0800020a   0x00000002   Code   RO         5509    .ARM.Collect$$libshutdown$$00000000  c_w.l(libshutdown.o)
    0x0800020c   0x00000000   Code   RO         5524    .ARM.Collect$$libshutdown$$00000003  c_w.l(libshutdown2.o)
    0x0800020c   0x00000000   Code   RO         5527    .ARM.Collect$$libshutdown$$00000006  c_w.l(libshutdown2.o)
    0x0800020c   0x00000000   Code   RO         5530    .ARM.Collect$$libshutdown$$00000009  c_w.l(libshutdown2.o)
    0x0800020c   0x00000000   Code   RO         5532    .ARM.Collect$$libshutdown$$0000000B  c_w.l(libshutdown2.o)
    0x0800020c   0x00000000   Code   RO         5535    .ARM.Collect$$libshutdown$$0000000E  c_w.l(libshutdown2.o)
    0x0800020c   0x00000002   Code   RO         5536    .ARM.Collect$$libshutdown$$0000000F  c_w.l(libshutdown2.o)
    0x0800020e   0x00000000   Code   RO         5347    .ARM.Collect$$rtentry$$00000000  c_w.l(__rtentry.o)
    0x0800020e   0x00000000   Code   RO         5383    .ARM.Collect$$rtentry$$00000002  c_w.l(__rtentry2.o)
    0x0800020e   0x00000006   Code   RO         5395    .ARM.Collect$$rtentry$$00000004  c_w.l(__rtentry4.o)
    0x08000214   0x00000000   Code   RO         5385    .ARM.Collect$$rtentry$$00000009  c_w.l(__rtentry2.o)
    0x08000214   0x00000004   Code   RO         5386    .ARM.Collect$$rtentry$$0000000A  c_w.l(__rtentry2.o)
    0x08000218   0x00000000   Code   RO         5388    .ARM.Collect$$rtentry$$0000000C  c_w.l(__rtentry2.o)
    0x08000218   0x00000008   Code   RO         5389    .ARM.Collect$$rtentry$$0000000D  c_w.l(__rtentry2.o)
    0x08000220   0x00000002   Code   RO         5431    .ARM.Collect$$rtexit$$00000000  c_w.l(rtexit.o)
    0x08000222   0x00000000   Code   RO         5483    .ARM.Collect$$rtexit$$00000002  c_w.l(rtexit2.o)
    0x08000222   0x00000004   Code   RO         5484    .ARM.Collect$$rtexit$$00000003  c_w.l(rtexit2.o)
    0x08000226   0x00000006   Code   RO         5485    .ARM.Collect$$rtexit$$00000004  c_w.l(rtexit2.o)
    0x0800022c   0x0000003c   Code   RO         1962    .text               startup_stm32f10x_hd.o
    0x08000268   0x00000002   Code   RO         5192    .text               c_w.l(use_no_semi_2.o)
    0x0800026a   0x00000048   Code   RO         5194    .text               c_w.l(llsdiv.o)
    0x080002b2   0x00000002   PAD
    0x080002b4   0x00000018   Code   RO         5200    .text               c_w.l(noretval__2printf.o)
    0x080002cc   0x00000028   Code   RO         5202    .text               c_w.l(noretval__2sprintf.o)
    0x080002f4   0x0000004e   Code   RO         5206    .text               c_w.l(_printf_pad.o)
    0x08000342   0x00000052   Code   RO         5208    .text               c_w.l(_printf_str.o)
    0x08000394   0x00000078   Code   RO         5210    .text               c_w.l(_printf_dec.o)
    0x0800040c   0x00000058   Code   RO         5215    .text               c_w.l(_printf_hex_int.o)
    0x08000464   0x00000188   Code   RO         5250    .text               c_w.l(__printf_flags_ss_wp.o)
    0x080005ec   0x00000048   Code   RO         5259    .text               c_w.l(strcpy.o)
    0x08000634   0x00000018   Code   RO         5263    .text               c_w.l(strcat.o)
    0x0800064c   0x0000008a   Code   RO         5265    .text               c_w.l(rt_memcpy_v6.o)
    0x080006d6   0x00000002   PAD
    0x080006d8   0x00000080   Code   RO         5267    .text               c_w.l(strcmpv7m.o)
    0x08000758   0x00000006   Code   RO         5269    .text               c_w.l(heapauxi.o)
    0x0800075e   0x00000002   Code   RO         5345    .text               c_w.l(use_no_semi.o)
    0x08000760   0x000000ee   Code   RO         5348    .text               c_w.l(lludivv7m.o)
    0x0800084e   0x00000016   Code   RO         5350    .text               c_w.l(_rserrno.o)
    0x08000864   0x000000b2   Code   RO         5352    .text               c_w.l(_printf_intcommon.o)
    0x08000916   0x00000002   PAD
    0x08000918   0x00000030   Code   RO         5354    .text               c_w.l(_printf_char_common.o)
    0x08000948   0x0000000a   Code   RO         5356    .text               c_w.l(_sputc.o)
    0x08000952   0x0000002c   Code   RO         5358    .text               c_w.l(_printf_char.o)
    0x0800097e   0x00000002   PAD
    0x08000980   0x00000024   Code   RO         5360    .text               c_w.l(_printf_char_file.o)
    0x080009a4   0x00000064   Code   RO         5363    .text               c_w.l(rt_memcpy_w.o)
    0x08000a08   0x00000008   Code   RO         5404    .text               c_w.l(rt_errno_addr_intlibspace.o)
    0x08000a10   0x00000008   Code   RO         5408    .text               c_w.l(ferror.o)
    0x08000a18   0x00000008   Code   RO         5414    .text               c_w.l(libspace.o)
    0x08000a20   0x0000004a   Code   RO         5417    .text               c_w.l(sys_stackheap_outer.o)
    0x08000a6a   0x0000000c   Code   RO         5421    .text               c_w.l(exit.o)
    0x08000a76   0x00000014   Code   RO         3209    i.ADC_Cmd           stm32f10x_adc.o
    0x08000a8a   0x00000002   PAD
    0x08000a8c   0x00000044   Code   RO         3211    i.ADC_DeInit        stm32f10x_adc.o
    0x08000ad0   0x0000000e   Code   RO         3217    i.ADC_GetCalibrationStatus  stm32f10x_adc.o
    0x08000ade   0x00000006   Code   RO         3218    i.ADC_GetConversionValue  stm32f10x_adc.o
    0x08000ae4   0x0000000e   Code   RO         3220    i.ADC_GetFlagStatus  stm32f10x_adc.o
    0x08000af2   0x0000000e   Code   RO         3223    i.ADC_GetResetCalibrationStatus  stm32f10x_adc.o
    0x08000b00   0x00000048   Code   RO         3227    i.ADC_Init          stm32f10x_adc.o
    0x08000b48   0x00000074   Code   RO         3231    i.ADC_RegularChannelConfig  stm32f10x_adc.o
    0x08000bbc   0x0000000a   Code   RO         3232    i.ADC_ResetCalibration  stm32f10x_adc.o
    0x08000bc6   0x00000014   Code   RO         3234    i.ADC_SoftwareStartConvCmd  stm32f10x_adc.o
    0x08000bda   0x0000000a   Code   RO         3236    i.ADC_StartCalibration  stm32f10x_adc.o
    0x08000be4   0x0000001c   Code   RO         3238    i.ADC_TempSensorVrefintCmd  stm32f10x_adc.o
    0x08000c00   0x00000004   Code   RO         1422    i.AT24CXX_Init      24cxx.o
    0x08000c04   0x00000022   Code   RO         1423    i.AT24CXX_Read      24cxx.o
    0x08000c26   0x00000042   Code   RO         1425    i.AT24CXX_ReadOneByte  24cxx.o
    0x08000c68   0x00000020   Code   RO         1426    i.AT24CXX_Write     24cxx.o
    0x08000c88   0x0000003e   Code   RO         1428    i.AT24CXX_WriteOneByte  24cxx.o
    0x08000cc6   0x00000002   PAD
    0x08000cc8   0x00000078   Code   RO         1040    i.Adc3_Init         adc.o
    0x08000d40   0x00000034   Code   RO         1028    i.BEEP_Init         beep.o
    0x08000d74   0x00000002   Code   RO          328    i.BusFault_Handler  stm32f10x_it.o
    0x08000d76   0x00000002   PAD
    0x08000d78   0x0000004c   Code   RO         1144    i.CT_IIC_Ack        ctiic.o
    0x08000dc4   0x00000050   Code   RO         1145    i.CT_IIC_Init       ctiic.o
    0x08000e14   0x0000004c   Code   RO         1146    i.CT_IIC_NAck       ctiic.o
    0x08000e60   0x00000074   Code   RO         1147    i.CT_IIC_Read_Byte  ctiic.o
    0x08000ed4   0x00000068   Code   RO         1148    i.CT_IIC_Send_Byte  ctiic.o
    0x08000f3c   0x0000004c   Code   RO         1149    i.CT_IIC_Start      ctiic.o
    0x08000f88   0x00000044   Code   RO         1150    i.CT_IIC_Stop       ctiic.o
    0x08000fcc   0x00000058   Code   RO         1151    i.CT_IIC_Wait_Ack   ctiic.o
    0x08001024   0x0000002a   Code   RO         1656    i.CmdError          sdio_sdcard.o
    0x0800104e   0x00000002   PAD
    0x08001050   0x00000050   Code   RO         1657    i.CmdResp1Error     sdio_sdcard.o
    0x080010a0   0x00000048   Code   RO         1658    i.CmdResp2Error     sdio_sdcard.o
    0x080010e8   0x00000030   Code   RO         1659    i.CmdResp3Error     sdio_sdcard.o
    0x08001118   0x00000078   Code   RO         1660    i.CmdResp6Error     sdio_sdcard.o
    0x08001190   0x0000003c   Code   RO         1661    i.CmdResp7Error     sdio_sdcard.o
    0x080011cc   0x00000016   Code   RO         3929    i.DMA_Cmd           stm32f10x_dma.o
    0x080011e2   0x00000002   PAD
    0x080011e4   0x000000e4   Code   RO         3930    i.DMA_DeInit        stm32f10x_dma.o
    0x080012c8   0x0000003a   Code   RO         3935    i.DMA_Init          stm32f10x_dma.o
    0x08001302   0x00000002   Code   RO          329    i.DebugMon_Handler  stm32f10x_it.o
    0x08001304   0x00000038   Code   RO          720    i.EXTI0_IRQHandler  exti.o
    0x0800133c   0x00000038   Code   RO          721    i.EXTI2_IRQHandler  exti.o
    0x08001374   0x00000038   Code   RO          722    i.EXTI3_IRQHandler  exti.o
    0x080013ac   0x00000038   Code   RO          723    i.EXTI4_IRQHandler  exti.o
    0x080013e4   0x00000042   Code   RO          724    i.EXTI8_Init        exti.o
    0x08001426   0x00000002   PAD
    0x08001428   0x00000048   Code   RO          725    i.EXTI9_5_IRQHandler  exti.o
    0x08001470   0x0000000c   Code   RO         2617    i.EXTI_ClearITPendingBit  stm32f10x_exti.o
    0x0800147c   0x00000020   Code   RO         2621    i.EXTI_GetITStatus  stm32f10x_exti.o
    0x0800149c   0x00000070   Code   RO         2622    i.EXTI_Init         stm32f10x_exti.o
    0x0800150c   0x0000003c   Code   RO         3430    i.FLASH_ErasePage   stm32f10x_flash.o
    0x08001548   0x00000028   Code   RO         3431    i.FLASH_GetBank1Status  stm32f10x_flash.o
    0x08001570   0x00000010   Code   RO         3440    i.FLASH_Lock        stm32f10x_flash.o
    0x08001580   0x00000034   Code   RO         3443    i.FLASH_ProgramHalfWord  stm32f10x_flash.o
    0x080015b4   0x00000018   Code   RO         3448    i.FLASH_Unlock      stm32f10x_flash.o
    0x080015cc   0x00000022   Code   RO         3452    i.FLASH_WaitForLastOperation  stm32f10x_flash.o
    0x080015ee   0x00000002   PAD
    0x080015f0   0x00000020   Code   RO         2013    i.FSMC_NORSRAMCmd   stm32f10x_fsmc.o
    0x08001610   0x000000c8   Code   RO         2015    i.FSMC_NORSRAMInit  stm32f10x_fsmc.o
    0x080016d8   0x000000bc   Code   RO          993    i.FSMC_SRAM_Init    sram.o
    0x08001794   0x000000e4   Code   RO         1206    i.FT5206_Init       ft5206.o
    0x08001878   0x00000056   Code   RO         1207    i.FT5206_RD_Reg     ft5206.o
    0x080018ce   0x00000002   PAD
    0x080018d0   0x00000134   Code   RO         1208    i.FT5206_Scan       ft5206.o
    0x08001a04   0x00000048   Code   RO         1209    i.FT5206_WR_Reg     ft5206.o
    0x08001a4c   0x00000138   Code   RO         1662    i.FindSCR           sdio_sdcard.o
    0x08001b84   0x00000028   Code   RO         2125    i.GPIO_EXTILineConfig  stm32f10x_gpio.o
    0x08001bac   0x0000009c   Code   RO         2128    i.GPIO_Init         stm32f10x_gpio.o
    0x08001c48   0x00000058   Code   RO         2130    i.GPIO_PinRemapConfig  stm32f10x_gpio.o
    0x08001ca0   0x0000000e   Code   RO         2132    i.GPIO_ReadInputDataBit  stm32f10x_gpio.o
    0x08001cae   0x00000004   Code   RO         2135    i.GPIO_ResetBits    stm32f10x_gpio.o
    0x08001cb2   0x00000004   Code   RO         2136    i.GPIO_SetBits      stm32f10x_gpio.o
    0x08001cb6   0x00000002   PAD
    0x08001cb8   0x0000012c   Code   RO         1243    i.GT9147_Init       gt9147.o
    0x08001de4   0x00000060   Code   RO         1244    i.GT9147_RD_Reg     gt9147.o
    0x08001e44   0x0000017c   Code   RO         1245    i.GT9147_Scan       gt9147.o
    0x08001fc0   0x0000004c   Code   RO         1246    i.GT9147_Send_Cfg   gt9147.o
    0x0800200c   0x00000052   Code   RO         1247    i.GT9147_WR_Reg     gt9147.o
    0x0800205e   0x00000002   PAD
    0x08002060   0x00000034   Code   RO         1041    i.Get_Adc3          adc.o
    0x08002094   0x0000008c   Code   RO         5160    i.Get_HzMat         text.o
    0x08002120   0x00000064   Code   RO         1042    i.Get_Temprate      adc.o
    0x08002184   0x00000002   Code   RO          330    i.HardFault_Handler  stm32f10x_it.o
    0x08002186   0x00000002   PAD
    0x08002188   0x00000040   Code   RO         1475    i.IIC_Ack           myiic.o
    0x080021c8   0x00000034   Code   RO         1476    i.IIC_Init          myiic.o
    0x080021fc   0x00000040   Code   RO         1477    i.IIC_NAck          myiic.o
    0x0800223c   0x0000006c   Code   RO         1478    i.IIC_Read_Byte     myiic.o
    0x080022a8   0x00000068   Code   RO         1479    i.IIC_Send_Byte     myiic.o
    0x08002310   0x00000040   Code   RO         1480    i.IIC_Start         myiic.o
    0x08002350   0x00000044   Code   RO         1481    i.IIC_Stop          myiic.o
    0x08002394   0x00000058   Code   RO         1482    i.IIC_Wait_Ack      myiic.o
    0x080023ec   0x00000004   Code   RO         1879    i.INTX_DISABLE      sys.o
    0x080023f0   0x00000004   Code   RO         1880    i.INTX_ENABLE       sys.o
    0x080023f4   0x0000008c   Code   RO         1663    i.IsCardProgramming  sdio_sdcard.o
    0x08002480   0x0000003c   Code   RO          455    i.KEY_Init          key.o
    0x080024bc   0x000000cc   Code   RO          456    i.KEY_Scan          key.o
    0x08002588   0x00000012   Code   RO          474    i.LCD_BGR2RGB       lcd.o
    0x0800259a   0x00000002   PAD
    0x0800259c   0x0000006c   Code   RO          475    i.LCD_Clear         lcd.o
    0x08002608   0x00000058   Code   RO          476    i.LCD_Color_Fill    lcd.o
    0x08002660   0x00000134   Code   RO          479    i.LCD_Display_Dir   lcd.o
    0x08002794   0x00000096   Code   RO          480    i.LCD_DrawLine      lcd.o
    0x0800282a   0x00000002   PAD
    0x0800282c   0x0000001c   Code   RO          481    i.LCD_DrawPoint     lcd.o
    0x08002848   0x000000b0   Code   RO          483    i.LCD_Draw_Circle   lcd.o
    0x080028f8   0x0000011c   Code   RO          484    i.LCD_Fast_DrawPoint  lcd.o
    0x08002a14   0x0000008c   Code   RO          485    i.LCD_Fill          lcd.o
    0x08002aa0   0x00002e18   Code   RO          486    i.LCD_Init          lcd.o
    0x080058b8   0x00000010   Code   RO          487    i.LCD_Pow           lcd.o
    0x080058c8   0x00000014   Code   RO          488    i.LCD_RD_DATA       lcd.o
    0x080058dc   0x00000108   Code   RO          489    i.LCD_ReadPoint     lcd.o
    0x080059e4   0x00000018   Code   RO          490    i.LCD_ReadReg       lcd.o
    0x080059fc   0x0000003c   Code   RO          491    i.LCD_SSD_BackLightSet  lcd.o
    0x08005a38   0x000001a8   Code   RO          492    i.LCD_Scan_Dir      lcd.o
    0x08005be0   0x00000148   Code   RO          493    i.LCD_SetCursor     lcd.o
    0x08005d28   0x0000017c   Code   RO          494    i.LCD_Set_Window    lcd.o
    0x08005ea4   0x000000cc   Code   RO          495    i.LCD_ShowChar      lcd.o
    0x08005f70   0x00000076   Code   RO          496    i.LCD_ShowNum       lcd.o
    0x08005fe6   0x00000054   Code   RO          497    i.LCD_ShowString    lcd.o
    0x0800603a   0x00000086   Code   RO          498    i.LCD_ShowxNum      lcd.o
    0x080060c0   0x00000014   Code   RO          502    i.LCD_WriteRAM_Prepare  lcd.o
    0x080060d4   0x00000010   Code   RO          503    i.LCD_WriteReg      lcd.o
    0x080060e4   0x00000050   Code   RO          443    i.LED_Init          led.o
    0x08006134   0x0000003a   Code   RO         1088    i.Lsens_Get_Val     lsens.o
    0x0800616e   0x00000002   PAD
    0x08006170   0x0000002c   Code   RO         1089    i.Lsens_Init        lsens.o
    0x0800619c   0x00000002   Code   RO          331    i.MemManage_Handler  stm32f10x_it.o
    0x0800619e   0x00000002   Code   RO          332    i.NMI_Handler       stm32f10x_it.o
    0x080061a0   0x00000064   Code   RO         1966    i.NVIC_Init         misc.o
    0x08006204   0x00000014   Code   RO         1967    i.NVIC_PriorityGroupConfig  misc.o
    0x08006218   0x000000b0   Code   RO         1286    i.OTT2001A_Init     ott2001a.o
    0x080062c8   0x00000060   Code   RO         1287    i.OTT2001A_RD_Reg   ott2001a.o
    0x08006328   0x00000164   Code   RO         1288    i.OTT2001A_Scan     ott2001a.o
    0x0800648c   0x0000001e   Code   RO         1289    i.OTT2001A_SensorControl  ott2001a.o
    0x080064aa   0x00000052   Code   RO         1290    i.OTT2001A_WR_Reg   ott2001a.o
    0x080064fc   0x00000026   Code   RO          885    i.OV7670_Brightness  ov7670.o
    0x08006522   0x00000072   Code   RO          886    i.OV7670_Color_Saturation  ov7670.o
    0x08006594   0x00000026   Code   RO          887    i.OV7670_Contrast   ov7670.o
    0x080065ba   0x0000007e   Code   RO          889    i.OV7670_Light_Mode  ov7670.o
    0x08006638   0x0000006e   Code   RO          891    i.OV7670_Window_Set  ov7670.o
    0x080066a6   0x00000002   PAD
    0x080066a8   0x00000100   Code   RO            1    i.OV7670_camera_refresh  main.o
    0x080067a8   0x0000004e   Code   RO          939    i.OV7725_Brightness  ov7725.o
    0x080067f6   0x00000022   Code   RO          940    i.OV7725_Color_Saturation  ov7725.o
    0x08006818   0x00000016   Code   RO          941    i.OV7725_Contrast   ov7725.o
    0x0800682e   0x00000002   PAD
    0x08006830   0x0000015c   Code   RO          942    i.OV7725_Init       ov7725.o
    0x0800698c   0x00000098   Code   RO          943    i.OV7725_Light_Mode  ov7725.o
    0x08006a24   0x0000008a   Code   RO          944    i.OV7725_Special_Effects  ov7725.o
    0x08006aae   0x00000146   Code   RO          945    i.OV7725_Window_Set  ov7725.o
    0x08006bf4   0x0000012c   Code   RO            2    i.OV7725_camera_refresh  main.o
    0x08006d20   0x00000002   Code   RO          333    i.PendSV_Handler    stm32f10x_it.o
    0x08006d22   0x00000002   PAD
    0x08006d24   0x00000014   Code   RO         2236    i.RCC_ADCCLKConfig  stm32f10x_rcc.o
    0x08006d38   0x00000018   Code   RO         2237    i.RCC_AHBPeriphClockCmd  stm32f10x_rcc.o
    0x08006d50   0x00000018   Code   RO         2238    i.RCC_APB1PeriphClockCmd  stm32f10x_rcc.o
    0x08006d68   0x00000018   Code   RO         2240    i.RCC_APB2PeriphClockCmd  stm32f10x_rcc.o
    0x08006d80   0x00000018   Code   RO         2241    i.RCC_APB2PeriphResetCmd  stm32f10x_rcc.o
    0x08006d98   0x00000094   Code   RO         2248    i.RCC_GetClocksFreq  stm32f10x_rcc.o
    0x08006e2c   0x0000006c   Code   RO          829    i.SCCB_Init         sccb.o
    0x08006e98   0x00000044   Code   RO          830    i.SCCB_No_Ack       sccb.o
    0x08006edc   0x00000074   Code   RO          831    i.SCCB_RD_Byte      sccb.o
    0x08006f50   0x0000004c   Code   RO          832    i.SCCB_RD_Reg       sccb.o
    0x08006f9c   0x00000034   Code   RO          833    i.SCCB_Start        sccb.o
    0x08006fd0   0x00000038   Code   RO          834    i.SCCB_Stop         sccb.o
    0x08007008   0x00000090   Code   RO          835    i.SCCB_WR_Byte      sccb.o
    0x08007098   0x0000003e   Code   RO          836    i.SCCB_WR_Reg       sccb.o
    0x080070d6   0x00000002   PAD
    0x080070d8   0x0000008c   Code   RO         1664    i.SDEnWideBus       sdio_sdcard.o
    0x08007164   0x0000000c   Code   RO         3742    i.SDIO_ClearFlag    stm32f10x_sdio.o
    0x08007170   0x0000000c   Code   RO         3744    i.SDIO_ClockCmd     stm32f10x_sdio.o
    0x0800717c   0x00000014   Code   RO         1665    i.SDIO_Clock_Set    sdio_sdcard.o
    0x08007190   0x0000000c   Code   RO         3747    i.SDIO_DMACmd       stm32f10x_sdio.o
    0x0800719c   0x0000002c   Code   RO         3748    i.SDIO_DataConfig   stm32f10x_sdio.o
    0x080071c8   0x00000024   Code   RO         3750    i.SDIO_DeInit       stm32f10x_sdio.o
    0x080071ec   0x00000014   Code   RO         3754    i.SDIO_GetFlagStatus  stm32f10x_sdio.o
    0x08007200   0x00000010   Code   RO         3756    i.SDIO_GetPowerState  stm32f10x_sdio.o
    0x08007210   0x00000004   Code   RO         1666    i.SDIO_IRQHandler   sdio_sdcard.o
    0x08007214   0x0000002c   Code   RO         3759    i.SDIO_Init         stm32f10x_sdio.o
    0x08007240   0x0000000c   Code   RO         3760    i.SDIO_ReadData     stm32f10x_sdio.o
    0x0800724c   0x00000028   Code   RO         3762    i.SDIO_SendCommand  stm32f10x_sdio.o
    0x08007274   0x00000018   Code   RO         3764    i.SDIO_SetPowerState  stm32f10x_sdio.o
    0x0800728c   0x0000000c   Code   RO         3770    i.SDIO_WriteData    stm32f10x_sdio.o
    0x08007298   0x00000060   Code   RO         1667    i.SD_DMA_Config     sdio_sdcard.o
    0x080072f8   0x0000004c   Code   RO         1668    i.SD_EnableWideBusOperation  sdio_sdcard.o
    0x08007344   0x00000218   Code   RO         1669    i.SD_GetCardInfo    sdio_sdcard.o
    0x0800755c   0x000000e0   Code   RO         1671    i.SD_Init           sdio_sdcard.o
    0x0800763c   0x00000114   Code   RO         1672    i.SD_InitializeCards  sdio_sdcard.o
    0x08007750   0x0000019c   Code   RO         1674    i.SD_PowerON        sdio_sdcard.o
    0x080078ec   0x000000e8   Code   RO         1675    i.SD_ProcessIRQSrc  sdio_sdcard.o
    0x080079d4   0x000001f8   Code   RO         1676    i.SD_ReadBlock      sdio_sdcard.o
    0x08007bcc   0x00000078   Code   RO         1677    i.SD_ReadDisk       sdio_sdcard.o
    0x08007c44   0x00000260   Code   RO         1678    i.SD_ReadMultiBlocks  sdio_sdcard.o
    0x08007ea4   0x0000002c   Code   RO         1679    i.SD_SelectDeselect  sdio_sdcard.o
    0x08007ed0   0x00000018   Code   RO         1681    i.SD_SetDeviceMode  sdio_sdcard.o
    0x08007ee8   0x000002cc   Code   RO         1682    i.SD_WriteBlock     sdio_sdcard.o
    0x080081b4   0x00000070   Code   RO         1683    i.SD_WriteDisk      sdio_sdcard.o
    0x08008224   0x000002e4   Code   RO         1684    i.SD_WriteMultiBlocks  sdio_sdcard.o
    0x08008508   0x00000090   Code   RO         1632    i.SPI2_Init         spi.o
    0x08008598   0x00000050   Code   RO         1633    i.SPI2_ReadWriteByte  spi.o
    0x080085e8   0x0000001c   Code   RO         1634    i.SPI2_SetSpeed     spi.o
    0x08008604   0x00000014   Code   RO         3602    i.SPI_Cmd           stm32f10x_spi.o
    0x08008618   0x0000000e   Code   RO         3610    i.SPI_I2S_GetFlagStatus  stm32f10x_spi.o
    0x08008626   0x00000004   Code   RO         3613    i.SPI_I2S_ReceiveData  stm32f10x_spi.o
    0x0800862a   0x00000004   Code   RO         3614    i.SPI_I2S_SendData  stm32f10x_spi.o
    0x0800862e   0x00000038   Code   RO         3615    i.SPI_Init          stm32f10x_spi.o
    0x08008666   0x00000018   Code   RO         1106    i.STMFLASH_Read     stmflash.o
    0x0800867e   0x00000002   PAD
    0x08008680   0x000000c0   Code   RO         1108    i.STMFLASH_Write    stmflash.o
    0x08008740   0x00000026   Code   RO         1109    i.STMFLASH_Write_NoCheck  stmflash.o
    0x08008766   0x00000002   Code   RO          334    i.SVC_Handler       stm32f10x_it.o
    0x08008768   0x000000a8   Code   RO          414    i.SetSysClockTo72   system_stm32f10x.o
    0x08008810   0x000000a4   Code   RO         5161    i.Show_Font         text.o
    0x080088b4   0x000000ae   Code   RO         5162    i.Show_Str          text.o
    0x08008962   0x00000018   Code   RO         1970    i.SysTick_CLKSourceConfig  misc.o
    0x0800897a   0x00000002   Code   RO          335    i.SysTick_Handler   stm32f10x_it.o
    0x0800897c   0x00000050   Code   RO          416    i.SystemInit        system_stm32f10x.o
    0x080089cc   0x0000006c   Code   RO         2670    i.TI1_Config        stm32f10x_tim.o
    0x08008a38   0x0000007c   Code   RO         2671    i.TI2_Config        stm32f10x_tim.o
    0x08008ab4   0x00000034   Code   RO          772    i.TIM3_IRQHandler   timer.o
    0x08008ae8   0x0000003c   Code   RO         3999    i.TIM4_IRQHandler   usmart.o
    0x08008b24   0x00000080   Code   RO          668    i.TIM5_CH2_Cap_Init  tpad.o
    0x08008ba4   0x00000088   Code   RO          776    i.TIM5_IRQHandler   timer.o
    0x08008c2c   0x00000040   Code   RO          777    i.TIM6_IRQHandler   timer.o
    0x08008c6c   0x00000060   Code   RO          778    i.TIM6_Int_Init     timer.o
    0x08008ccc   0x00000006   Code   RO         2678    i.TIM_ClearFlag     stm32f10x_tim.o
    0x08008cd2   0x00000006   Code   RO         2679    i.TIM_ClearITPendingBit  stm32f10x_tim.o
    0x08008cd8   0x00000014   Code   RO         2684    i.TIM_Cmd           stm32f10x_tim.o
    0x08008cec   0x00000004   Code   RO         2699    i.TIM_GetCapture1   stm32f10x_tim.o
    0x08008cf0   0x00000004   Code   RO         2700    i.TIM_GetCapture2   stm32f10x_tim.o
    0x08008cf4   0x00000004   Code   RO         2703    i.TIM_GetCounter    stm32f10x_tim.o
    0x08008cf8   0x0000000e   Code   RO         2704    i.TIM_GetFlagStatus  stm32f10x_tim.o
    0x08008d06   0x00000018   Code   RO         2705    i.TIM_GetITStatus   stm32f10x_tim.o
    0x08008d1e   0x00000002   PAD
    0x08008d20   0x0000012c   Code   RO         2707    i.TIM_ICInit        stm32f10x_tim.o
    0x08008e4c   0x00000010   Code   RO         2709    i.TIM_ITConfig      stm32f10x_tim.o
    0x08008e5c   0x0000000c   Code   RO         2715    i.TIM_OC1PolarityConfig  stm32f10x_tim.o
    0x08008e68   0x00000004   Code   RO         2743    i.TIM_SetAutoreload  stm32f10x_tim.o
    0x08008e6c   0x00000004   Code   RO         2749    i.TIM_SetCounter    stm32f10x_tim.o
    0x08008e70   0x00000010   Code   RO         2750    i.TIM_SetIC1Prescaler  stm32f10x_tim.o
    0x08008e80   0x00000018   Code   RO         2751    i.TIM_SetIC2Prescaler  stm32f10x_tim.o
    0x08008e98   0x00000010   Code   RO         2752    i.TIM_SetIC3Prescaler  stm32f10x_tim.o
    0x08008ea8   0x00000018   Code   RO         2753    i.TIM_SetIC4Prescaler  stm32f10x_tim.o
    0x08008ec0   0x0000009c   Code   RO         2755    i.TIM_TimeBaseInit  stm32f10x_tim.o
    0x08008f5c   0x0000001c   Code   RO          669    i.TPAD_Get_MaxVal   tpad.o
    0x08008f78   0x0000003c   Code   RO          670    i.TPAD_Get_Val      tpad.o
    0x08008fb4   0x000000a8   Code   RO          671    i.TPAD_Init         tpad.o
    0x0800905c   0x00000060   Code   RO          672    i.TPAD_Reset        tpad.o
    0x080090bc   0x00000040   Code   RO          673    i.TPAD_Scan         tpad.o
    0x080090fc   0x00000178   Code   RO         1326    i.TP_Adj_Info_Show  touch.o
    0x08009274   0x00000570   Code   RO         1327    i.TP_Adjust         touch.o
    0x080097e4   0x00000070   Code   RO         1329    i.TP_Drow_Touch_Point  touch.o
    0x08009854   0x0000003c   Code   RO         1330    i.TP_Get_Adjdata    touch.o
    0x08009890   0x0000012c   Code   RO         1331    i.TP_Init           touch.o
    0x080099bc   0x00000084   Code   RO         1332    i.TP_Read_AD        touch.o
    0x08009a40   0x00000060   Code   RO         1333    i.TP_Read_XOY       touch.o
    0x08009aa0   0x00000028   Code   RO         1334    i.TP_Read_XY        touch.o
    0x08009ac8   0x0000007c   Code   RO         1335    i.TP_Read_XY2       touch.o
    0x08009b44   0x0000001c   Code   RO         1336    i.TP_Save_Adjdata   touch.o
    0x08009b60   0x000000b4   Code   RO         1337    i.TP_Scan           touch.o
    0x08009c14   0x00000048   Code   RO         1338    i.TP_Write_Byte     touch.o
    0x08009c5c   0x00000078   Code   RO         1043    i.T_Adc_Init        adc.o
    0x08009cd4   0x00000034   Code   RO         1044    i.T_Get_Adc         adc.o
    0x08009d08   0x0000002e   Code   RO         1045    i.T_Get_Adc_Average  adc.o
    0x08009d36   0x00000002   PAD
    0x08009d38   0x00000060   Code   RO         4000    i.Timer4_Init       usmart.o
    0x08009d98   0x00000064   Code   RO         1907    i.USART1_IRQHandler  usart.o
    0x08009dfc   0x00000014   Code   RO         2440    i.USART_Cmd         stm32f10x_usart.o
    0x08009e10   0x0000003e   Code   RO         2444    i.USART_GetITStatus  stm32f10x_usart.o
    0x08009e4e   0x00000030   Code   RO         2446    i.USART_ITConfig    stm32f10x_usart.o
    0x08009e7e   0x00000002   PAD
    0x08009e80   0x000000ac   Code   RO         2447    i.USART_Init        stm32f10x_usart.o
    0x08009f2c   0x00000008   Code   RO         2454    i.USART_ReceiveData  stm32f10x_usart.o
    0x08009f34   0x00000002   Code   RO          336    i.UsageFault_Handler  stm32f10x_it.o
    0x08009f36   0x00000002   PAD
    0x08009f38   0x00000058   Code   RO         1530    i.W25QXX_Erase_Sector  w25qxx.o
    0x08009f90   0x00000058   Code   RO         1531    i.W25QXX_Init       w25qxx.o
    0x08009fe8   0x00000050   Code   RO         1533    i.W25QXX_Read       w25qxx.o
    0x0800a038   0x00000044   Code   RO         1534    i.W25QXX_ReadID     w25qxx.o
    0x0800a07c   0x00000024   Code   RO         1535    i.W25QXX_ReadSR     w25qxx.o
    0x0800a0a0   0x0000000c   Code   RO         1537    i.W25QXX_Wait_Busy  w25qxx.o
    0x0800a0ac   0x0000009c   Code   RO         1538    i.W25QXX_Write      w25qxx.o
    0x0800a148   0x00000020   Code   RO         1540    i.W25QXX_Write_Enable  w25qxx.o
    0x0800a168   0x0000003e   Code   RO         1541    i.W25QXX_Write_NoCheck  w25qxx.o
    0x0800a1a6   0x00000002   PAD
    0x0800a1a8   0x00000058   Code   RO         1542    i.W25QXX_Write_Page  w25qxx.o
    0x0800a200   0x0000000e   Code   RO         5243    i._is_digit         c_w.l(__printf_wp.o)
    0x0800a20e   0x00000002   Code   RO         1908    i._sys_exit         usart.o
    0x0800a210   0x000000d0   Code   RO         4946    i.ai_draw_init      piclib.o
    0x0800a2e0   0x00000088   Code   RO         4947    i.ai_load_picfile   piclib.o
    0x0800a368   0x0000001c   Code   RO         5012    i.alloc_pool        tjpgd.o
    0x0800a384   0x0000007a   Code   RO         5013    i.bitext            tjpgd.o
    0x0800a3fe   0x00000002   PAD
    0x0800a400   0x000001e4   Code   RO         5014    i.block_idct        tjpgd.o
    0x0800a5e4   0x0000000e   Code   RO         4540    i.char_upper        exfuns.o
    0x0800a5f2   0x00000002   PAD
    0x0800a5f4   0x0000005c   Code   RO         4216    i.check_fs          ff.o
    0x0800a650   0x00000010   Code   RO         4217    i.chk_chr           ff.o
    0x0800a660   0x00000024   Code   RO         4218    i.clmt_clust        ff.o
    0x0800a684   0x00000018   Code   RO         4219    i.clust2sect        ff.o
    0x0800a69c   0x00000012   Code   RO         1685    i.convert_from_bytes_to_power_of_two  sdio_sdcard.o
    0x0800a6ae   0x0000009e   Code   RO         4220    i.create_chain      ff.o
    0x0800a74c   0x000000ca   Code   RO         5015    i.create_huffman_tbl  tjpgd.o
    0x0800a816   0x00000002   PAD
    0x0800a818   0x00000218   Code   RO         4221    i.create_name       ff.o
    0x0800aa30   0x0000003c   Code   RO         1852    i.delay_init        delay.o
    0x0800aa6c   0x00000034   Code   RO         1853    i.delay_ms          delay.o
    0x0800aaa0   0x00000034   Code   RO         1854    i.delay_us          delay.o
    0x0800aad4   0x00000042   Code   RO         4222    i.dir_alloc         ff.o
    0x0800ab16   0x00000002   PAD
    0x0800ab18   0x0000012c   Code   RO         4223    i.dir_find          ff.o
    0x0800ac44   0x000000e6   Code   RO         4224    i.dir_next          ff.o
    0x0800ad2a   0x00000002   PAD
    0x0800ad2c   0x00000100   Code   RO         4225    i.dir_read          ff.o
    0x0800ae2c   0x00000164   Code   RO         4226    i.dir_register      ff.o
    0x0800af90   0x0000007c   Code   RO         4228    i.dir_sdi           ff.o
    0x0800b00c   0x00000028   Code   RO         4156    i.disk_initialize   diskio.o
    0x0800b034   0x00000074   Code   RO         4157    i.disk_ioctl        diskio.o
    0x0800b0a8   0x0000004c   Code   RO         4158    i.disk_read         diskio.o
    0x0800b0f4   0x00000004   Code   RO         4159    i.disk_status       diskio.o
    0x0800b0f8   0x0000004c   Code   RO         4160    i.disk_write        diskio.o
    0x0800b144   0x00000064   Code   RO         4542    i.exfuns_init       exfuns.o
    0x0800b1a8   0x0000001c   Code   RO         4230    i.f_close           ff.o
    0x0800b1c4   0x00000200   Code   RO         4235    i.f_lseek           ff.o
    0x0800b3c4   0x0000004c   Code   RO         4238    i.f_mount           ff.o
    0x0800b410   0x00000158   Code   RO         4239    i.f_open            ff.o
    0x0800b568   0x00000080   Code   RO         4240    i.f_opendir         ff.o
    0x0800b5e8   0x00000148   Code   RO         4244    i.f_read            ff.o
    0x0800b730   0x00000074   Code   RO         4245    i.f_readdir         ff.o
    0x0800b7a4   0x00000098   Code   RO         4249    i.f_sync            ff.o
    0x0800b83c   0x00000090   Code   RO         4543    i.f_typetell        exfuns.o
    0x0800b8cc   0x00000070   Code   RO         4727    i.ff_convert        mycc936.o
    0x0800b93c   0x00000008   Code   RO         4161    i.ff_memalloc       diskio.o
    0x0800b944   0x00000008   Code   RO         4162    i.ff_memfree        diskio.o
    0x0800b94c   0x00000024   Code   RO         4728    i.ff_wtoupper       mycc936.o
    0x0800b970   0x00000238   Code   RO         4254    i.find_volume       ff.o
    0x0800bba8   0x00000066   Code   RO         4255    i.follow_path       ff.o
    0x0800bc0e   0x00000002   PAD
    0x0800bc10   0x00000018   Code   RO         1909    i.fputc             usart.o
    0x0800bc28   0x0000008c   Code   RO         4256    i.gen_numname       ff.o
    0x0800bcb4   0x000000be   Code   RO         4257    i.get_fat           ff.o
    0x0800bd72   0x00000004   Code   RO         4163    i.get_fattime       diskio.o
    0x0800bd76   0x000000c2   Code   RO         4258    i.get_fileinfo      ff.o
    0x0800be38   0x0000008c   Code   RO            3    i.get_keynum_enter  main.o
    0x0800bec4   0x0000008c   Code   RO            4    i.get_keynum_main   main.o
    0x0800bf50   0x0000008c   Code   RO            5    i.get_keynum_show   main.o
    0x0800bfdc   0x0000003c   Code   RO         4259    i.get_ldnumber      ff.o
    0x0800c018   0x0000004e   Code   RO         4839    i.gif_check_head    gif.o
    0x0800c066   0x00000002   PAD
    0x0800c068   0x0000014c   Code   RO         4840    i.gif_clear2bkcolor  gif.o
    0x0800c1b4   0x00000108   Code   RO         4841    i.gif_decode        gif.o
    0x0800c2bc   0x000001a4   Code   RO         4842    i.gif_dispimage     gif.o
    0x0800c460   0x0000011c   Code   RO         4843    i.gif_drawimage     gif.o
    0x0800c57c   0x0000003a   Code   RO         4844    i.gif_getdatablock  gif.o
    0x0800c5b6   0x00000036   Code   RO         4845    i.gif_getinfo       gif.o
    0x0800c5ec   0x0000023c   Code   RO         4846    i.gif_getnextbyte   gif.o
    0x0800c828   0x00000124   Code   RO         4847    i.gif_getnextcode   gif.o
    0x0800c94c   0x00000018   Code   RO         4848    i.gif_getrgb565     gif.o
    0x0800c964   0x0000008a   Code   RO         4849    i.gif_initlzw       gif.o
    0x0800c9ee   0x0000003a   Code   RO         4851    i.gif_readcolortbl  gif.o
    0x0800ca28   0x00000082   Code   RO         4852    i.gif_readextension  gif.o
    0x0800caaa   0x00000016   Code   RO         4853    i.gif_recovergctbl  gif.o
    0x0800cac0   0x00000016   Code   RO         4854    i.gif_savegctbl     gif.o
    0x0800cad6   0x000000a2   Code   RO         5016    i.huffext           tjpgd.o
    0x0800cb78   0x00000124   Code   RO            7    i.is_change_mode    main.o
    0x0800cc9c   0x00000024   Code   RO         4948    i.is_element_ok     piclib.o
    0x0800ccc0   0x000000e6   Code   RO         5017    i.jd_decomp         tjpgd.o
    0x0800cda6   0x00000002   PAD
    0x0800cda8   0x000002c8   Code   RO         5018    i.jd_prepare        tjpgd.o
    0x0800d070   0x00000020   Code   RO         5019    i.jpeg_freeall      tjpgd.o
    0x0800d090   0x00000024   Code   RO         5020    i.jpeg_in_func      tjpgd.o
    0x0800d0b4   0x00000034   Code   RO         5021    i.jpeg_mallocall    tjpgd.o
    0x0800d0e8   0x0000003c   Code   RO         5022    i.jpeg_out_func_fill  tjpgd.o
    0x0800d124   0x000000a8   Code   RO         5023    i.jpeg_out_func_point  tjpgd.o
    0x0800d1cc   0x000000c4   Code   RO         5024    i.jpg_decode        tjpgd.o
    0x0800d290   0x00000012   Code   RO         4260    i.ld_clust          ff.o
    0x0800d2a2   0x00000002   PAD
    0x0800d2a4   0x00000844   Code   RO            8    i.main              main.o
    0x0800dae8   0x00000158   Code   RO         5025    i.mcu_load          tjpgd.o
    0x0800dc40   0x00000308   Code   RO         5026    i.mcu_output        tjpgd.o
    0x0800df48   0x00000010   Code   RO         4261    i.mem_cpy           ff.o
    0x0800df58   0x0000000e   Code   RO         4262    i.mem_set           ff.o
    0x0800df66   0x00000032   Code   RO         4263    i.move_window       ff.o
    0x0800df98   0x00000058   Code   RO         4746    i.my_mem_free       malloc.o
    0x0800dff0   0x0000003c   Code   RO         4747    i.my_mem_init       malloc.o
    0x0800e02c   0x0000008c   Code   RO         4748    i.my_mem_malloc     malloc.o
    0x0800e0b8   0x00000038   Code   RO         4749    i.my_mem_perused    malloc.o
    0x0800e0f0   0x00000018   Code   RO         4750    i.myfree            malloc.o
    0x0800e108   0x00000020   Code   RO         4751    i.mymalloc          malloc.o
    0x0800e128   0x0000000c   Code   RO         4753    i.mymemset          malloc.o
    0x0800e134   0x00000170   Code   RO            9    i.passwordIndex     main.o
    0x0800e2a4   0x00000054   Code   RO           11    i.person_check_mode  main.o
    0x0800e2f8   0x00000008   Code   RO         4949    i.pic_memalloc      piclib.o
    0x0800e300   0x00000008   Code   RO         4950    i.pic_memfree       piclib.o
    0x0800e308   0x0000002c   Code   RO         4952    i.piclib_draw_hline  piclib.o
    0x0800e334   0x00000018   Code   RO         4953    i.piclib_fill_color  piclib.o
    0x0800e34c   0x00000054   Code   RO         4954    i.piclib_init       piclib.o
    0x0800e3a0   0x000000f4   Code   RO         4264    i.put_fat           ff.o
    0x0800e494   0x00000154   Code   RO           12    i.py_get_keynum     main.o
    0x0800e5e8   0x00000004   Code   RO         4001    i.read_addr         usmart.o
    0x0800e5ec   0x00000062   Code   RO         4266    i.remove_chain      ff.o
    0x0800e64e   0x00000002   PAD
    0x0800e650   0x00000238   Code   RO           13    i.show_alert_photo  main.o
    0x0800e888   0x000001a4   Code   RO           14    i.show_picture      main.o
    0x0800ea2c   0x0000004c   Code   RO         5338    i.sqrt              m_ws.l(sqrt.o)
    0x0800ea78   0x00000010   Code   RO         4267    i.st_clust          ff.o
    0x0800ea88   0x00000204   Code   RO         4817    i.stdbmp_decode     bmp.o
    0x0800ec8c   0x0000001a   Code   RO         4268    i.sum_sfn           ff.o
    0x0800eca6   0x000000b0   Code   RO         4269    i.sync_fs           ff.o
    0x0800ed56   0x00000052   Code   RO         4270    i.sync_window       ff.o
    0x0800eda8   0x0000010c   Code   RO           15    i.touch_gui_enter   main.o
    0x0800eeb4   0x00000420   Code   RO           16    i.touch_gui_login   main.o
    0x0800f2d4   0x00000114   Code   RO           17    i.touch_gui_main    main.o
    0x0800f3e8   0x00000108   Code   RO           18    i.touch_gui_show    main.o
    0x0800f4f0   0x000000a0   Code   RO         1910    i.uart_init         usart.o
    0x0800f590   0x00000094   Code   RO         4002    i.usmart_cmd_rec    usmart.o
    0x0800f624   0x00000260   Code   RO         4003    i.usmart_exe        usmart.o
    0x0800f884   0x0000009c   Code   RO         4089    i.usmart_get_aparm  usmart_str.o
    0x0800f920   0x0000002e   Code   RO         4090    i.usmart_get_cmdname  usmart_str.o
    0x0800f94e   0x00000002   PAD
    0x0800f950   0x00000168   Code   RO         4091    i.usmart_get_fname  usmart_str.o
    0x0800fab8   0x000000d0   Code   RO         4092    i.usmart_get_fparam  usmart_str.o
    0x0800fb88   0x00000024   Code   RO         4093    i.usmart_get_parmpos  usmart_str.o
    0x0800fbac   0x00000038   Code   RO         4004    i.usmart_get_runtime  usmart.o
    0x0800fbe4   0x00000028   Code   RO         4005    i.usmart_init       usmart.o
    0x0800fc0c   0x00000010   Code   RO         4094    i.usmart_pow        usmart_str.o
    0x0800fc1c   0x00000030   Code   RO         4006    i.usmart_reset_runtime  usmart.o
    0x0800fc4c   0x000000a4   Code   RO         4007    i.usmart_scan       usmart.o
    0x0800fcf0   0x00000010   Code   RO         4095    i.usmart_search_nextc  usmart_str.o
    0x0800fd00   0x000000a0   Code   RO         4096    i.usmart_str2num    usmart_str.o
    0x0800fda0   0x00000018   Code   RO         4097    i.usmart_strcmp     usmart_str.o
    0x0800fdb8   0x00000012   Code   RO         4098    i.usmart_strcopy    usmart_str.o
    0x0800fdca   0x00000012   Code   RO         4099    i.usmart_strlen     usmart_str.o
    0x0800fddc   0x00000670   Code   RO         4008    i.usmart_sys_cmd_exe  usmart.o
    0x0801044c   0x00000026   Code   RO         4271    i.validate          ff.o
    0x08010472   0x00000004   Code   RO         4009    i.write_addr        usmart.o
    0x08010476   0x00000002   PAD
    0x08010478   0x000000c4   Code   RO           19    i.write_alert_photo  main.o
    0x0801053c   0x00000150   Code   RO         5273    x$fpl$dadd          fz_ws.l(daddsub_clz.o)
    0x0801068c   0x00000018   Code   RO         5365    x$fpl$dcmpinf       fz_ws.l(dcmpi.o)
    0x080106a4   0x000002b0   Code   RO         5280    x$fpl$ddiv          fz_ws.l(ddiv.o)
    0x08010954   0x0000005e   Code   RO         5283    x$fpl$dfix          fz_ws.l(dfix.o)
    0x080109b2   0x00000002   PAD
    0x080109b4   0x0000005a   Code   RO         5287    x$fpl$dfixu         fz_ws.l(dfixu.o)
    0x08010a0e   0x00000026   Code   RO         5291    x$fpl$dfltu         fz_ws.l(dflt_clz.o)
    0x08010a34   0x00000078   Code   RO         5297    x$fpl$dleqf         fz_ws.l(dleqf.o)
    0x08010aac   0x00000154   Code   RO         5299    x$fpl$dmul          fz_ws.l(dmul.o)
    0x08010c00   0x0000009c   Code   RO         5367    x$fpl$dnaninf       fz_ws.l(dnaninf.o)
    0x08010c9c   0x0000000c   Code   RO         5369    x$fpl$dretinf       fz_ws.l(dretinf.o)
    0x08010ca8   0x0000006c   Code   RO         5301    x$fpl$drleqf        fz_ws.l(drleqf.o)
    0x08010d14   0x00000016   Code   RO         5274    x$fpl$drsb          fz_ws.l(daddsub_clz.o)
    0x08010d2a   0x00000002   PAD
    0x08010d2c   0x000001cc   Code   RO         5371    x$fpl$dsqrt         fz_ws.l(dsqrt_noumaal.o)
    0x08010ef8   0x000001d4   Code   RO         5275    x$fpl$dsub          fz_ws.l(daddsub_clz.o)
    0x080110cc   0x00000056   Code   RO         5303    x$fpl$f2d           fz_ws.l(f2d.o)
    0x08011122   0x00000002   PAD
    0x08011124   0x000000c4   Code   RO         5305    x$fpl$fadd          fz_ws.l(faddsub_clz.o)
    0x080111e8   0x0000000c   Code   RO         5373    x$fpl$fcheck1       fz_ws.l(fcheck1.o)
    0x080111f4   0x00000018   Code   RO         5375    x$fpl$fcmpinf       fz_ws.l(fcmpi.o)
    0x0801120c   0x00000184   Code   RO         5312    x$fpl$fdiv          fz_ws.l(fdiv.o)
    0x08011390   0x00000036   Code   RO         5317    x$fpl$ffix          fz_ws.l(ffix.o)
    0x080113c6   0x00000002   PAD
    0x080113c8   0x0000003e   Code   RO         5321    x$fpl$ffixu         fz_ws.l(ffixu.o)
    0x08011406   0x00000002   PAD
    0x08011408   0x00000030   Code   RO         5326    x$fpl$fflt          fz_ws.l(fflt_clz.o)
    0x08011438   0x00000026   Code   RO         5325    x$fpl$ffltu         fz_ws.l(fflt_clz.o)
    0x0801145e   0x00000002   PAD
    0x08011460   0x00000068   Code   RO         5331    x$fpl$fleqf         fz_ws.l(fleqf.o)
    0x080114c8   0x00000102   Code   RO         5333    x$fpl$fmul          fz_ws.l(fmul.o)
    0x080115ca   0x0000008c   Code   RO         5377    x$fpl$fnaninf       fz_ws.l(fnaninf.o)
    0x08011656   0x0000000a   Code   RO         5379    x$fpl$fretinf       fz_ws.l(fretinf.o)
    0x08011660   0x000000ea   Code   RO         5307    x$fpl$fsub          fz_ws.l(faddsub_clz.o)
    0x0801174a   0x00000064   Code   RO         5412    x$fpl$retnan        fz_ws.l(retnan.o)
    0x080117ae   0x0000004c   Code   RO         5335    x$fpl$scalbnf       fz_ws.l(scalbnf.o)
    0x080117fa   0x00000030   Code   RO         5429    x$fpl$trapveneer    fz_ws.l(trapv.o)
    0x0801182a   0x00000000   Code   RO         5381    x$fpl$usenofp       fz_ws.l(usenofp.o)
    0x0801182a   0x000017c0   Data   RO          506    .constdata          lcd.o
    0x08012fea   0x00000082   Data   RO          946    .constdata          ov7725.o
    0x0801306c   0x0000000a   Data   RO         1210    .constdata          ft5206.o
    0x08013076   0x000000c2   Data   RO         1248    .constdata          gt9147.o
    0x08013138   0x0000000a   Data   RO         1291    .constdata          ott2001a.o
    0x08013142   0x00000002   PAD
    0x08013144   0x00000004   Data   RO         1339    .constdata          touch.o
    0x08013148   0x0000003a   Data   RO         4272    .constdata          ff.o
    0x08013182   0x00000002   PAD
    0x08013184   0x00000138   Data   RO         4546    .constdata          exfuns.o
    0x080132bc   0x000003c0   Data   RO         4729    .constdata          mycc936.o
    0x0801367c   0x00000018   Data   RO         4759    .constdata          malloc.o
    0x08013694   0x00000028   Data   RO         4855    .constdata          gif.o
    0x080136bc   0x000004c0   Data   RO         5027    .constdata          tjpgd.o
    0x08013b7c   0x00000028   Data   RO         5216    .constdata          c_w.l(_printf_hex_int.o)
    0x08013ba4   0x00000011   Data   RO         5251    .constdata          c_w.l(__printf_flags_ss_wp.o)
    0x08013bb5   0x00000003   PAD
    0x08013bb8   0x0000002e   Data   RO           22    .conststring        main.o
    0x08013be6   0x00000002   PAD
    0x08013be8   0x00000079   Data   RO         1340    .conststring        touch.o
    0x08013c61   0x00000003   PAD
    0x08013c64   0x00000028   Data   RO         4010    .conststring        usmart.o
    0x08013c8c   0x00000117   Data   RO         4075    .conststring        usmart_config.o
    0x08013da3   0x00000001   PAD
    0x08013da4   0x00000064   Data   RO         4547    .conststring        exfuns.o
    0x08013e08   0x00000020   Data   RO         5554    Region$$Table       anon$$obj.o


    Execution Region RW_IRAM1 (Base: 0x20000000, Size: 0x0000cd20, Max: 0x00010000, ABSOLUTE, COMPRESSED[0x000000d4])

    Base Addr    Size         Type   Attr      Idx    E Section Name        Object

    0x20000000   0x0000004c   Data   RW           24    .data               main.o
    0x2000004c   0x00000014   Data   RW          417    .data               system_stm32f10x.o
    0x20000060   0x00000001   Data   RW          457    .data               key.o
    0x20000061   0x00000001   PAD
    0x20000062   0x00000004   Data   RW          507    .data               lcd.o
    0x20000066   0x00000004   Data   RW          674    .data               tpad.o
    0x2000006a   0x00000001   Data   RW          727    .data               exti.o
    0x2000006b   0x00000001   PAD
    0x2000006c   0x00000004   Data   RW          780    .data               timer.o
    0x20000070   0x00000001   Data   RW         1211    .data               ft5206.o
    0x20000071   0x00000001   Data   RW         1249    .data               gt9147.o
    0x20000072   0x00000001   Data   RW         1292    .data               ott2001a.o
    0x20000073   0x00000001   PAD
    0x20000074   0x00000038   Data   RW         1341    .data               touch.o
    0x200000ac   0x00000002   Data   RW         1545    .data               w25qxx.o
    0x200000ae   0x00000002   PAD
    0x200000b0   0x00000010   Data   RW         1687    .data               sdio_sdcard.o
    0x200000c0   0x00000004   Data   RW         1855    .data               delay.o
    0x200000c4   0x00000002   Data   RW         1912    .data               usart.o
    0x200000c6   0x00000002   PAD
    0x200000c8   0x00000004   Data   RW         1913    .data               usart.o
    0x200000cc   0x00000014   Data   RW         2268    .data               stm32f10x_rcc.o
    0x200000e0   0x0000001c   Data   RW         4011    .data               usmart.o
    0x200000fc   0x00000040   Data   RW         4076    .data               usmart_config.o
    0x2000013c   0x000000f4   Data   RW         4077    .data               usmart_config.o
    0x20000230   0x00000002   Data   RW         4164    .data               diskio.o
    0x20000232   0x00000002   PAD
    0x20000234   0x0000000c   Data   RW         4273    .data               ff.o
    0x20000240   0x00000014   Data   RW         4548    .data               exfuns.o
    0x20000254   0x0000001c   Data   RW         4760    .data               malloc.o
    0x20000270   0x00000001   Data   RW         4856    .data               gif.o
    0x20000271   0x00000003   PAD
    0x20000274   0x0000000c   Data   RW         5028    .data               tjpgd.o
    0x20000280   0x00000044   Zero   RW           21    .bss                main.o
    0x200002c4   0x0000000e   Zero   RW          505    .bss                lcd.o
    0x200002d2   0x00000800   Zero   RW         1111    .bss                stmflash.o
    0x20000ad2   0x00001000   Zero   RW         1544    .bss                w25qxx.o
    0x20001ad2   0x00000006   PAD
    0x20001ad8   0x000002c0   Zero   RW         1686    .bss                sdio_sdcard.o
    0x20001d98   0x000000c8   Zero   RW         1911    .bss                usart.o
    0x20001e60   0x0000a000   Zero   RW         4757    .bss                malloc.o
    0x2000be60   0x00000a00   Zero   RW         4758    .bss                malloc.o
    0x2000c860   0x0000003c   Zero   RW         4955    .bss                piclib.o
    0x2000c89c   0x00000021   Zero   RW         5125    .bss                fontupd.o
    0x2000c8bd   0x00000003   PAD
    0x2000c8c0   0x00000060   Zero   RW         5415    .bss                c_w.l(libspace.o)
    0x2000c920   0x00000000   Zero   RW         1960    HEAP                startup_stm32f10x_hd.o
    0x2000c920   0x00000400   Zero   RW         1959    STACK               startup_stm32f10x_hd.o



  Load Region LR$$.ARM.__AT_0x68000000 (Base: 0x68000000, Size: 0x00000000, Max: 0x00025800, ABSOLUTE)

    Execution Region ER$$.ARM.__AT_0x68000000 (Base: 0x68000000, Size: 0x00025800, Max: 0x00025800, ABSOLUTE, UNINIT)

    Base Addr    Size         Type   Attr      Idx    E Section Name        Object

    0x68000000   0x00025800   Zero   RW           20    .ARM.__AT_0x68000000  main.o



  Load Region LR$$.ARM.__AT_0x680F0000 (Base: 0x680f0000, Size: 0x00000000, Max: 0x0000f000, ABSOLUTE)

    Execution Region ER$$.ARM.__AT_0x680F0000 (Base: 0x680f0000, Size: 0x0000f000, Max: 0x0000f000, ABSOLUTE, UNINIT)

    Base Addr    Size         Type   Attr      Idx    E Section Name        Object

    0x680f0000   0x0000f000   Zero   RW         4755    .ARM.__AT_0x680F0000  malloc.o



  Load Region LR$$.ARM.__AT_0x68700000 (Base: 0x68700000, Size: 0x00000000, Max: 0x000f0000, ABSOLUTE)

    Execution Region ER$$.ARM.__AT_0x68700000 (Base: 0x68700000, Size: 0x000f0000, Max: 0x000f0000, ABSOLUTE, UNINIT)

    Base Addr    Size         Type   Attr      Idx    E Section Name        Object

    0x68700000   0x000f0000   Zero   RW         4756    .ARM.__AT_0x68700000  malloc.o


==============================================================================

Image component sizes


      Code (inc. data)   RO Data    RW Data    ZI Data      Debug   Object Name

       198          0          0          0          0       2815   24cxx.o
       490         50          0          0          0       3475   adc.o
        52         14          0          0          0        412   beep.o
       516         10          0          0          0       1632   bmp.o
       684         98          0          0          0       4825   ctiic.o
       164         26          0          4          0       1535   delay.o
       332         14          0          2          0       5544   diskio.o
       258         12        412         20          0       2708   exfuns.o
       362         50          0          1          0       3195   exti.o
      5910         64         58         12          0      31953   ff.o
         0          0          0          0         33       1433   fontupd.o
       694         34         10          1          0       3345   ft5206.o
      2748         26         40          1          0      12197   gif.o
       934         70        194          1          0       4158   gt9147.o
       264         22          0          1          0       1170   key.o
     15192        204       6080          4         14      57728   lcd.o
        80         10          0          0          0        483   led.o
       102          6          0          0          0        997   lsens.o
      7224        962         46         76     153668     322866   main.o
       412         46         24         28    1088000       5312   malloc.o
       144         16          0          0          0       1857   misc.o
       148         14        960          0          0       1607   mycc936.o
       612         66          0          0          0       4038   myiic.o
       740         54         10          1          0       3803   ott2001a.o
       426         24          0          0          0       2780   ov7670.o
      1098         76        130          0          0       6817   ov7725.o
       548         48          0          0         60       5638   piclib.o
       682         66          0          0          0       4515   sccb.o
      5776        266          0         16        704      30458   sdio_sdcard.o
       252         16          0          0          0       1613   spi.o
       188         18          0          0          0        673   sram.o
        60         22        304          0       1024        772   startup_stm32f10x_hd.o
       392         28          0          0          0       8313   stm32f10x_adc.o
       308         10          0          0          0       3258   stm32f10x_dma.o
       156         14          0          0          0       1960   stm32f10x_exti.o
       226         30          0          0          0       4871   stm32f10x_flash.o
       232          6          0          0          0       1737   stm32f10x_fsmc.o
       306         12          0          0          0       4436   stm32f10x_gpio.o
        18          0          0          0          0       3478   stm32f10x_it.o
       264         46          0         20          0       5754   stm32f10x_rcc.o
       284         66          0          0          0       7546   stm32f10x_sdio.o
        98          0          0          0          0       3474   stm32f10x_spi.o
       886        106          0          0          0      11792   stm32f10x_tim.o
       310          6          0          0          0       4466   stm32f10x_usart.o
       254          6          0          0       2048       2697   stmflash.o
         8          0          0          0          0        817   sys.o
       248         24          0         20          0       1633   system_stm32f10x.o
       478         16          0          0          0       2659   text.o
       348         46          0          4          0       2470   timer.o
      3604        104       1216         12          0      17369   tjpgd.o
      2912        216        125         56          0       9339   touch.o
       544         58          0          4          0       4201   tpad.o
       286         26          0          6        200       3936   usart.o
      2876       1332         40         28          0       7030   usmart.o
         0          0        279        308          0       1612   usmart_config.o
      1058         20          0          0          0       7299   usmart_str.o
       710         58          0          2       4096       6135   w25qxx.o

    ----------------------------------------------------------------------
     64168       4634       9970        640    1249856     660636   Object Totals
         0          0         32          0          0          0   (incl. Generated)
        72          0         10         12          9          0   (incl. Padding)

    ----------------------------------------------------------------------

      Code (inc. data)   RO Data    RW Data    ZI Data      Debug   Library Member Name

        90          0          0          0          0          0   __dczerorl2.o
         8          0          0          0          0         68   __main.o
       392          4         17          0          0         92   __printf_flags_ss_wp.o
        14          0          0          0          0         68   __printf_wp.o
         0          0          0          0          0          0   __rtentry.o
        12          0          0          0          0          0   __rtentry2.o
         6          0          0          0          0          0   __rtentry4.o
        52          8          0          0          0          0   __scatter.o
        28          0          0          0          0          0   __scatter_zi.o
         6          0          0          0          0          0   _printf_c.o
        44          0          0          0          0        108   _printf_char.o
        48          6          0          0          0         96   _printf_char_common.o
        36          4          0          0          0         80   _printf_char_file.o
         6          0          0          0          0          0   _printf_d.o
       120         16          0          0          0         92   _printf_dec.o
        88          4         40          0          0         88   _printf_hex_int.o
       178          0          0          0          0         88   _printf_intcommon.o
        78          0          0          0          0        108   _printf_pad.o
         0          0          0          0          0          0   _printf_percent.o
         4          0          0          0          0          0   _printf_percent_end.o
         6          0          0          0          0          0   _printf_s.o
        82          0          0          0          0         80   _printf_str.o
         6          0          0          0          0          0   _printf_u.o
         6          0          0          0          0          0   _printf_x.o
        22          0          0          0          0        100   _rserrno.o
        10          0          0          0          0         68   _sputc.o
        12          0          0          0          0         72   exit.o
         8          0          0          0          0         68   ferror.o
         6          0          0          0          0        152   heapauxi.o
         2          0          0          0          0          0   libinit.o
         2          0          0          0          0          0   libinit2.o
         2          0          0          0          0          0   libshutdown.o
         2          0          0          0          0          0   libshutdown2.o
         8          4          0          0         96         68   libspace.o
        72          0          0          0          0         76   llsdiv.o
       238          0          0          0          0        100   lludivv7m.o
        24          4          0          0          0         84   noretval__2printf.o
        40          6          0          0          0         84   noretval__2sprintf.o
         8          4          0          0          0         68   rt_errno_addr_intlibspace.o
       138          0          0          0          0         68   rt_memcpy_v6.o
       100          0          0          0          0         80   rt_memcpy_w.o
         2          0          0          0          0          0   rtexit.o
        10          0          0          0          0          0   rtexit2.o
        24          0          0          0          0         68   strcat.o
       128          0          0          0          0         68   strcmpv7m.o
        72          0          0          0          0         80   strcpy.o
        74          0          0          0          0         80   sys_stackheap_outer.o
         2          0          0          0          0         68   use_no_semi.o
         2          0          0          0          0         68   use_no_semi_2.o
       826         16          0          0          0        348   daddsub_clz.o
        24          0          0          0          0         68   dcmpi.o
       688        140          0          0          0        208   ddiv.o
        94          4          0          0          0         92   dfix.o
        90          4          0          0          0         92   dfixu.o
        38          0          0          0          0         68   dflt_clz.o
       120          4          0          0          0         92   dleqf.o
       340         12          0          0          0        104   dmul.o
       156          4          0          0          0         92   dnaninf.o
        12          0          0          0          0         68   dretinf.o
       108          0          0          0          0         80   drleqf.o
       460         56          0          0          0        120   dsqrt_noumaal.o
        86          4          0          0          0         84   f2d.o
       430          8          0          0          0        168   faddsub_clz.o
        12          4          0          0          0         68   fcheck1.o
        24          0          0          0          0         68   fcmpi.o
       388         76          0          0          0         96   fdiv.o
        54          4          0          0          0         84   ffix.o
        62          4          0          0          0         84   ffixu.o
        86          0          0          0          0        136   fflt_clz.o
       104          4          0          0          0         84   fleqf.o
       258          4          0          0          0         84   fmul.o
       140          4          0          0          0         84   fnaninf.o
        10          0          0          0          0         68   fretinf.o
       100          0          0          0          0         68   retnan.o
        76          0          0          0          0         68   scalbnf.o
        48          0          0          0          0         68   trapv.o
         0          0          0          0          0          0   usenofp.o
        76          0          0          0          0         84   sqrt.o

    ----------------------------------------------------------------------
      7250        412         60          0         96       5316   Library Totals
        22          0          3          0          0          0   (incl. Padding)

    ----------------------------------------------------------------------

      Code (inc. data)   RO Data    RW Data    ZI Data      Debug   Library Name

      2318         60         57          0         96       2488   c_w.l
      4834        352          0          0          0       2744   fz_ws.l
        76          0          0          0          0         84   m_ws.l

    ----------------------------------------------------------------------
      7250        412         60          0         96       5316   Library Totals

    ----------------------------------------------------------------------

==============================================================================


      Code (inc. data)   RO Data    RW Data    ZI Data      Debug   

     71418       5046      10030        640    1249952     642236   Grand Totals
     71418       5046      10030        212    1249952     642236   ELF Image Totals (compressed)
     71418       5046      10030        212          0          0   ROM Totals

==============================================================================

    Total RO  Size (Code + RO Data)                81448 (  79.54kB)
    Total RW  Size (RW Data + ZI Data)           1250592 (1221.28kB)
    Total ROM Size (Code + RO Data + RW Data)      81660 (  79.75kB)

==============================================================================

